<html>
<body>
<pre>
<h1>µVision Build Log</h1>
<h2>Tool Versions:</h2>
IDE-Version: µVision V5.41.0.0
Copyright (C) 2024 ARM Ltd and ARM Germany GmbH. All rights reserved.
License Information: thomas demeulenaere vives brugge Flex license: error obtaining information 
Tool Versions:
Toolchain:       MDK-Lite  Version: 5.41.0.0
Toolchain Path:  C:\Users\Gebruiker\Documents\ARM\ARMCLANG\Bin
C Compiler:      ArmClang.exe V6.22
Assembler:       Armasm.exe V6.22
Linker/Locator:  ArmLink.exe V6.22
Library Manager: ArmAr.exe V6.22
Hex Converter:   FromElf.exe V6.22
CPU DLL:         
Dialog DLL:      
Target DLL:      STLink\ST-LINKIII-KEIL_SWO.dll V3.3.0.0
Dialog DLL:      TCM.DLL V1.56.4.0
 
<h2>Project:</h2>
C:\Users\Gebruiker\Documents\entertainment en game tech\Entertainment-technology\laatste_kans\MDK-ARM\opdracht1.uvprojx
Project File Date:  03/12/2026

<h2>Output:</h2>
*** Using Compiler 'V6.22', folder: 'C:\Users\Gebruiker\Documents\ARM\ARMCLANG\Bin'
Rebuild target 'opdracht1'
compiling stm32h5xx_nucleo.c...
compiling stm32h5xx_hal_cortex.c...
compiling stm32h5xx_hal_flash.c...
compiling stm32h5xx_hal_flash_ex.c...
compiling stm32h5xx_hal_rcc.c...
compiling stm32h5xx_hal_rcc_ex.c...
compiling stm32h5xx_hal.c...
compiling stm32h5xx_hal_exti.c...
compiling stm32h5xx_hal_spi.c...
compiling stm32h5xx_hal_spi_ex.c...
compiling stm32h5xx_hal_uart.c...
compiling stm32h5xx_hal_uart_ex.c...
compiling stm32h5xx_hal_pcd.c...
compiling stm32h5xx_hal_pcd_ex.c...
compiling stm32h5xx_it.c...
compiling stm32h5xx_hal_msp.c...
compiling stm32h5xx_hal_pwr.c...
compiling stm32h5xx_hal_gpio.c...
assembling startup_stm32h533xx.s...
compiling stm32h5xx_hal_pwr_ex.c...
../Core/Src/usb_descriptors.c(169): warning: label followed by a declaration is a C23 extension [-Wc23-extensions]
  169 |                         const char* serial_str = "123456789"; 
      |                         ^
1 warning generated.
compiling usb_descriptors.c...
compiling main.c...
compiling stm32h5xx_hal_dma.c...
compiling stm32h5xx_hal_usart.c...
compiling stm32h5xx_hal_usart_ex.c...
compiling system_stm32h5xx.c...
compiling tusb.c...
compiling stm32h5xx_hal_dma_ex.c...
compiling usbd_control.c...
compiling tusb_fifo.c...
compiling usbd.c...
compiling stm32h5xx_ll_usb.c...
compiling fsdev_common.c...
compiling midi_device.c...
compiling dcd_stm32_fsdev.c...
linking...
Program Size: Code=36336 RO-data=1320 RW-data=36 ZI-data=3756  
FromELF: creating hex file...
"opdracht1\opdracht1.axf" - 0 Error(s), 1 Warning(s).

<h2>Software Packages used:</h2>

Package Vendor: ARM
                https://www.keil.com/pack/ARM.CMSIS.6.1.0.pack
                ARM::CMSIS@6.1.0
                CMSIS (Common Microcontroller Software Interface Standard)
   * Component: CORE Version: 6.1.0

Package Vendor: Keil
                https://www.keil.com/pack/Keil.STM32H5xx_DFP.2.1.1.pack
                Keil::STM32H5xx_DFP@2.1.1
                STMicroelectronics STM32H5 Series Device Support

<h2>Collection of Component include folders:</h2>
  ./RTE/_opdracht1
  C:/Users/Gebruiker/Documents/ARM/CMSIS/6.1.0/CMSIS/Core/Include

<h2>Collection of Component Files used:</h2>

   * Component: ARM::CMSIS:CORE@6.1.0
      Include file:  CMSIS/Core/Include/tz_context.h
Build Time Elapsed:  00:00:09
</pre>
</body>
</html>
