Component: Arm Compiler for Embedded 6.22 Tool: armlink [5ee90200]

==============================================================================

Section Cross References

    startup_stm32h533xx.o(STACK) refers (Special) to heapauxi.o(.text) for __use_two_region_memory
    startup_stm32h533xx.o(HEAP) refers (Special) to heapauxi.o(.text) for __use_two_region_memory
    startup_stm32h533xx.o(RESET) refers (Special) to heapauxi.o(.text) for __use_two_region_memory
    startup_stm32h533xx.o(RESET) refers to startup_stm32h533xx.o(STACK) for __initial_sp
    startup_stm32h533xx.o(RESET) refers to startup_stm32h533xx.o(.text) for Reset_Handler
    startup_stm32h533xx.o(RESET) refers to stm32h5xx_it.o(.text.NMI_Handler) for NMI_Handler
    startup_stm32h533xx.o(RESET) refers to stm32h5xx_it.o(.text.HardFault_Handler) for HardFault_Handler
    startup_stm32h533xx.o(RESET) refers to stm32h5xx_it.o(.text.MemManage_Handler) for MemManage_Handler
    startup_stm32h533xx.o(RESET) refers to stm32h5xx_it.o(.text.BusFault_Handler) for BusFault_Handler
    startup_stm32h533xx.o(RESET) refers to stm32h5xx_it.o(.text.UsageFault_Handler) for UsageFault_Handler
    startup_stm32h533xx.o(RESET) refers to stm32h5xx_it.o(.text.SVC_Handler) for SVC_Handler
    startup_stm32h533xx.o(RESET) refers to stm32h5xx_it.o(.text.DebugMon_Handler) for DebugMon_Handler
    startup_stm32h533xx.o(RESET) refers to stm32h5xx_it.o(.text.PendSV_Handler) for PendSV_Handler
    startup_stm32h533xx.o(RESET) refers to stm32h5xx_it.o(.text.SysTick_Handler) for SysTick_Handler
    startup_stm32h533xx.o(RESET) refers to stm32h5xx_it.o(.text.EXTI13_IRQHandler) for EXTI13_IRQHandler
    startup_stm32h533xx.o(RESET) refers to stm32h5xx_it.o(.text.USB_DRD_FS_IRQHandler) for USB_DRD_FS_IRQHandler
    startup_stm32h533xx.o(.text) refers (Special) to heapauxi.o(.text) for __use_two_region_memory
    startup_stm32h533xx.o(.text) refers to system_stm32h5xx.o(.text.SystemInit) for SystemInit
    startup_stm32h533xx.o(.text) refers to __main.o(!!!main) for __main
    startup_stm32h533xx.o(.text) refers to startup_stm32h533xx.o(HEAP) for Heap_Mem
    startup_stm32h533xx.o(.text) refers to startup_stm32h533xx.o(STACK) for Stack_Mem
    usb_descriptors.o(.text.tud_descriptor_device_cb) refers to usb_descriptors.o(.rodata.desc_device) for desc_device
    usb_descriptors.o(.ARM.exidx.text.tud_descriptor_device_cb) refers to usb_descriptors.o(.text.tud_descriptor_device_cb) for [Anonymous Symbol]
    usb_descriptors.o(.text.tud_descriptor_configuration_cb) refers to usb_descriptors.o(.rodata.desc_fs_configuration) for desc_fs_configuration
    usb_descriptors.o(.ARM.exidx.text.tud_descriptor_configuration_cb) refers to usb_descriptors.o(.text.tud_descriptor_configuration_cb) for [Anonymous Symbol]
    usb_descriptors.o(.text.tud_descriptor_string_cb) refers to usb_descriptors.o(.rodata.str1.1) for .L.str
    usb_descriptors.o(.text.tud_descriptor_string_cb) refers to usb_descriptors.o(.bss._desc_str) for _desc_str
    usb_descriptors.o(.text.tud_descriptor_string_cb) refers to strlen.o(.text) for strlen
    usb_descriptors.o(.text.tud_descriptor_string_cb) refers to usb_descriptors.o(.rodata..compoundliteral) for [Anonymous Symbol]
    usb_descriptors.o(.ARM.exidx.text.tud_descriptor_string_cb) refers to usb_descriptors.o(.text.tud_descriptor_string_cb) for [Anonymous Symbol]
    main.o(.text) refers (Special) to _printf_percent.o(.ARM.Collect$$_printf_percent$$00000000) for _printf_percent
    main.o(.text) refers (Special) to _printf_pad.o(.text) for _printf_pre_padding
    main.o(.text) refers (Special) to _printf_x.o(.ARM.Collect$$_printf_percent$$0000000C) for _printf_x
    main.o(.text) refers (Special) to _printf_d.o(.ARM.Collect$$_printf_percent$$00000009) for _printf_d
    main.o(.text) refers (Special) to _printf_dec.o(.text) for _printf_int_dec
    main.o(.text) refers (Special) to _printf_hex_int.o(.text) for _printf_longlong_hex
    main.o(.text.tusb_time_millis_api) refers (Special) to _printf_percent.o(.ARM.Collect$$_printf_percent$$00000000) for _printf_percent
    main.o(.text.tusb_time_millis_api) refers (Special) to _printf_pad.o(.text) for _printf_pre_padding
    main.o(.text.tusb_time_millis_api) refers (Special) to _printf_x.o(.ARM.Collect$$_printf_percent$$0000000C) for _printf_x
    main.o(.text.tusb_time_millis_api) refers (Special) to _printf_d.o(.ARM.Collect$$_printf_percent$$00000009) for _printf_d
    main.o(.text.tusb_time_millis_api) refers (Special) to _printf_dec.o(.text) for _printf_int_dec
    main.o(.text.tusb_time_millis_api) refers (Special) to _printf_hex_int.o(.text) for _printf_longlong_hex
    main.o(.text.tusb_time_millis_api) refers to stm32h5xx_hal.o(.text.HAL_GetTick) for HAL_GetTick
    main.o(.ARM.exidx.text.tusb_time_millis_api) refers (Special) to _printf_percent.o(.ARM.Collect$$_printf_percent$$00000000) for _printf_percent
[...]
    _usbd_q                                  0x20000234   Data           4  usbd.o(.bss._usbd_q)
    [Anonymous Symbol]                       0x20000234   Section        0  usbd.o(.bss._usbd_q)
    _usbd_queued_setup                       0x200002f8   Data           1  usbd.o(.bss._usbd_queued_setup)
    [Anonymous Symbol]                       0x200002f8   Section        0  usbd.o(.bss._usbd_queued_setup)
    ep_alloc_status                          0x200002f9   Data          32  dcd_stm32_fsdev.o(.bss.ep_alloc_status)
    [Anonymous Symbol]                       0x200002f9   Section        0  dcd_stm32_fsdev.o(.bss.ep_alloc_status)
    ep_buf_ptr                               0x2000031a   Data           2  dcd_stm32_fsdev.o(.bss.ep_buf_ptr)
    [Anonymous Symbol]                       0x2000031a   Section        0  dcd_stm32_fsdev.o(.bss.ep_buf_ptr)
    remoteWakeCountdown                      0x200007c4   Data           1  dcd_stm32_fsdev.o(.bss.remoteWakeCountdown)
    [Anonymous Symbol]                       0x200007c4   Section        0  dcd_stm32_fsdev.o(.bss.remoteWakeCountdown)
    xfer_status                              0x200007cc   Data         256  dcd_stm32_fsdev.o(.bss.xfer_status)
    [Anonymous Symbol]                       0x200007cc   Section        0  dcd_stm32_fsdev.o(.bss.xfer_status)
    Heap_Mem                                 0x200008d0   Data         512  startup_stm32h533xx.o(HEAP)
    HEAP                                     0x200008d0   Section      512  startup_stm32h533xx.o(HEAP)
    Stack_Mem                                0x20000ad0   Data        1024  startup_stm32h533xx.o(STACK)
    STACK                                    0x20000ad0   Section     1024  startup_stm32h533xx.o(STACK)
    __initial_sp                             0x20000ed0   Data           0  startup_stm32h533xx.o(STACK)

    Global Symbols

    Symbol Name                              Value     Ov Type        Size  Object(Section)

    BuildAttributes$$THM_ISAv4$E$P$D$K$B$S$7EM$8M$VFPi5$EXTD16$VFPS$VFMA$PE$A:L22UL41UL21$X:L11$S22US41US21$IEEE1$IW$~IW$USESV6$~STKCKD$USESV7$~SHL$OTIME$ROPI$EBA8$UX$STANDARDLIB$REQ8$PRES8$EABIv2 0x00000000   Number         0  anon$$obj.o ABSOLUTE
    _printf_flags                            0x00000000   Number         0  printf_stubs.o ABSOLUTE
    _printf_return_value                     0x00000000   Number         0  printf_stubs.o ABSOLUTE
    _printf_sizespec                         0x00000000   Number         0  printf_stubs.o ABSOLUTE
    _printf_widthprec                        0x00000000   Number         0  printf_stubs.o ABSOLUTE
    __ARM_exceptions_init                     - Undefined Weak Reference
    __alloca_initialize                       - Undefined Weak Reference
    __arm_preinit_                            - Undefined Weak Reference
    __arm_relocate_pie_                       - Undefined Weak Reference
    __cpp_initialize__aeabi_                  - Undefined Weak Reference
    __cxa_finalize                            - Undefined Weak Reference
    __rt_locale                               - Undefined Weak Reference
    __sigvec_lookup                           - Undefined Weak Reference
    _atexit_init                              - Undefined Weak Reference
    _call_atexit_fns                          - Undefined Weak Reference
    _clock_init                               - Undefined Weak Reference
    _fp_trap_init                             - Undefined Weak Reference
    _fp_trap_shutdown                         - Undefined Weak Reference
    _get_lc_collate                           - Undefined Weak Reference
    _get_lc_ctype                             - Undefined Weak Reference
    _get_lc_monetary                          - Undefined Weak Reference
    _get_lc_numeric                           - Undefined Weak Reference
    _get_lc_time                              - Undefined Weak Reference
    _getenv_init                              - Undefined Weak Reference
    _handle_redirection                       - Undefined Weak Reference
    _init_alloc                               - Undefined Weak Reference
    _init_user_alloc                          - Undefined Weak Reference
    _initio                                   - Undefined Weak Reference
    _printf_truncate_signed                   - Undefined Weak Reference
    _printf_truncate_unsigned                 - Undefined Weak Reference
    _rand_init                                - Undefined Weak Reference
    _signal_finish                            - Undefined Weak Reference
    _signal_init                              - Undefined Weak Reference
    _terminate_alloc                          - Undefined Weak Reference
    _terminate_user_alloc                     - Undefined Weak Reference
    _terminateio                              - Undefined Weak Reference
    __Vectors_Size                           0x00000254   Number         0  startup_stm32h533xx.o ABSOLUTE
    __Vectors                                0x08000000   Data           4  startup_stm32h533xx.o(RESET)
    __Vectors_End                            0x08000254   Data           0  startup_stm32h533xx.o(RESET)
    __main                                   0x08000255   Thumb Code     8  __main.o(!!!main)
    __scatterload                            0x0800025d   Thumb Code     0  __scatter.o(!!!scatter)
    __scatterload_rt2                        0x0800025d   Thumb Code    84  __scatter.o(!!!scatter)
    __scatterload_rt2_thumb_only             0x0800025d   Thumb Code     0  __scatter.o(!!!scatter)
    __scatterload_loop                       0x08000267   Thumb Code     0  __scatter.o(!!!scatter)
    __scatterload_copy                       0x080002b9   Thumb Code    26  __scatter_copy.o(!!handler_copy)
    __scatterload_null                       0x080002d5   Thumb Code     2  __scatter.o(!!handler_null)
    __scatterload_zeroinit                   0x080002d9   Thumb Code    28  __scatter_zi.o(!!handler_zi)
    _printf_d                                0x080002f5   Thumb Code     0  _printf_d.o(.ARM.Collect$$_printf_percent$$00000009)
    _printf_percent                          0x080002f5   Thumb Code     0  _printf_percent.o(.ARM.Collect$$_printf_percent$$00000000)
    _printf_x                                0x080002fb   Thumb Code     0  _printf_x.o(.ARM.Collect$$_printf_percent$$0000000C)
    _printf_percent_end                      0x08000301   Thumb Code     0  _printf_percent_end.o(.ARM.Collect$$_printf_percent$$00000017)
    __rt_lib_init                            0x08000305   Thumb Code     0  libinit.o(.ARM.Collect$$libinit$$00000000)
    __rt_lib_init_fp_1                       0x08000307   Thumb Code     0  libinit2.o(.ARM.Collect$$libinit$$00000001)
    __rt_lib_init_alloca_1                   0x0800030b   Thumb Code     0  libinit2.o(.ARM.Collect$$libinit$$00000030)
    __rt_lib_init_argv_1                     0x0800030b   Thumb Code     0  libinit2.o(.ARM.Collect$$libinit$$0000002E)
    __rt_lib_init_atexit_1                   0x0800030b   Thumb Code     0  libinit2.o(.ARM.Collect$$libinit$$0000001D)
    __rt_lib_init_clock_1                    0x0800030b   Thumb Code     0  libinit2.o(.ARM.Collect$$libinit$$00000023)
    __rt_lib_init_cpp_1                      0x0800030b   Thumb Code     0  libinit2.o(.ARM.Collect$$libinit$$00000034)
    __rt_lib_init_exceptions_1               0x0800030b   Thumb Code     0  libinit2.o(.ARM.Collect$$libinit$$00000032)
    __rt_lib_init_fp_trap_1                  0x0800030b   Thumb Code     0  libinit2.o(.ARM.Collect$$libinit$$00000021)
    __rt_lib_init_getenv_1                   0x0800030b   Thumb Code     0  libinit2.o(.ARM.Collect$$libinit$$00000025)
    __rt_lib_init_heap_1                     0x0800030b   Thumb Code     0  libinit2.o(.ARM.Collect$$libinit$$0000000C)
    __rt_lib_init_lc_collate_1               0x0800030b   Thumb Code     0  libinit2.o(.ARM.Collect$$libinit$$00000013)
    __rt_lib_init_lc_ctype_1                 0x0800030b   Thumb Code     0  libinit2.o(.ARM.Collect$$libinit$$00000015)
    __rt_lib_init_lc_monetary_1              0x0800030b   Thumb Code     0  libinit2.o(.ARM.Collect$$libinit$$00000017)
    __rt_lib_init_lc_numeric_1               0x0800030b   Thumb Code     0  libinit2.o(.ARM.Collect$$libinit$$00000019)
    __rt_lib_init_lc_time_1                  0x0800030b   Thumb Code     0  libinit2.o(.ARM.Collect$$libinit$$0000001B)
    __rt_lib_init_preinit_1                  0x0800030b   Thumb Code     0  libinit2.o(.ARM.Collect$$libinit$$00000006)
    __rt_lib_init_rand_1                     0x0800030b   Thumb Code     0  libinit2.o(.ARM.Collect$$libinit$$00000010)
    __rt_lib_init_relocate_pie_1             0x0800030b   Thumb Code     0  libinit2.o(.ARM.Collect$$libinit$$00000004)
    __rt_lib_init_return                     0x0800030b   Thumb Code     0  libinit2.o(.ARM.Collect$$libinit$$00000035)
    __rt_lib_init_signal_1                   0x0800030b   Thumb Code     0  libinit2.o(.ARM.Collect$$libinit$$0000001F)
    __rt_lib_init_stdio_1                    0x0800030b   Thumb Code     0  libinit2.o(.ARM.Collect$$libinit$$00000027)
    __rt_lib_init_user_alloc_1               0x0800030b   Thumb Code     0  libinit2.o(.ARM.Collect$$libinit$$0000000E)
    __rt_lib_shutdown                        0x0800030d   Thumb Code     0  libshutdown.o(.ARM.Collect$$libshutdown$$00000000)
    __rt_lib_shutdown_cpp_1                  0x0800030f   Thumb Code     0  libshutdown2.o(.ARM.Collect$$libshutdown$$00000002)
    __rt_lib_shutdown_fp_trap_1              0x0800030f   Thumb Code     0  libshutdown2.o(.ARM.Collect$$libshutdown$$00000007)
    __rt_lib_shutdown_heap_1                 0x0800030f   Thumb Code     0  libshutdown2.o(.ARM.Collect$$libshutdown$$0000000F)
    __rt_lib_shutdown_return                 0x0800030f   Thumb Code     0  libshutdown2.o(.ARM.Collect$$libshutdown$$00000010)
    __rt_lib_shutdown_signal_1               0x0800030f   Thumb Code     0  libshutdown2.o(.ARM.Collect$$libshutdown$$0000000A)
    __rt_lib_shutdown_stdio_1                0x0800030f   Thumb Code     0  libshutdown2.o(.ARM.Collect$$libshutdown$$00000004)
    __rt_lib_shutdown_user_alloc_1           0x0800030f   Thumb Code     0  libshutdown2.o(.ARM.Collect$$libshutdown$$0000000C)
    __rt_entry                               0x08000311   Thumb Code     0  __rtentry.o(.ARM.Collect$$rtentry$$00000000)
    __rt_entry_presh_1                       0x08000311   Thumb Code     0  __rtentry2.o(.ARM.Collect$$rtentry$$00000002)
    __rt_entry_sh                            0x08000311   Thumb Code     0  __rtentry4.o(.ARM.Collect$$rtentry$$00000004)
    __rt_entry_li                            0x08000317   Thumb Code     0  __rtentry2.o(.ARM.Collect$$rtentry$$0000000A)
    __rt_entry_postsh_1                      0x08000317   Thumb Code     0  __rtentry2.o(.ARM.Collect$$rtentry$$00000009)
    __rt_entry_main                          0x0800031b   Thumb Code     0  __rtentry2.o(.ARM.Collect$$rtentry$$0000000D)
    __rt_entry_postli_1                      0x0800031b   Thumb Code     0  __rtentry2.o(.ARM.Collect$$rtentry$$0000000C)
    __rt_exit                                0x08000323   Thumb Code     0  rtexit.o(.ARM.Collect$$rtexit$$00000000)
    __rt_exit_ls                             0x08000325   Thumb Code     0  rtexit2.o(.ARM.Collect$$rtexit$$00000003)
    __rt_exit_prels_1                        0x08000325   Thumb Code     0  rtexit2.o(.ARM.Collect$$rtexit$$00000002)
    __rt_exit_exit                           0x08000329   Thumb Code     0  rtexit2.o(.ARM.Collect$$rtexit$$00000004)
    Reset_Handler                            0x08000331   Thumb Code     8  startup_stm32h533xx.o(.text)
    SecureFault_Handler                      0x08000343   Thumb Code     2  startup_stm32h533xx.o(.text)
    ADC1_IRQHandler                          0x0800034d   Thumb Code     0  startup_stm32h533xx.o(.text)
    ADC2_IRQHandler                          0x0800034d   Thumb Code     0  startup_stm32h533xx.o(.text)
    AES_IRQHandler                           0x0800034d   Thumb Code     0  startup_stm32h533xx.o(.text)
    CEC_IRQHandler                           0x0800034d   Thumb Code     0  startup_stm32h533xx.o(.text)
    CRS_IRQHandler                           0x0800034d   Thumb Code     0  startup_stm32h533xx.o(.text)
    DAC1_IRQHandler                          0x0800034d   Thumb Code     0  startup_stm32h533xx.o(.text)
    DCACHE1_IRQHandler                       0x0800034d   Thumb Code     0  startup_stm32h533xx.o(.text)
    DCMI_PSSI_IRQHandler                     0x0800034d   Thumb Code     0  startup_stm32h533xx.o(.text)
    DTS_IRQHandler                           0x0800034d   Thumb Code     0  startup_stm32h533xx.o(.text)
    EXTI0_IRQHandler                         0x0800034d   Thumb Code     0  startup_stm32h533xx.o(.text)
    EXTI10_IRQHandler                        0x0800034d   Thumb Code     0  startup_stm32h533xx.o(.text)
    EXTI11_IRQHandler                        0x0800034d   Thumb Code     0  startup_stm32h533xx.o(.text)
    EXTI12_IRQHandler                        0x0800034d   Thumb Code     0  startup_stm32h533xx.o(.text)
    EXTI14_IRQHandler                        0x0800034d   Thumb Code     0  startup_stm32h533xx.o(.text)
    EXTI15_IRQHandler                        0x0800034d   Thumb Code     0  startup_stm32h533xx.o(.text)
    EXTI1_IRQHandler                         0x0800034d   Thumb Code     0  startup_stm32h533xx.o(.text)
    EXTI2_IRQHandler                         0x0800034d   Thumb Code     0  startup_stm32h533xx.o(.text)
    EXTI3_IRQHandler                         0x0800034d   Thumb Code     0  startup_stm32h533xx.o(.text)
    EXTI4_IRQHandler                         0x0800034d   Thumb Code     0  startup_stm32h533xx.o(.text)
    EXTI5_IRQHandler                         0x0800034d   Thumb Code     0  startup_stm32h533xx.o(.text)
    EXTI6_IRQHandler                         0x0800034d   Thumb Code     0  startup_stm32h533xx.o(.text)
    EXTI7_IRQHandler                         0x0800034d   Thumb Code     0  startup_stm32h533xx.o(.text)
    EXTI8_IRQHandler                         0x0800034d   Thumb Code     0  startup_stm32h533xx.o(.text)
    EXTI9_IRQHandler                         0x0800034d   Thumb Code     0  startup_stm32h533xx.o(.text)
    FDCAN1_IT0_IRQHandler                    0x0800034d   Thumb Code     0  startup_stm32h533xx.o(.text)
    FDCAN1_IT1_IRQHandler                    0x0800034d   Thumb Code     0  startup_stm32h533xx.o(.text)
    FDCAN2_IT0_IRQHandler                    0x0800034d   Thumb Code     0  startup_stm32h533xx.o(.text)
    FDCAN2_IT1_IRQHandler                    0x0800034d   Thumb Code     0  startup_stm32h533xx.o(.text)
    FLASH_IRQHandler                         0x0800034d   Thumb Code     0  startup_stm32h533xx.o(.text)
    FLASH_S_IRQHandler                       0x0800034d   Thumb Code     0  startup_stm32h533xx.o(.text)
    FMC_IRQHandler                           0x0800034d   Thumb Code     0  startup_stm32h533xx.o(.text)
    FPU_IRQHandler                           0x0800034d   Thumb Code     0  startup_stm32h533xx.o(.text)
    GPDMA1_Channel0_IRQHandler               0x0800034d   Thumb Code     0  startup_stm32h533xx.o(.text)
    GPDMA1_Channel1_IRQHandler               0x0800034d   Thumb Code     0  startup_stm32h533xx.o(.text)
    GPDMA1_Channel2_IRQHandler               0x0800034d   Thumb Code     0  startup_stm32h533xx.o(.text)
    GPDMA1_Channel3_IRQHandler               0x0800034d   Thumb Code     0  startup_stm32h533xx.o(.text)
    GPDMA1_Channel4_IRQHandler               0x0800034d   Thumb Code     0  startup_stm32h533xx.o(.text)
    GPDMA1_Channel5_IRQHandler               0x0800034d   Thumb Code     0  startup_stm32h533xx.o(.text)
    GPDMA1_Channel6_IRQHandler               0x0800034d   Thumb Code     0  startup_stm32h533xx.o(.text)
    GPDMA1_Channel7_IRQHandler               0x0800034d   Thumb Code     0  startup_stm32h533xx.o(.text)
    GPDMA2_Channel0_IRQHandler               0x0800034d   Thumb Code     0  startup_stm32h533xx.o(.text)
    GPDMA2_Channel1_IRQHandler               0x0800034d   Thumb Code     0  startup_stm32h533xx.o(.text)
    GPDMA2_Channel2_IRQHandler               0x0800034d   Thumb Code     0  startup_stm32h533xx.o(.text)
    GPDMA2_Channel3_IRQHandler               0x0800034d   Thumb Code     0  startup_stm32h533xx.o(.text)
    GPDMA2_Channel4_IRQHandler               0x0800034d   Thumb Code     0  startup_stm32h533xx.o(.text)
    GPDMA2_Channel5_IRQHandler               0x0800034d   Thumb Code     0  startup_stm32h533xx.o(.text)
    GPDMA2_Channel6_IRQHandler               0x0800034d   Thumb Code     0  startup_stm32h533xx.o(.text)
    GPDMA2_Channel7_IRQHandler               0x0800034d   Thumb Code     0  startup_stm32h533xx.o(.text)
    GTZC_IRQHandler                          0x0800034d   Thumb Code     0  startup_stm32h533xx.o(.text)
    HASH_IRQHandler                          0x0800034d   Thumb Code     0  startup_stm32h533xx.o(.text)
    I2C1_ER_IRQHandler                       0x0800034d   Thumb Code     0  startup_stm32h533xx.o(.text)
    I2C1_EV_IRQHandler                       0x0800034d   Thumb Code     0  startup_stm32h533xx.o(.text)
    I2C2_ER_IRQHandler                       0x0800034d   Thumb Code     0  startup_stm32h533xx.o(.text)
    I2C2_EV_IRQHandler                       0x0800034d   Thumb Code     0  startup_stm32h533xx.o(.text)
    I2C3_ER_IRQHandler                       0x0800034d   Thumb Code     0  startup_stm32h533xx.o(.text)
    I2C3_EV_IRQHandler                       0x0800034d   Thumb Code     0  startup_stm32h533xx.o(.text)
    I3C1_ER_IRQHandler                       0x0800034d   Thumb Code     0  startup_stm32h533xx.o(.text)
    I3C1_EV_IRQHandler                       0x0800034d   Thumb Code     0  startup_stm32h533xx.o(.text)
    I3C2_ER_IRQHandler                       0x0800034d   Thumb Code     0  startup_stm32h533xx.o(.text)
    I3C2_EV_IRQHandler                       0x0800034d   Thumb Code     0  startup_stm32h533xx.o(.text)
    ICACHE_IRQHandler                        0x0800034d   Thumb Code     0  startup_stm32h533xx.o(.text)
    IWDG_IRQHandler                          0x0800034d   Thumb Code     0  startup_stm32h533xx.o(.text)
    LPTIM1_IRQHandler                        0x0800034d   Thumb Code     0  startup_stm32h533xx.o(.text)
    LPTIM2_IRQHandler                        0x0800034d   Thumb Code     0  startup_stm32h533xx.o(.text)
    LPUART1_IRQHandler                       0x0800034d   Thumb Code     0  startup_stm32h533xx.o(.text)
    OCTOSPI1_IRQHandler                      0x0800034d   Thumb Code     0  startup_stm32h533xx.o(.text)
    OTFDEC1_IRQHandler                       0x0800034d   Thumb Code     0  startup_stm32h533xx.o(.text)
    PKA_IRQHandler                           0x0800034d   Thumb Code     0  startup_stm32h533xx.o(.text)
    PVD_AVD_IRQHandler                       0x0800034d   Thumb Code     0  startup_stm32h533xx.o(.text)
    RAMCFG_IRQHandler                        0x0800034d   Thumb Code     0  startup_stm32h533xx.o(.text)
    RCC_IRQHandler                           0x0800034d   Thumb Code     0  startup_stm32h533xx.o(.text)
    RCC_S_IRQHandler                         0x0800034d   Thumb Code     0  startup_stm32h533xx.o(.text)
    RNG_IRQHandler                           0x0800034d   Thumb Code     0  startup_stm32h533xx.o(.text)
    RTC_IRQHandler                           0x0800034d   Thumb Code     0  startup_stm32h533xx.o(.text)
    RTC_S_IRQHandler                         0x0800034d   Thumb Code     0  startup_stm32h533xx.o(.text)
    SAES_IRQHandler                          0x0800034d   Thumb Code     0  startup_stm32h533xx.o(.text)
    SDMMC1_IRQHandler                        0x0800034d   Thumb Code     0  startup_stm32h533xx.o(.text)
    SPI1_IRQHandler                          0x0800034d   Thumb Code     0  startup_stm32h533xx.o(.text)
    SPI2_IRQHandler                          0x0800034d   Thumb Code     0  startup_stm32h533xx.o(.text)
    SPI3_IRQHandler                          0x0800034d   Thumb Code     0  startup_stm32h533xx.o(.text)
    SPI4_IRQHandler                          0x0800034d   Thumb Code     0  startup_stm32h533xx.o(.text)
    TAMP_IRQHandler                          0x0800034d   Thumb Code     0  startup_stm32h533xx.o(.text)
    TIM12_IRQHandler                         0x0800034d   Thumb Code     0  startup_stm32h533xx.o(.text)
    TIM15_IRQHandler                         0x0800034d   Thumb Code     0  startup_stm32h533xx.o(.text)
    TIM1_BRK_IRQHandler                      0x0800034d   Thumb Code     0  startup_stm32h533xx.o(.text)
    TIM1_CC_IRQHandler                       0x0800034d   Thumb Code     0  startup_stm32h533xx.o(.text)
    TIM1_TRG_COM_IRQHandler                  0x0800034d   Thumb Code     0  startup_stm32h533xx.o(.text)
    TIM1_UP_IRQHandler                       0x0800034d   Thumb Code     0  startup_stm32h533xx.o(.text)
    TIM2_IRQHandler                          0x0800034d   Thumb Code     0  startup_stm32h533xx.o(.text)
    TIM3_IRQHandler                          0x0800034d   Thumb Code     0  startup_stm32h533xx.o(.text)
    TIM4_IRQHandler                          0x0800034d   Thumb Code     0  startup_stm32h533xx.o(.text)
    TIM5_IRQHandler                          0x0800034d   Thumb Code     0  startup_stm32h533xx.o(.text)
    TIM6_IRQHandler                          0x0800034d   Thumb Code     0  startup_stm32h533xx.o(.text)
    TIM7_IRQHandler                          0x0800034d   Thumb Code     0  startup_stm32h533xx.o(.text)
    TIM8_BRK_IRQHandler                      0x0800034d   Thumb Code     0  startup_stm32h533xx.o(.text)
    TIM8_CC_IRQHandler                       0x0800034d   Thumb Code     0  startup_stm32h533xx.o(.text)
    TIM8_TRG_COM_IRQHandler                  0x0800034d   Thumb Code     0  startup_stm32h533xx.o(.text)
    TIM8_UP_IRQHandler                       0x0800034d   Thumb Code     0  startup_stm32h533xx.o(.text)
    UART4_IRQHandler                         0x0800034d   Thumb Code     0  startup_stm32h533xx.o(.text)
    UART5_IRQHandler                         0x0800034d   Thumb Code     0  startup_stm32h533xx.o(.text)
    UCPD1_IRQHandler                         0x0800034d   Thumb Code     0  startup_stm32h533xx.o(.text)
    USART1_IRQHandler                        0x0800034d   Thumb Code     0  startup_stm32h533xx.o(.text)
    USART2_IRQHandler                        0x0800034d   Thumb Code     0  startup_stm32h533xx.o(.text)
    USART3_IRQHandler                        0x0800034d   Thumb Code     0  startup_stm32h533xx.o(.text)
    USART6_IRQHandler                        0x0800034d   Thumb Code     0  startup_stm32h533xx.o(.text)
    WWDG_IRQHandler                          0x0800034d   Thumb Code     0  startup_stm32h533xx.o(.text)
    __user_initial_stackheap                 0x08000351   Thumb Code    10  startup_stm32h533xx.o(.text)
    __aeabi_uldivmod                         0x08000375   Thumb Code     0  lludivv7m.o(.text)
    _ll_udiv                                 0x08000375   Thumb Code   240  lludivv7m.o(.text)
    __2snprintf                              0x08000465   Thumb Code    58  noretval__2snprintf.o(.text)
    _printf_pre_padding                      0x080004a5   Thumb Code    44  _printf_pad.o(.text)
    _printf_post_padding                     0x080004d1   Thumb Code    34  _printf_pad.o(.text)
    _printf_int_dec                          0x080004f5   Thumb Code   104  _printf_dec.o(.text)
    _printf_int_hex                          0x0800056d   Thumb Code    84  _printf_hex_int.o(.text)
    _printf_longlong_hex                     0x0800056d   Thumb Code     0  _printf_hex_int.o(.text)
    __printf                                 0x080005c5   Thumb Code   308  __printf_flags_wp.o(.text)
    strlen                                   0x080006fd   Thumb Code    62  strlen.o(.text)
    __aeabi_memcpy                           0x0800073b   Thumb Code     0  rt_memcpy_v6.o(.text)
    __rt_memcpy                              0x0800073b   Thumb Code   138  rt_memcpy_v6.o(.text)
    _memcpy_lastbytes                        0x080007a1   Thumb Code     0  rt_memcpy_v6.o(.text)
    __aeabi_memclr                           0x080007c5   Thumb Code     0  rt_memclr.o(.text)
    __rt_memclr                              0x080007c5   Thumb Code     0  rt_memclr.o(.text)
    _memset                                  0x080007c9   Thumb Code    64  rt_memclr.o(.text)
    __aeabi_memclr4                          0x08000809   Thumb Code     0  rt_memclr_w.o(.text)
    __aeabi_memclr8                          0x08000809   Thumb Code     0  rt_memclr_w.o(.text)
    __rt_memclr_w                            0x08000809   Thumb Code     0  rt_memclr_w.o(.text)
    _memset_w                                0x0800080d   Thumb Code    74  rt_memclr_w.o(.text)
    __use_two_region_memory                  0x08000857   Thumb Code     2  heapauxi.o(.text)
    __rt_heap_escrow$2region                 0x08000859   Thumb Code     2  heapauxi.o(.text)
    __rt_heap_expand$2region                 0x0800085b   Thumb Code     2  heapauxi.o(.text)
    _printf_int_common                       0x0800085d   Thumb Code   178  _printf_intcommon.o(.text)
    _printf_char_common                      0x0800091b   Thumb Code    32  _printf_char_common.o(.text)
    _snputc                                  0x08000941   Thumb Code    16  _snputc.o(.text)
    __aeabi_memcpy4                          0x08000951   Thumb Code     0  rt_memcpy_w.o(.text)
    __aeabi_memcpy8                          0x08000951   Thumb Code     0  rt_memcpy_w.o(.text)
    __rt_memcpy_w                            0x08000951   Thumb Code   100  rt_memcpy_w.o(.text)
    _memcpy_lastbytes_aligned                0x08000999   Thumb Code     0  rt_memcpy_w.o(.text)
    __user_setup_stackheap                   0x080009b5   Thumb Code    74  sys_stackheap_outer.o(.text)
    exit                                     0x080009ff   Thumb Code    18  exit.o(.text)
    __user_libspace                          0x08000a11   Thumb Code     8  libspace.o(.text)
    __user_perproc_libspace                  0x08000a11   Thumb Code     0  libspace.o(.text)
    __user_perthread_libspace                0x08000a11   Thumb Code     0  libspace.o(.text)
    _sys_exit                                0x08000a19   Thumb Code     8  sys_exit.o(.text)
    __I$use$semihosting                      0x08000a25   Thumb Code     0  use_no_semi.o(.text)
    __use_no_semihosting_swi                 0x08000a25   Thumb Code     2  use_no_semi.o(.text)
    __semihosting_library_function           0x08000a27   Thumb Code     0  indicate_semi.o(.text)
    BSP_COM_Init                             0x08000a29   Thumb Code   164  stm32h5xx_nucleo.o(.text.BSP_COM_Init)
    BSP_LED_Init                             0x08000acd   Thumb Code    84  stm32h5xx_nucleo.o(.text.BSP_LED_Init)
    BSP_PB_Callback                          0x08000b21   Thumb Code     2  stm32h5xx_nucleo.o(.text.BSP_PB_Callback)
    BSP_PB_IRQHandler                        0x08000b25   Thumb Code    20  stm32h5xx_nucleo.o(.text.BSP_PB_IRQHandler)
    BSP_PB_Init                              0x08000b39   Thumb Code   148  stm32h5xx_nucleo.o(.text.BSP_PB_Init)
    BusFault_Handler                         0x08000bd5   Thumb Code     2  stm32h5xx_it.o(.text.BusFault_Handler)
    DebugMon_Handler                         0x08000bd9   Thumb Code     2  stm32h5xx_it.o(.text.DebugMon_Handler)
    EXTI13_IRQHandler                        0x08000bdd   Thumb Code     6  stm32h5xx_it.o(.text.EXTI13_IRQHandler)
    Error_Handler                            0x08000be5   Thumb Code     6  main.o(.text.Error_Handler)
    HAL_Delay                                0x08000bed   Thumb Code    40  stm32h5xx_hal.o(.text.HAL_Delay)
    HAL_EXTI_GetHandle                       0x08000c15   Thumb Code    12  stm32h5xx_hal_exti.o(.text.HAL_EXTI_GetHandle)
    HAL_EXTI_IRQHandler                      0x08000c21   Thumb Code    82  stm32h5xx_hal_exti.o(.text.HAL_EXTI_IRQHandler)
    HAL_EXTI_RegisterCallback                0x08000c75   Thumb Code    30  stm32h5xx_hal_exti.o(.text.HAL_EXTI_RegisterCallback)
    HAL_GPIO_Init                            0x08000c95   Thumb Code   400  stm32h5xx_hal_gpio.o(.text.HAL_GPIO_Init)
    HAL_GPIO_WritePin                        0x08000e25   Thumb Code    12  stm32h5xx_hal_gpio.o(.text.HAL_GPIO_WritePin)
    HAL_GetTick                              0x08000e31   Thumb Code    12  stm32h5xx_hal.o(.text.HAL_GetTick)
    HAL_IncTick                              0x08000e3d   Thumb Code    26  stm32h5xx_hal.o(.text.HAL_IncTick)
    HAL_Init                                 0x08000e59   Thumb Code    76  stm32h5xx_hal.o(.text.HAL_Init)
    HAL_InitTick                             0x08000ea5   Thumb Code   140  stm32h5xx_hal.o(.text.HAL_InitTick)
    HAL_MspInit                              0x08000f31   Thumb Code     2  stm32h5xx_hal_msp.o(.text.HAL_MspInit)
    HAL_NVIC_EnableIRQ                       0x08000f35   Thumb Code    34  stm32h5xx_hal_cortex.o(.text.HAL_NVIC_EnableIRQ)
    HAL_NVIC_SetPriority                     0x08000f59   Thumb Code    86  stm32h5xx_hal_cortex.o(.text.HAL_NVIC_SetPriority)
    HAL_NVIC_SetPriorityGrouping             0x08000fb1   Thumb Code    32  stm32h5xx_hal_cortex.o(.text.HAL_NVIC_SetPriorityGrouping)
    HAL_PCDEx_ActivateLPM                    0x08000fd1   Thumb Code    34  stm32h5xx_hal_pcd_ex.o(.text.HAL_PCDEx_ActivateLPM)
    HAL_PCDEx_LPM_Callback                   0x08000ff5   Thumb Code     2  stm32h5xx_hal_pcd_ex.o(.text.HAL_PCDEx_LPM_Callback)
    HAL_PCD_DataInStageCallback              0x08000ff9   Thumb Code     2  stm32h5xx_hal_msp.o(.text.HAL_PCD_DataInStageCallback)
    HAL_PCD_DataOutStageCallback             0x08000ffd   Thumb Code     2  stm32h5xx_hal_msp.o(.text.HAL_PCD_DataOutStageCallback)
    HAL_PCD_DevConnect                       0x08001001   Thumb Code    38  stm32h5xx_hal_pcd.o(.text.HAL_PCD_DevConnect)
    HAL_PCD_IRQHandler                       0x08001029   Thumb Code  2442  stm32h5xx_hal_pcd.o(.text.HAL_PCD_IRQHandler)
    HAL_PCD_Init                             0x080019b5   Thumb Code   224  stm32h5xx_hal_pcd.o(.text.HAL_PCD_Init)
    HAL_PCD_MspInit                          0x08001a95   Thumb Code   108  stm32h5xx_hal_msp.o(.text.HAL_PCD_MspInit)
    HAL_PCD_ResetCallback                    0x08001b01   Thumb Code     2  stm32h5xx_hal_pcd.o(.text.HAL_PCD_ResetCallback)
    HAL_PCD_ResumeCallback                   0x08001b05   Thumb Code     2  stm32h5xx_hal_pcd.o(.text.HAL_PCD_ResumeCallback)
    HAL_PCD_SOFCallback                      0x08001b09   Thumb Code     2  stm32h5xx_hal_pcd.o(.text.HAL_PCD_SOFCallback)
    HAL_PCD_SetupStageCallback               0x08001b0d   Thumb Code     2  stm32h5xx_hal_msp.o(.text.HAL_PCD_SetupStageCallback)
    HAL_PCD_SuspendCallback                  0x08001b11   Thumb Code     2  stm32h5xx_hal_pcd.o(.text.HAL_PCD_SuspendCallback)
    HAL_PWREx_EnableVddUSB                   0x08001b15   Thumb Code    18  stm32h5xx_hal_pwr_ex.o(.text.HAL_PWREx_EnableVddUSB)
    HAL_RCCEx_GetPLL1ClockFreq               0x08001b29   Thumb Code   392  stm32h5xx_hal_rcc_ex.o(.text.HAL_RCCEx_GetPLL1ClockFreq)
    HAL_RCCEx_GetPLL2ClockFreq               0x08001cbd   Thumb Code   392  stm32h5xx_hal_rcc_ex.o(.text.HAL_RCCEx_GetPLL2ClockFreq)
    HAL_RCCEx_GetPLL3ClockFreq               0x08001e51   Thumb Code   392  stm32h5xx_hal_rcc_ex.o(.text.HAL_RCCEx_GetPLL3ClockFreq)
    HAL_RCCEx_GetPeriphCLKFreq               0x08001fe5   Thumb Code  2628  stm32h5xx_hal_rcc_ex.o(.text.HAL_RCCEx_GetPeriphCLKFreq)
    HAL_RCCEx_PeriphCLKConfig                0x08002a29   Thumb Code  2384  stm32h5xx_hal_rcc_ex.o(.text.HAL_RCCEx_PeriphCLKConfig)
    HAL_RCC_ClockConfig                      0x08003379   Thumb Code   602  stm32h5xx_hal_rcc.o(.text.HAL_RCC_ClockConfig)
    HAL_RCC_GetHCLKFreq                      0x080035d5   Thumb Code    48  stm32h5xx_hal_rcc.o(.text.HAL_RCC_GetHCLKFreq)
    HAL_RCC_GetPCLK1Freq                     0x08003605   Thumb Code    70  stm32h5xx_hal_rcc.o(.text.HAL_RCC_GetPCLK1Freq)
    HAL_RCC_GetPCLK2Freq                     0x0800364d   Thumb Code    70  stm32h5xx_hal_rcc.o(.text.HAL_RCC_GetPCLK2Freq)
    HAL_RCC_GetPCLK3Freq                     0x08003695   Thumb Code    70  stm32h5xx_hal_rcc.o(.text.HAL_RCC_GetPCLK3Freq)
    HAL_RCC_GetSysClockFreq                  0x080036dd   Thumb Code   280  stm32h5xx_hal_rcc.o(.text.HAL_RCC_GetSysClockFreq)
    HAL_RCC_OscConfig                        0x08003805   Thumb Code  1540  stm32h5xx_hal_rcc.o(.text.HAL_RCC_OscConfig)
    HAL_SPI_Init                             0x08003e09   Thumb Code   466  stm32h5xx_hal_spi.o(.text.HAL_SPI_Init)
    HAL_SPI_MspInit                          0x08003fdd   Thumb Code   214  stm32h5xx_hal_msp.o(.text.HAL_SPI_MspInit)
    HAL_SPI_Transmit                         0x080040b5   Thumb Code   676  stm32h5xx_hal_spi.o(.text.HAL_SPI_Transmit)
    HAL_SPI_TransmitReceive                  0x08004359   Thumb Code  1118  stm32h5xx_hal_spi.o(.text.HAL_SPI_TransmitReceive)
    HAL_SYSTICK_CLKSourceConfig              0x080047b9   Thumb Code   114  stm32h5xx_hal_cortex.o(.text.HAL_SYSTICK_CLKSourceConfig)
    HAL_SYSTICK_Config                       0x0800482d   Thumb Code    36  stm32h5xx_hal_cortex.o(.text.HAL_SYSTICK_Config)
    HAL_SYSTICK_GetCLKSourceConfig           0x08004851   Thumb Code    48  stm32h5xx_hal_cortex.o(.text.HAL_SYSTICK_GetCLKSourceConfig)
    HAL_UARTEx_DisableFifoMode               0x08004881   Thumb Code    54  stm32h5xx_hal_uart_ex.o(.text.HAL_UARTEx_DisableFifoMode)
    HAL_UARTEx_SetRxFifoThreshold            0x080048b9   Thumb Code   146  stm32h5xx_hal_uart_ex.o(.text.HAL_UARTEx_SetRxFifoThreshold)
    HAL_UARTEx_SetTxFifoThreshold            0x0800494d   Thumb Code   146  stm32h5xx_hal_uart_ex.o(.text.HAL_UARTEx_SetTxFifoThreshold)
    HAL_UART_Init                            0x080049e1   Thumb Code   100  stm32h5xx_hal_uart.o(.text.HAL_UART_Init)
    HAL_UART_MspInit                         0x08004a45   Thumb Code   148  stm32h5xx_hal_msp.o(.text.HAL_UART_MspInit)
    HAL_UART_Transmit                        0x08004ad9   Thumb Code   276  stm32h5xx_hal_uart.o(.text.HAL_UART_Transmit)
    HardFault_Handler                        0x08004bed   Thumb Code     2  stm32h5xx_it.o(.text.HardFault_Handler)
    MX_USART_Init                            0x08004bf1   Thumb Code    52  stm32h5xx_nucleo.o(.text.MX_USART_Init)
    MemManage_Handler                        0x08004c25   Thumb Code     2  stm32h5xx_it.o(.text.MemManage_Handler)
    NMI_Handler                              0x08004c29   Thumb Code     2  stm32h5xx_it.o(.text.NMI_Handler)
    PendSV_Handler                           0x08004c2d   Thumb Code     2  stm32h5xx_it.o(.text.PendSV_Handler)
    SVC_Handler                              0x08004ecd   Thumb Code     2  stm32h5xx_it.o(.text.SVC_Handler)
    SysTick_Handler                          0x08004ed1   Thumb Code     4  stm32h5xx_it.o(.text.SysTick_Handler)
    SystemClock_Config                       0x08004ed5   Thumb Code   178  main.o(.text.SystemClock_Config)
    SystemInit                               0x08004f89   Thumb Code   174  system_stm32h5xx.o(.text.SystemInit)
    UART_AdvFeatureConfig                    0x08005039   Thumb Code   230  stm32h5xx_hal_uart.o(.text.UART_AdvFeatureConfig)
    UART_CheckIdleState                      0x08005121   Thumb Code   190  stm32h5xx_hal_uart.o(.text.UART_CheckIdleState)
    UART_SetConfig                           0x080051e1   Thumb Code   516  stm32h5xx_hal_uart.o(.text.UART_SetConfig)
    UART_WaitOnFlagUntilTimeout              0x080053e5   Thumb Code   318  stm32h5xx_hal_uart.o(.text.UART_WaitOnFlagUntilTimeout)
    USB_CoreInit                             0x08005525   Thumb Code    32  stm32h5xx_ll_usb.o(.text.USB_CoreInit)
    USB_DRD_FS_IRQHandler                    0x08005545   Thumb Code    24  stm32h5xx_it.o(.text.USB_DRD_FS_IRQHandler)
    USB_DevConnect                           0x0800555d   Thumb Code    14  stm32h5xx_ll_usb.o(.text.USB_DevConnect)
    USB_DevDisconnect                        0x0800556d   Thumb Code    14  stm32h5xx_ll_usb.o(.text.USB_DevDisconnect)
    USB_DevInit                              0x0800557d   Thumb Code    30  stm32h5xx_ll_usb.o(.text.USB_DevInit)
    USB_DisableGlobalInt                     0x0800559d   Thumb Code    18  stm32h5xx_ll_usb.o(.text.USB_DisableGlobalInt)
    USB_EPStartXfer                          0x080055b1   Thumb Code  1194  stm32h5xx_ll_usb.o(.text.USB_EPStartXfer)
    USB_ReadInterrupts                       0x08005a5d   Thumb Code     4  stm32h5xx_ll_usb.o(.text.USB_ReadInterrupts)
    USB_ReadPMA                              0x08005a61   Thumb Code    96  stm32h5xx_ll_usb.o(.text.USB_ReadPMA)
    USB_SetCurrentMode                       0x08005ac1   Thumb Code    32  stm32h5xx_ll_usb.o(.text.USB_SetCurrentMode)
    USB_SetDevAddress                        0x08005ae1   Thumb Code    12  stm32h5xx_ll_usb.o(.text.USB_SetDevAddress)
    USB_WritePMA                             0x08005aed   Thumb Code   100  stm32h5xx_ll_usb.o(.text.USB_WritePMA)
    UsageFault_Handler                       0x08005b51   Thumb Code     2  stm32h5xx_it.o(.text.UsageFault_Handler)
    btable_set_rx_bufsize                    0x08005b55   Thumb Code    82  fsdev_common.o(.text.btable_set_rx_bufsize)
    dcd_edpt0_status_complete                0x08005c79   Thumb Code    40  dcd_stm32_fsdev.o(.text.dcd_edpt0_status_complete)
    dcd_edpt_clear_stall                     0x08005ca1   Thumb Code   150  dcd_stm32_fsdev.o(.text.dcd_edpt_clear_stall)
    dcd_edpt_close_all                       0x08005d39   Thumb Code   102  dcd_stm32_fsdev.o(.text.dcd_edpt_close_all)
    dcd_edpt_open                            0x08005da1   Thumb Code   476  dcd_stm32_fsdev.o(.text.dcd_edpt_open)
    dcd_edpt_stall                           0x08005f7d   Thumb Code   124  dcd_stm32_fsdev.o(.text.dcd_edpt_stall)
    dcd_edpt_xfer                            0x08005ff9   Thumb Code    52  dcd_stm32_fsdev.o(.text.dcd_edpt_xfer)
    dcd_edpt_xfer_fifo                       0x0800602d   Thumb Code    52  dcd_stm32_fsdev.o(.text.dcd_edpt_xfer_fifo)
    dcd_event_handler                        0x08006061   Thumb Code   698  usbd.o(.text.dcd_event_handler)
    dcd_init                                 0x0800631d   Thumb Code    42  dcd_stm32_fsdev.o(.text.dcd_init)
    dcd_int_disable                          0x08006349   Thumb Code    24  dcd_stm32_fsdev.o(.text.dcd_int_disable)
    dcd_int_enable                           0x08006361   Thumb Code    24  dcd_stm32_fsdev.o(.text.dcd_int_enable)
    dcd_int_handler                          0x08006379   Thumb Code   850  dcd_stm32_fsdev.o(.text.dcd_int_handler)
    dcd_set_address                          0x080066cd   Thumb Code    24  dcd_stm32_fsdev.o(.text.dcd_set_address)
    dcd_sof_enable                           0x080066e5   Thumb Code    22  dcd_stm32_fsdev.o(.text.dcd_sof_enable)
    fsdev_core_reset                         0x08006861   Thumb Code    78  fsdev_common.o(.text.fsdev_core_reset)
    main                                     0x08006a6d   Thumb Code  1612  main.o(.text.main)
    midid_control_xfer_cb                    0x08007139   Thumb Code     4  midi_device.o(.text.midid_control_xfer_cb)
    midid_deinit                             0x0800713d   Thumb Code     4  midi_device.o(.text.midid_deinit)
    midid_init                               0x08007141   Thumb Code    76  midi_device.o(.text.midid_init)
    midid_open                               0x0800718d   Thumb Code   426  midi_device.o(.text.midid_open)
    midid_reset                              0x08007339   Thumb Code    44  midi_device.o(.text.midid_reset)
    midid_xfer_cb                            0x08007365   Thumb Code   190  midi_device.o(.text.midid_xfer_cb)
    pma_align_buffer_size                    0x08007425   Thumb Code    46  fsdev_common.o(.text.pma_align_buffer_size)
    tu_bind_driver_to_ep_itf                 0x080076e5   Thumb Code   134  tusb.o(.text.tu_bind_driver_to_ep_itf)
    tu_edpt_claim                            0x0800776d   Thumb Code    54  tusb.o(.text.tu_edpt_claim)
    tu_edpt_release                          0x080077a5   Thumb Code    30  tusb.o(.text.tu_edpt_release)
    tu_edpt_stream_init                      0x080077c5   Thumb Code    66  tusb.o(.text.tu_edpt_stream_init)
    tu_edpt_stream_read_xfer                 0x08007809   Thumb Code   204  tusb.o(.text.tu_edpt_stream_read_xfer)
    tu_edpt_stream_write                     0x080078d5   Thumb Code    68  tusb.o(.text.tu_edpt_stream_write)
    tu_edpt_stream_write_available           0x08007919   Thumb Code    24  tusb.o(.text.tu_edpt_stream_write_available)
    tu_edpt_stream_write_xfer                0x08007931   Thumb Code   182  tusb.o(.text.tu_edpt_stream_write_xfer)
    tu_edpt_stream_write_zlp_if_needed       0x080079e9   Thumb Code   126  tusb.o(.text.tu_edpt_stream_write_zlp_if_needed)
    tu_fifo_clear                            0x08007a69   Thumb Code     8  tusb_fifo.o(.text.tu_fifo_clear)
    tu_fifo_config                           0x08007a71   Thumb Code    30  tusb_fifo.o(.text.tu_fifo_config)
    tu_fifo_peek_n_access_mode               0x08007a91   Thumb Code   480  tusb_fifo.o(.text.tu_fifo_peek_n_access_mode)
    tu_fifo_read_n_access_mode               0x08007c71   Thumb Code    58  tusb_fifo.o(.text.tu_fifo_read_n_access_mode)
    tu_fifo_write_n_access_mode              0x08007cad   Thumb Code   672  tusb_fifo.o(.text.tu_fifo_write_n_access_mode)
    tu_hwfifo_read                           0x08007f4d   Thumb Code    68  tusb_fifo.o(.text.tu_hwfifo_read)
    tu_hwfifo_write                          0x08007f91   Thumb Code    70  tusb_fifo.o(.text.tu_hwfifo_write)
    tud_control_status                       0x08007fd9   Thumb Code    54  usbd_control.o(.text.tud_control_status)
    tud_control_xfer                         0x08008011   Thumb Code   222  usbd_control.o(.text.tud_control_xfer)
    tud_descriptor_bos_cb                    0x080080f1   Thumb Code     4  usbd.o(.text.tud_descriptor_bos_cb)
    tud_descriptor_configuration_cb          0x080080f5   Thumb Code    10  usb_descriptors.o(.text.tud_descriptor_configuration_cb)
    tud_descriptor_device_cb                 0x08008101   Thumb Code    10  usb_descriptors.o(.text.tud_descriptor_device_cb)
    tud_descriptor_device_qualifier_cb       0x0800810d   Thumb Code     4  usbd.o(.text.tud_descriptor_device_qualifier_cb)
    tud_descriptor_other_speed_configuration_cb 0x08008111   Thumb Code     4  usbd.o(.text.tud_descriptor_other_speed_configuration_cb)
    tud_descriptor_string_cb                 0x08008115   Thumb Code   152  usb_descriptors.o(.text.tud_descriptor_string_cb)
    tud_event_hook_cb                        0x080081bd   Thumb Code     2  usbd.o(.text.tud_event_hook_cb)
    tud_midi_n_stream_write                  0x080081c1   Thumb Code   416  midi_device.o(.text.tud_midi_n_stream_write)
    tud_midi_rx_cb                           0x08008361   Thumb Code     2  midi_device.o(.text.tud_midi_rx_cb)
    tud_mount_cb                             0x08008365   Thumb Code     2  usbd.o(.text.tud_mount_cb)
    tud_mounted                              0x08008369   Thumb Code    18  usbd.o(.text.tud_mounted)
    tud_resume_cb                            0x0800837d   Thumb Code     2  usbd.o(.text.tud_resume_cb)
    tud_rhport_init                          0x08008381   Thumb Code   332  usbd.o(.text.tud_rhport_init)
    tud_sof_cb                               0x080084cd   Thumb Code     2  usbd.o(.text.tud_sof_cb)
    tud_suspend_cb                           0x080084d1   Thumb Code     2  usbd.o(.text.tud_suspend_cb)
    tud_task_ext                             0x080084d5   Thumb Code  1826  usbd.o(.text.tud_task_ext)
    tud_umount_cb                            0x08008bf9   Thumb Code     2  usbd.o(.text.tud_umount_cb)
    tud_vendor_control_xfer_cb               0x08008bfd   Thumb Code     4  usbd.o(.text.tud_vendor_control_xfer_cb)
    tusb_rhport_init                         0x08008c01   Thumb Code   134  tusb.o(.text.tusb_rhport_init)
    usbd_app_driver_get_cb                   0x08008c89   Thumb Code    10  usbd.o(.text.usbd_app_driver_get_cb)
    usbd_control_reset                       0x08008c95   Thumb Code    22  usbd_control.o(.text.usbd_control_reset)
    usbd_control_set_complete_callback       0x08008cad   Thumb Code    12  usbd_control.o(.text.usbd_control_set_complete_callback)
    usbd_control_set_request                 0x08008cb9   Thumb Code    24  usbd_control.o(.text.usbd_control_set_request)
    usbd_control_xfer_cb                     0x08008cd1   Thumb Code   332  usbd_control.o(.text.usbd_control_xfer_cb)
    usbd_edpt_claim                          0x08008e1d   Thumb Code    28  usbd.o(.text.usbd_edpt_claim)
    usbd_edpt_clear_stall                    0x08008e39   Thumb Code    64  usbd.o(.text.usbd_edpt_clear_stall)
    usbd_edpt_open                           0x08008e79   Thumb Code    40  usbd.o(.text.usbd_edpt_open)
    usbd_edpt_release                        0x08008ea1   Thumb Code    28  usbd.o(.text.usbd_edpt_release)
    usbd_edpt_stall                          0x08008ebd   Thumb Code    64  usbd.o(.text.usbd_edpt_stall)
    usbd_edpt_xfer                           0x08008efd   Thumb Code   132  usbd.o(.text.usbd_edpt_xfer)
    usbd_edpt_xfer_fifo                      0x08008f81   Thumb Code   132  usbd.o(.text.usbd_edpt_xfer_fifo)
    usbd_int_set                             0x08009005   Thumb Code    24  usbd.o(.text.usbd_int_set)
    _is_digit                                0x0800901d   Thumb Code    14  __printf_wp.o(i._is_digit)
    _fp_init                                 0x0800902b   Thumb Code    26  fpinit.o(x$fpl$fpinit)
    __fplib_config_fpu_vfp                   0x08009043   Thumb Code     0  fpinit.o(x$fpl$fpinit)
    __fplib_config_pureend_doubles           0x08009043   Thumb Code     0  fpinit.o(x$fpl$fpinit)
    AHBPrescTable                            0x0800907f   Data          16  system_stm32h5xx.o(.rodata.AHBPrescTable)
    APBPrescTable                            0x0800908f   Data           8  system_stm32h5xx.o(.rodata.APBPrescTable)
    UARTPrescTable                           0x08009098   Data          24  stm32h5xx_hal_uart.o(.rodata.UARTPrescTable)
    Region$$Table$$Base                      0x080092f8   Number         0  anon$$obj.o(Region$$Table)
    Region$$Table$$Limit                     0x08009318   Number         0  anon$$obj.o(Region$$Table)
    COM_USART                                0x20000000   Data           4  stm32h5xx_nucleo.o(.data.COM_USART)
    SystemCoreClock                          0x20000004   Data           4  system_stm32h5xx.o(.data.SystemCoreClock)
    _usbd_qdef                               0x20000008   Data          20  usbd.o(.data._usbd_qdef)
    uwTickFreq                               0x2000001d   Data           1  stm32h5xx_hal.o(.data.uwTickFreq)
    uwTickPrio                               0x20000020   Data           4  stm32h5xx_hal.o(.data.uwTickPrio)
    __libspace_start                         0x20000028   Data          96  libspace.o(.bss)
    BspCOMInit                               0x20000088   Data          16  main.o(.bss.BspCOMInit)
    __temporary_stack_top$libspace           0x20000088   Data           0  libspace.o(.bss)
    _tusb_rhport_role                        0x200001f8   Data           2  tusb.o(.bss._tusb_rhport_role)
    _usbd_qdef_buf                           0x20000238   Data         192  usbd.o(.bss._usbd_qdef_buf)
    hcom_uart                                0x2000031c   Data         148  stm32h5xx_nucleo.o(.bss.hcom_uart)
    hpb_exti                                 0x200003b0   Data          12  stm32h5xx_nucleo.o(.bss.hpb_exti)
    hpcd_USB_DRD_FS                          0x200003bc   Data         740  main.o(.bss.hpcd_USB_DRD_FS)
    hspi3                                    0x200006a0   Data         144  main.o(.bss.hspi3)
    huart1                                   0x20000730   Data         148  main.o(.bss.huart1)
    uwTick                                   0x200007c8   Data           4  stm32h5xx_hal.o(.bss.uwTick)



==============================================================================

Memory Map of the image

  Image Entry point : 0x08000255

  Load Region LR_IROM1 (Base: 0x08000000, Size: 0x00009340, Max: 0x00080000, ABSOLUTE)

    Execution Region ER_IROM1 (Exec base: 0x08000000, Load base: 0x08000000, Size: 0x00009318, Max: 0x00080000, ABSOLUTE)

    Exec Addr    Load Addr    Size         Type   Attr      Idx    E Section Name        Object

    0x08000000   0x08000000   0x00000254   Data   RO            3    RESET               startup_stm32h533xx.o
    0x08000254   0x08000254   0x00000008   Code   RO         1771  * !!!main             c_w.l(__main.o)
    0x0800025c   0x0800025c   0x0000005c   Code   RO         1957    !!!scatter          c_w.l(__scatter.o)
    0x080002b8   0x080002b8   0x0000001a   Code   RO         1961    !!handler_copy      c_w.l(__scatter_copy.o)
    0x080002d2   0x080002d2   0x00000002   PAD
    0x080002d4   0x080002d4   0x00000002   Code   RO         1958    !!handler_null      c_w.l(__scatter.o)
    0x080002d6   0x080002d6   0x00000002   PAD
    0x080002d8   0x080002d8   0x0000001c   Code   RO         1963    !!handler_zi        c_w.l(__scatter_zi.o)
    0x080002f4   0x080002f4   0x00000000   Code   RO         1760    .ARM.Collect$$_printf_percent$$00000000  c_w.l(_printf_percent.o)
    0x080002f4   0x080002f4   0x00000006   Code   RO         1759    .ARM.Collect$$_printf_percent$$00000009  c_w.l(_printf_d.o)
    0x080002fa   0x080002fa   0x00000006   Code   RO         1758    .ARM.Collect$$_printf_percent$$0000000C  c_w.l(_printf_x.o)
    0x08000300   0x08000300   0x00000004   Code   RO         1784    .ARM.Collect$$_printf_percent$$00000017  c_w.l(_printf_percent_end.o)
    0x08000304   0x08000304   0x00000002   Code   RO         1819    .ARM.Collect$$libinit$$00000000  c_w.l(libinit.o)
    0x08000306   0x08000306   0x00000004   Code   RO         1831    .ARM.Collect$$libinit$$00000001  c_w.l(libinit2.o)
    0x0800030a   0x0800030a   0x00000000   Code   RO         1834    .ARM.Collect$$libinit$$00000004  c_w.l(libinit2.o)
    0x0800030a   0x0800030a   0x00000000   Code   RO         1836    .ARM.Collect$$libinit$$00000006  c_w.l(libinit2.o)
    0x0800030a   0x0800030a   0x00000000   Code   RO         1839    .ARM.Collect$$libinit$$0000000C  c_w.l(libinit2.o)
    0x0800030a   0x0800030a   0x00000000   Code   RO         1841    .ARM.Collect$$libinit$$0000000E  c_w.l(libinit2.o)
    0x0800030a   0x0800030a   0x00000000   Code   RO         1843    .ARM.Collect$$libinit$$00000010  c_w.l(libinit2.o)
    0x0800030a   0x0800030a   0x00000000   Code   RO         1846    .ARM.Collect$$libinit$$00000013  c_w.l(libinit2.o)
    0x0800030a   0x0800030a   0x00000000   Code   RO         1848    .ARM.Collect$$libinit$$00000015  c_w.l(libinit2.o)
    0x0800030a   0x0800030a   0x00000000   Code   RO         1850    .ARM.Collect$$libinit$$00000017  c_w.l(libinit2.o)
    0x0800030a   0x0800030a   0x00000000   Code   RO         1852    .ARM.Collect$$libinit$$00000019  c_w.l(libinit2.o)
    0x0800030a   0x0800030a   0x00000000   Code   RO         1854    .ARM.Collect$$libinit$$0000001B  c_w.l(libinit2.o)
    0x0800030a   0x0800030a   0x00000000   Code   RO         1856    .ARM.Collect$$libinit$$0000001D  c_w.l(libinit2.o)
    0x0800030a   0x0800030a   0x00000000   Code   RO         1858    .ARM.Collect$$libinit$$0000001F  c_w.l(libinit2.o)
    0x0800030a   0x0800030a   0x00000000   Code   RO         1860    .ARM.Collect$$libinit$$00000021  c_w.l(libinit2.o)
    0x0800030a   0x0800030a   0x00000000   Code   RO         1862    .ARM.Collect$$libinit$$00000023  c_w.l(libinit2.o)
    0x0800030a   0x0800030a   0x00000000   Code   RO         1864    .ARM.Collect$$libinit$$00000025  c_w.l(libinit2.o)
    0x0800030a   0x0800030a   0x00000000   Code   RO         1866    .ARM.Collect$$libinit$$00000027  c_w.l(libinit2.o)
    0x0800030a   0x0800030a   0x00000000   Code   RO         1870    .ARM.Collect$$libinit$$0000002E  c_w.l(libinit2.o)
    0x0800030a   0x0800030a   0x00000000   Code   RO         1872    .ARM.Collect$$libinit$$00000030  c_w.l(libinit2.o)
    0x0800030a   0x0800030a   0x00000000   Code   RO         1874    .ARM.Collect$$libinit$$00000032  c_w.l(libinit2.o)
    0x0800030a   0x0800030a   0x00000000   Code   RO         1876    .ARM.Collect$$libinit$$00000034  c_w.l(libinit2.o)
    0x0800030a   0x0800030a   0x00000002   Code   RO         1877    .ARM.Collect$$libinit$$00000035  c_w.l(libinit2.o)
    0x0800030c   0x0800030c   0x00000002   Code   RO         1912    .ARM.Collect$$libshutdown$$00000000  c_w.l(libshutdown.o)
    0x0800030e   0x0800030e   0x00000000   Code   RO         1940    .ARM.Collect$$libshutdown$$00000002  c_w.l(libshutdown2.o)
    0x0800030e   0x0800030e   0x00000000   Code   RO         1942    .ARM.Collect$$libshutdown$$00000004  c_w.l(libshutdown2.o)
    0x0800030e   0x0800030e   0x00000000   Code   RO         1945    .ARM.Collect$$libshutdown$$00000007  c_w.l(libshutdown2.o)
    0x0800030e   0x0800030e   0x00000000   Code   RO         1948    .ARM.Collect$$libshutdown$$0000000A  c_w.l(libshutdown2.o)
    0x0800030e   0x0800030e   0x00000000   Code   RO         1950    .ARM.Collect$$libshutdown$$0000000C  c_w.l(libshutdown2.o)
    0x0800030e   0x0800030e   0x00000000   Code   RO         1953    .ARM.Collect$$libshutdown$$0000000F  c_w.l(libshutdown2.o)
    0x0800030e   0x0800030e   0x00000002   Code   RO         1954    .ARM.Collect$$libshutdown$$00000010  c_w.l(libshutdown2.o)
    0x08000310   0x08000310   0x00000000   Code   RO         1773    .ARM.Collect$$rtentry$$00000000  c_w.l(__rtentry.o)
    0x08000310   0x08000310   0x00000000   Code   RO         1788    .ARM.Collect$$rtentry$$00000002  c_w.l(__rtentry2.o)
    0x08000310   0x08000310   0x00000006   Code   RO         1800    .ARM.Collect$$rtentry$$00000004  c_w.l(__rtentry4.o)
    0x08000316   0x08000316   0x00000000   Code   RO         1790    .ARM.Collect$$rtentry$$00000009  c_w.l(__rtentry2.o)
    0x08000316   0x08000316   0x00000004   Code   RO         1791    .ARM.Collect$$rtentry$$0000000A  c_w.l(__rtentry2.o)
    0x0800031a   0x0800031a   0x00000000   Code   RO         1793    .ARM.Collect$$rtentry$$0000000C  c_w.l(__rtentry2.o)
    0x0800031a   0x0800031a   0x00000008   Code   RO         1794    .ARM.Collect$$rtentry$$0000000D  c_w.l(__rtentry2.o)
    0x08000322   0x08000322   0x00000002   Code   RO         1823    .ARM.Collect$$rtexit$$00000000  c_w.l(rtexit.o)
    0x08000324   0x08000324   0x00000000   Code   RO         1883    .ARM.Collect$$rtexit$$00000002  c_w.l(rtexit2.o)
    0x08000324   0x08000324   0x00000004   Code   RO         1884    .ARM.Collect$$rtexit$$00000003  c_w.l(rtexit2.o)
    0x08000328   0x08000328   0x00000006   Code   RO         1885    .ARM.Collect$$rtexit$$00000004  c_w.l(rtexit2.o)
    0x0800032e   0x0800032e   0x00000002   PAD
    0x08000330   0x08000330   0x00000044   Code   RO            4    .text               startup_stm32h533xx.o
    0x08000374   0x08000374   0x000000f0   Code   RO         1705    .text               c_w.l(lludivv7m.o)
    0x08000464   0x08000464   0x00000040   Code   RO         1709    .text               c_w.l(noretval__2snprintf.o)
    0x080004a4   0x080004a4   0x0000004e   Code   RO         1713    .text               c_w.l(_printf_pad.o)
    0x080004f2   0x080004f2   0x00000002   PAD
    0x080004f4   0x080004f4   0x00000078   Code   RO         1715    .text               c_w.l(_printf_dec.o)
    0x0800056c   0x0800056c   0x00000058   Code   RO         1720    .text               c_w.l(_printf_hex_int.o)
    0x080005c4   0x080005c4   0x00000138   Code   RO         1750    .text               c_w.l(__printf_flags_wp.o)
    0x080006fc   0x080006fc   0x0000003e   Code   RO         1761    .text               c_w.l(strlen.o)
    0x0800073a   0x0800073a   0x0000008a   Code   RO         1763    .text               c_w.l(rt_memcpy_v6.o)
    0x080007c4   0x080007c4   0x00000044   Code   RO         1765    .text               c_w.l(rt_memclr.o)
    0x08000808   0x08000808   0x0000004e   Code   RO         1767    .text               c_w.l(rt_memclr_w.o)
    0x08000856   0x08000856   0x00000006   Code   RO         1769    .text               c_w.l(heapauxi.o)
    0x0800085c   0x0800085c   0x000000b2   Code   RO         1778    .text               c_w.l(_printf_intcommon.o)
    0x0800090e   0x0800090e   0x00000002   PAD
    0x08000910   0x08000910   0x00000030   Code   RO         1780    .text               c_w.l(_printf_char_common.o)
    0x08000940   0x08000940   0x00000010   Code   RO         1782    .text               c_w.l(_snputc.o)
    0x08000950   0x08000950   0x00000064   Code   RO         1785    .text               c_w.l(rt_memcpy_w.o)
    0x080009b4   0x080009b4   0x0000004a   Code   RO         1806    .text               c_w.l(sys_stackheap_outer.o)
    0x080009fe   0x080009fe   0x00000012   Code   RO         1808    .text               c_w.l(exit.o)
    0x08000a10   0x08000a10   0x00000008   Code   RO         1820    .text               c_w.l(libspace.o)
    0x08000a18   0x08000a18   0x0000000c   Code   RO         1878    .text               c_w.l(sys_exit.o)
    0x08000a24   0x08000a24   0x00000002   Code   RO         1901    .text               c_w.l(use_no_semi.o)
    0x08000a26   0x08000a26   0x00000000   Code   RO         1903    .text               c_w.l(indicate_semi.o)
    0x08000a26   0x08000a26   0x00000002   PAD
    0x08000a28   0x08000a28   0x000000a4   Code   RO          151    .text.BSP_COM_Init  stm32h5xx_nucleo.o
    0x08000acc   0x08000acc   0x00000054   Code   RO          127    .text.BSP_LED_Init  stm32h5xx_nucleo.o
    0x08000b20   0x08000b20   0x00000002   Code   RO          149    .text.BSP_PB_Callback  stm32h5xx_nucleo.o
    0x08000b22   0x08000b22   0x00000002   PAD
    0x08000b24   0x08000b24   0x00000014   Code   RO          147    .text.BSP_PB_IRQHandler  stm32h5xx_nucleo.o
    0x08000b38   0x08000b38   0x00000094   Code   RO          139    .text.BSP_PB_Init   stm32h5xx_nucleo.o
    0x08000bcc   0x08000bcc   0x00000006   Code   RO          141    .text.BUTTON_USER_EXTI_Callback  stm32h5xx_nucleo.o
    0x08000bd2   0x08000bd2   0x00000002   PAD
    0x08000bd4   0x08000bd4   0x00000002   Code   RO           66    .text.BusFault_Handler  stm32h5xx_it.o
    0x08000bd6   0x08000bd6   0x00000002   PAD
    0x08000bd8   0x08000bd8   0x00000002   Code   RO           72    .text.DebugMon_Handler  stm32h5xx_it.o
    0x08000bda   0x08000bda   0x00000002   PAD
    0x08000bdc   0x08000bdc   0x00000006   Code   RO           78    .text.EXTI13_IRQHandler  stm32h5xx_it.o
    0x08000be2   0x08000be2   0x00000002   PAD
    0x08000be4   0x08000be4   0x00000006   Code   RO           42    .text.Error_Handler  main.o
    0x08000bea   0x08000bea   0x00000002   PAD
    0x08000bec   0x08000bec   0x00000028   Code   RO          719    .text.HAL_Delay     stm32h5xx_hal.o
    0x08000c14   0x08000c14   0x0000000c   Code   RO          838    .text.HAL_EXTI_GetHandle  stm32h5xx_hal_exti.o
    0x08000c20   0x08000c20   0x00000052   Code   RO          840    .text.HAL_EXTI_IRQHandler  stm32h5xx_hal_exti.o
    0x08000c72   0x08000c72   0x00000002   PAD
    0x08000c74   0x08000c74   0x0000001e   Code   RO          836    .text.HAL_EXTI_RegisterCallback  stm32h5xx_hal_exti.o
    0x08000c92   0x08000c92   0x00000002   PAD
    0x08000c94   0x08000c94   0x00000190   Code   RO          420    .text.HAL_GPIO_Init  stm32h5xx_hal_gpio.o
    0x08000e24   0x08000e24   0x0000000c   Code   RO          426    .text.HAL_GPIO_WritePin  stm32h5xx_hal_gpio.o
    0x08000e30   0x08000e30   0x0000000c   Code   RO          711    .text.HAL_GetTick   stm32h5xx_hal.o
    0x08000e3c   0x08000e3c   0x0000001a   Code   RO          709    .text.HAL_IncTick   stm32h5xx_hal.o
    0x08000e56   0x08000e56   0x00000002   PAD
    0x08000e58   0x08000e58   0x0000004c   Code   RO          699    .text.HAL_Init      stm32h5xx_hal.o
    0x08000ea4   0x08000ea4   0x0000008c   Code   RO          701    .text.HAL_InitTick  stm32h5xx_hal.o
    0x08000f30   0x08000f30   0x00000002   Code   RO           89    .text.HAL_MspInit   stm32h5xx_hal_msp.o
    0x08000f32   0x08000f32   0x00000002   PAD
    0x08000f34   0x08000f34   0x00000022   Code   RO          177    .text.HAL_NVIC_EnableIRQ  stm32h5xx_hal_cortex.o
    0x08000f56   0x08000f56   0x00000002   PAD
    0x08000f58   0x08000f58   0x00000056   Code   RO          175    .text.HAL_NVIC_SetPriority  stm32h5xx_hal_cortex.o
    0x08000fae   0x08000fae   0x00000002   PAD
    0x08000fb0   0x08000fb0   0x00000020   Code   RO          173    .text.HAL_NVIC_SetPriorityGrouping  stm32h5xx_hal_cortex.o
    0x08000fd0   0x08000fd0   0x00000022   Code   RO         1244    .text.HAL_PCDEx_ActivateLPM  stm32h5xx_hal_pcd_ex.o
    0x08000ff2   0x08000ff2   0x00000002   PAD
    0x08000ff4   0x08000ff4   0x00000002   Code   RO         1248    .text.HAL_PCDEx_LPM_Callback  stm32h5xx_hal_pcd_ex.o
    0x08000ff6   0x08000ff6   0x00000002   PAD
    0x08000ff8   0x08000ff8   0x00000002   Code   RO          107    .text.HAL_PCD_DataInStageCallback  stm32h5xx_hal_msp.o
    0x08000ffa   0x08000ffa   0x00000002   PAD
    0x08000ffc   0x08000ffc   0x00000002   Code   RO          105    .text.HAL_PCD_DataOutStageCallback  stm32h5xx_hal_msp.o
    0x08000ffe   0x08000ffe   0x00000002   PAD
    0x08001000   0x08001000   0x00000026   Code   RO         1198    .text.HAL_PCD_DevConnect  stm32h5xx_hal_pcd.o
    0x08001026   0x08001026   0x00000002   PAD
    0x08001028   0x08001028   0x0000098a   Code   RO         1172    .text.HAL_PCD_IRQHandler  stm32h5xx_hal_pcd.o
    0x080019b2   0x080019b2   0x00000002   PAD
    0x080019b4   0x080019b4   0x000000e0   Code   RO         1160    .text.HAL_PCD_Init  stm32h5xx_hal_pcd.o
    0x08001a94   0x08001a94   0x0000006c   Code   RO           99    .text.HAL_PCD_MspInit  stm32h5xx_hal_msp.o
    0x08001b00   0x08001b00   0x00000002   Code   RO         1174    .text.HAL_PCD_ResetCallback  stm32h5xx_hal_pcd.o
    0x08001b02   0x08001b02   0x00000002   PAD
    0x08001b04   0x08001b04   0x00000002   Code   RO         1178    .text.HAL_PCD_ResumeCallback  stm32h5xx_hal_pcd.o
    0x08001b06   0x08001b06   0x00000002   PAD
    0x08001b08   0x08001b08   0x00000002   Code   RO         1182    .text.HAL_PCD_SOFCallback  stm32h5xx_hal_pcd.o
    0x08001b0a   0x08001b0a   0x00000002   PAD
    0x08001b0c   0x08001b0c   0x00000002   Code   RO          103    .text.HAL_PCD_SetupStageCallback  stm32h5xx_hal_msp.o
    0x08001b0e   0x08001b0e   0x00000002   PAD
    0x08001b10   0x08001b10   0x00000002   Code   RO         1180    .text.HAL_PCD_SuspendCallback  stm32h5xx_hal_pcd.o
    0x08001b12   0x08001b12   0x00000002   PAD
    0x08001b14   0x08001b14   0x00000012   Code   RO          637    .text.HAL_PWREx_EnableVddUSB  stm32h5xx_hal_pwr_ex.o
    0x08001b26   0x08001b26   0x00000002   PAD
    0x08001b28   0x08001b28   0x00000194   Code   RO          277    .text.HAL_RCCEx_GetPLL1ClockFreq  stm32h5xx_hal_rcc_ex.o
    0x08001cbc   0x08001cbc   0x00000194   Code   RO          279    .text.HAL_RCCEx_GetPLL2ClockFreq  stm32h5xx_hal_rcc_ex.o
    0x08001e50   0x08001e50   0x00000194   Code   RO          281    .text.HAL_RCCEx_GetPLL3ClockFreq  stm32h5xx_hal_rcc_ex.o
    0x08001fe4   0x08001fe4   0x00000a44   Code   RO          283    .text.HAL_RCCEx_GetPeriphCLKFreq  stm32h5xx_hal_rcc_ex.o
    0x08002a28   0x08002a28   0x00000950   Code   RO          269    .text.HAL_RCCEx_PeriphCLKConfig  stm32h5xx_hal_rcc_ex.o
    0x08003378   0x08003378   0x0000025a   Code   RO          233    .text.HAL_RCC_ClockConfig  stm32h5xx_hal_rcc.o
    0x080035d2   0x080035d2   0x00000002   PAD
    0x080035d4   0x080035d4   0x00000030   Code   RO          231    .text.HAL_RCC_GetHCLKFreq  stm32h5xx_hal_rcc.o
    0x08003604   0x08003604   0x00000046   Code   RO          239    .text.HAL_RCC_GetPCLK1Freq  stm32h5xx_hal_rcc.o
    0x0800364a   0x0800364a   0x00000002   PAD
    0x0800364c   0x0800364c   0x00000046   Code   RO          241    .text.HAL_RCC_GetPCLK2Freq  stm32h5xx_hal_rcc.o
    0x08003692   0x08003692   0x00000002   PAD
    0x08003694   0x08003694   0x00000046   Code   RO          243    .text.HAL_RCC_GetPCLK3Freq  stm32h5xx_hal_rcc.o
    0x080036da   0x080036da   0x00000002   PAD
    0x080036dc   0x080036dc   0x00000128   Code   RO          235    .text.HAL_RCC_GetSysClockFreq  stm32h5xx_hal_rcc.o
    0x08003804   0x08003804   0x00000604   Code   RO          229    .text.HAL_RCC_OscConfig  stm32h5xx_hal_rcc.o
    0x08003e08   0x08003e08   0x000001d2   Code   RO          860    .text.HAL_SPI_Init  stm32h5xx_hal_spi.o
    0x08003fda   0x08003fda   0x00000002   PAD
    0x08003fdc   0x08003fdc   0x000000d6   Code   RO           91    .text.HAL_SPI_MspInit  stm32h5xx_hal_msp.o
    0x080040b2   0x080040b2   0x00000002   PAD
    0x080040b4   0x080040b4   0x000002a4   Code   RO          868    .text.HAL_SPI_Transmit  stm32h5xx_hal_spi.o
    0x08004358   0x08004358   0x0000045e   Code   RO          874    .text.HAL_SPI_TransmitReceive  stm32h5xx_hal_spi.o
    0x080047b6   0x080047b6   0x00000002   PAD
    0x080047b8   0x080047b8   0x00000072   Code   RO          199    .text.HAL_SYSTICK_CLKSourceConfig  stm32h5xx_hal_cortex.o
    0x0800482a   0x0800482a   0x00000002   PAD
    0x0800482c   0x0800482c   0x00000024   Code   RO          197    .text.HAL_SYSTICK_Config  stm32h5xx_hal_cortex.o
    0x08004850   0x08004850   0x00000030   Code   RO          201    .text.HAL_SYSTICK_GetCLKSourceConfig  stm32h5xx_hal_cortex.o
    0x08004880   0x08004880   0x00000036   Code   RO         1137    .text.HAL_UARTEx_DisableFifoMode  stm32h5xx_hal_uart_ex.o
    0x080048b6   0x080048b6   0x00000002   PAD
    0x080048b8   0x080048b8   0x00000092   Code   RO         1141    .text.HAL_UARTEx_SetRxFifoThreshold  stm32h5xx_hal_uart_ex.o
    0x0800494a   0x0800494a   0x00000002   PAD
    0x0800494c   0x0800494c   0x00000092   Code   RO         1139    .text.HAL_UARTEx_SetTxFifoThreshold  stm32h5xx_hal_uart_ex.o
    0x080049de   0x080049de   0x00000002   PAD
    0x080049e0   0x080049e0   0x00000064   Code   RO          976    .text.HAL_UART_Init  stm32h5xx_hal_uart.o
    0x08004a44   0x08004a44   0x00000094   Code   RO           95    .text.HAL_UART_MspInit  stm32h5xx_hal_msp.o
    0x08004ad8   0x08004ad8   0x00000114   Code   RO          996    .text.HAL_UART_Transmit  stm32h5xx_hal_uart.o
    0x08004bec   0x08004bec   0x00000002   Code   RO           62    .text.HardFault_Handler  stm32h5xx_it.o
    0x08004bee   0x08004bee   0x00000002   PAD
    0x08004bf0   0x08004bf0   0x00000034   Code   RO          153    .text.MX_USART_Init  stm32h5xx_nucleo.o
    0x08004c24   0x08004c24   0x00000002   Code   RO           64    .text.MemManage_Handler  stm32h5xx_it.o
    0x08004c26   0x08004c26   0x00000002   PAD
    0x08004c28   0x08004c28   0x00000002   Code   RO           60    .text.NMI_Handler   stm32h5xx_it.o
    0x08004c2a   0x08004c2a   0x00000002   PAD
    0x08004c2c   0x08004c2c   0x00000002   Code   RO           74    .text.PendSV_Handler  stm32h5xx_it.o
    0x08004c2e   0x08004c2e   0x00000002   PAD
    0x08004c30   0x08004c30   0x000000ea   Code   RO          271    .text.RCCEx_PLL2_Config  stm32h5xx_hal_rcc_ex.o
    0x08004d1a   0x08004d1a   0x00000002   PAD
    0x08004d1c   0x08004d1c   0x000000ea   Code   RO          273    .text.RCCEx_PLL3_Config  stm32h5xx_hal_rcc_ex.o
    0x08004e06   0x08004e06   0x00000002   PAD
    0x08004e08   0x08004e08   0x000000c4   Code   RO          870    .text.SPI_CloseTransfer  stm32h5xx_hal_spi.o
    0x08004ecc   0x08004ecc   0x00000002   Code   RO           70    .text.SVC_Handler   stm32h5xx_it.o
    0x08004ece   0x08004ece   0x00000002   PAD
    0x08004ed0   0x08004ed0   0x00000004   Code   RO           76    .text.SysTick_Handler  stm32h5xx_it.o
    0x08004ed4   0x08004ed4   0x000000b2   Code   RO           40    .text.SystemClock_Config  main.o
    0x08004f86   0x08004f86   0x00000002   PAD
    0x08004f88   0x08004f88   0x000000ae   Code   RO         1332    .text.SystemInit    system_stm32h5xx.o
    0x08005036   0x08005036   0x00000002   PAD
    0x08005038   0x08005038   0x000000e6   Code   RO          980    .text.UART_AdvFeatureConfig  stm32h5xx_hal_uart.o
    0x0800511e   0x0800511e   0x00000002   PAD
    0x08005120   0x08005120   0x000000be   Code   RO          984    .text.UART_CheckIdleState  stm32h5xx_hal_uart.o
    0x080051de   0x080051de   0x00000002   PAD
    0x080051e0   0x080051e0   0x00000204   Code   RO          982    .text.UART_SetConfig  stm32h5xx_hal_uart.o
    0x080053e4   0x080053e4   0x0000013e   Code   RO          998    .text.UART_WaitOnFlagUntilTimeout  stm32h5xx_hal_uart.o
    0x08005522   0x08005522   0x00000002   PAD
    0x08005524   0x08005524   0x00000020   Code   RO         1258    .text.USB_CoreInit  stm32h5xx_ll_usb.o
    0x08005544   0x08005544   0x00000018   Code   RO           80    .text.USB_DRD_FS_IRQHandler  stm32h5xx_it.o
    0x0800555c   0x0800555c   0x0000000e   Code   RO         1290    .text.USB_DevConnect  stm32h5xx_ll_usb.o
    0x0800556a   0x0800556a   0x00000002   PAD
    0x0800556c   0x0800556c   0x0000000e   Code   RO         1292    .text.USB_DevDisconnect  stm32h5xx_ll_usb.o
    0x0800557a   0x0800557a   0x00000002   PAD
    0x0800557c   0x0800557c   0x0000001e   Code   RO         1266    .text.USB_DevInit   stm32h5xx_ll_usb.o
    0x0800559a   0x0800559a   0x00000002   PAD
    0x0800559c   0x0800559c   0x00000012   Code   RO         1262    .text.USB_DisableGlobalInt  stm32h5xx_ll_usb.o
    0x080055ae   0x080055ae   0x00000002   PAD
    0x080055b0   0x080055b0   0x000004aa   Code   RO         1276    .text.USB_EPStartXfer  stm32h5xx_ll_usb.o
    0x08005a5a   0x08005a5a   0x00000002   PAD
    0x08005a5c   0x08005a5c   0x00000004   Code   RO         1294    .text.USB_ReadInterrupts  stm32h5xx_ll_usb.o
    0x08005a60   0x08005a60   0x00000060   Code   RO         1300    .text.USB_ReadPMA   stm32h5xx_ll_usb.o
    0x08005ac0   0x08005ac0   0x00000020   Code   RO         1264    .text.USB_SetCurrentMode  stm32h5xx_ll_usb.o
    0x08005ae0   0x08005ae0   0x0000000c   Code   RO         1288    .text.USB_SetDevAddress  stm32h5xx_ll_usb.o
    0x08005aec   0x08005aec   0x00000064   Code   RO         1278    .text.USB_WritePMA  stm32h5xx_ll_usb.o
    0x08005b50   0x08005b50   0x00000002   Code   RO           68    .text.UsageFault_Handler  stm32h5xx_it.o
    0x08005b52   0x08005b52   0x00000002   PAD
    0x08005b54   0x08005b54   0x00000052   Code   RO         1694    .text.btable_set_rx_bufsize  fsdev_common.o
    0x08005ba6   0x08005ba6   0x00000002   PAD
    0x08005ba8   0x08005ba8   0x000000ce   Code   RO         1544    .text.configuration_reset  usbd.o
    0x08005c76   0x08005c76   0x00000002   PAD
    0x08005c78   0x08005c78   0x00000028   Code   RO         1650    .text.dcd_edpt0_status_complete  dcd_stm32_fsdev.o
    0x08005ca0   0x08005ca0   0x00000096   Code   RO         1670    .text.dcd_edpt_clear_stall  dcd_stm32_fsdev.o
    0x08005d36   0x08005d36   0x00000002   PAD
    0x08005d38   0x08005d38   0x00000066   Code   RO         1654    .text.dcd_edpt_close_all  dcd_stm32_fsdev.o
    0x08005d9e   0x08005d9e   0x00000002   PAD
    0x08005da0   0x08005da0   0x000001dc   Code   RO         1652    .text.dcd_edpt_open  dcd_stm32_fsdev.o
    0x08005f7c   0x08005f7c   0x0000007c   Code   RO         1668    .text.dcd_edpt_stall  dcd_stm32_fsdev.o
    0x08005ff8   0x08005ff8   0x00000034   Code   RO         1644    .text.dcd_edpt_xfer  dcd_stm32_fsdev.o
    0x0800602c   0x0800602c   0x00000034   Code   RO         1666    .text.dcd_edpt_xfer_fifo  dcd_stm32_fsdev.o
    0x08006060   0x08006060   0x000002ba   Code   RO         1510    .text.dcd_event_handler  usbd.o
    0x0800631a   0x0800631a   0x00000002   PAD
    0x0800631c   0x0800631c   0x0000002a   Code   RO         1632    .text.dcd_init      dcd_stm32_fsdev.o
    0x08006346   0x08006346   0x00000002   PAD
    0x08006348   0x08006348   0x00000018   Code   RO         1656    .text.dcd_int_disable  dcd_stm32_fsdev.o
    0x08006360   0x08006360   0x00000018   Code   RO         1658    .text.dcd_int_enable  dcd_stm32_fsdev.o
    0x08006378   0x08006378   0x00000352   Code   RO         1648    .text.dcd_int_handler  dcd_stm32_fsdev.o
    0x080066ca   0x080066ca   0x00000002   PAD
    0x080066cc   0x080066cc   0x00000018   Code   RO         1642    .text.dcd_set_address  dcd_stm32_fsdev.o
    0x080066e4   0x080066e4   0x00000016   Code   RO         1640    .text.dcd_sof_enable  dcd_stm32_fsdev.o
    0x080066fa   0x080066fa   0x00000002   PAD
    0x080066fc   0x080066fc   0x000000cc   Code   RO         1674    .text.dcd_transmit_packet  dcd_stm32_fsdev.o
    0x080067c8   0x080067c8   0x00000096   Code   RO         1664    .text.edpt_xfer     dcd_stm32_fsdev.o
    0x0800685e   0x0800685e   0x00000002   PAD
    0x08006860   0x08006860   0x0000004e   Code   RO         1688    .text.fsdev_core_reset  fsdev_common.o
    0x080068ae   0x080068ae   0x00000002   PAD
    0x080068b0   0x080068b0   0x000001bc   Code   RO         1634    .text.handle_bus_reset  dcd_stm32_fsdev.o
    0x08006a6c   0x08006a6c   0x000006cc   Code   RO           38    .text.main          main.o
    0x08007138   0x08007138   0x00000004   Code   RO         1619    .text.midid_control_xfer_cb  midi_device.o
    0x0800713c   0x0800713c   0x00000004   Code   RO         1613    .text.midid_deinit  midi_device.o
    0x08007140   0x08007140   0x0000004c   Code   RO         1611    .text.midid_init    midi_device.o
    0x0800718c   0x0800718c   0x000001aa   Code   RO         1617    .text.midid_open    midi_device.o
    0x08007336   0x08007336   0x00000002   PAD
    0x08007338   0x08007338   0x0000002c   Code   RO         1615    .text.midid_reset   midi_device.o
    0x08007364   0x08007364   0x000000be   Code   RO         1621    .text.midid_xfer_cb  midi_device.o
    0x08007422   0x08007422   0x00000002   PAD
    0x08007424   0x08007424   0x0000002e   Code   RO         1692    .text.pma_align_buffer_size  fsdev_common.o
    0x08007452   0x08007452   0x00000002   PAD
    0x08007454   0x08007454   0x000000b2   Code   RO         1548    .text.process_get_descriptor  usbd.o
    0x08007506   0x08007506   0x00000002   PAD
    0x08007508   0x08007508   0x000001dc   Code   RO         1546    .text.process_set_config  usbd.o
    0x080076e4   0x080076e4   0x00000086   Code   RO         1371    .text.tu_bind_driver_to_ep_itf  tusb.o
    0x0800776a   0x0800776a   0x00000002   PAD
    0x0800776c   0x0800776c   0x00000036   Code   RO         1367    .text.tu_edpt_claim  tusb.o
    0x080077a2   0x080077a2   0x00000002   PAD
    0x080077a4   0x080077a4   0x0000001e   Code   RO         1369    .text.tu_edpt_release  tusb.o
    0x080077c2   0x080077c2   0x00000002   PAD
    0x080077c4   0x080077c4   0x00000042   Code   RO         1373    .text.tu_edpt_stream_init  tusb.o
    0x08007806   0x08007806   0x00000002   PAD
    0x08007808   0x08007808   0x000000cc   Code   RO         1383    .text.tu_edpt_stream_read_xfer  tusb.o
    0x080078d4   0x080078d4   0x00000044   Code   RO         1379    .text.tu_edpt_stream_write  tusb.o
    0x08007918   0x08007918   0x00000018   Code   RO         1381    .text.tu_edpt_stream_write_available  tusb.o
    0x08007930   0x08007930   0x000000b6   Code   RO         1377    .text.tu_edpt_stream_write_xfer  tusb.o
    0x080079e6   0x080079e6   0x00000002   PAD
    0x080079e8   0x080079e8   0x0000007e   Code   RO         1375    .text.tu_edpt_stream_write_zlp_if_needed  tusb.o
    0x08007a66   0x08007a66   0x00000002   PAD
    0x08007a68   0x08007a68   0x00000008   Code   RO         1398    .text.tu_fifo_clear  tusb_fifo.o
    0x08007a70   0x08007a70   0x0000001e   Code   RO         1396    .text.tu_fifo_config  tusb_fifo.o
    0x08007a8e   0x08007a8e   0x00000002   PAD
    0x08007a90   0x08007a90   0x000001e0   Code   RO         1406    .text.tu_fifo_peek_n_access_mode  tusb_fifo.o
    0x08007c70   0x08007c70   0x0000003a   Code   RO         1410    .text.tu_fifo_read_n_access_mode  tusb_fifo.o
    0x08007caa   0x08007caa   0x00000002   PAD
    0x08007cac   0x08007cac   0x000002a0   Code   RO         1412    .text.tu_fifo_write_n_access_mode  tusb_fifo.o
    0x08007f4c   0x08007f4c   0x00000044   Code   RO         1404    .text.tu_hwfifo_read  tusb_fifo.o
    0x08007f90   0x08007f90   0x00000046   Code   RO         1402    .text.tu_hwfifo_write  tusb_fifo.o
    0x08007fd6   0x08007fd6   0x00000002   PAD
    0x08007fd8   0x08007fd8   0x00000036   Code   RO         1571    .text.tud_control_status  usbd_control.o
    0x0800800e   0x0800800e   0x00000002   PAD
    0x08008010   0x08008010   0x000000de   Code   RO         1573    .text.tud_control_xfer  usbd_control.o
    0x080080ee   0x080080ee   0x00000002   PAD
    0x080080f0   0x080080f0   0x00000004   Code   RO         1444    .text.tud_descriptor_bos_cb  usbd.o
    0x080080f4   0x080080f4   0x0000000a   Code   RO           13    .text.tud_descriptor_configuration_cb  usb_descriptors.o
    0x080080fe   0x080080fe   0x00000002   PAD
    0x08008100   0x08008100   0x0000000a   Code   RO           11    .text.tud_descriptor_device_cb  usb_descriptors.o
    0x0800810a   0x0800810a   0x00000002   PAD
    0x0800810c   0x0800810c   0x00000004   Code   RO         1446    .text.tud_descriptor_device_qualifier_cb  usbd.o
    0x08008110   0x08008110   0x00000004   Code   RO         1448    .text.tud_descriptor_other_speed_configuration_cb  usbd.o
    0x08008114   0x08008114   0x000000a8   Code   RO           15    .text.tud_descriptor_string_cb  usb_descriptors.o
    0x080081bc   0x080081bc   0x00000002   Code   RO         1440    .text.tud_event_hook_cb  usbd.o
    0x080081be   0x080081be   0x00000002   PAD
    0x080081c0   0x080081c0   0x000001a0   Code   RO         1605    .text.tud_midi_n_stream_write  midi_device.o
    0x08008360   0x08008360   0x00000002   Code   RO         1593    .text.tud_midi_rx_cb  midi_device.o
    0x08008362   0x08008362   0x00000002   PAD
    0x08008364   0x08008364   0x00000002   Code   RO         1450    .text.tud_mount_cb  usbd.o
    0x08008366   0x08008366   0x00000002   PAD
    0x08008368   0x08008368   0x00000012   Code   RO         1484    .text.tud_mounted   usbd.o
    0x0800837a   0x0800837a   0x00000002   PAD
    0x0800837c   0x0800837c   0x00000002   Code   RO         1456    .text.tud_resume_cb  usbd.o
    0x0800837e   0x0800837e   0x00000002   PAD
    0x08008380   0x08008380   0x0000014c   Code   RO         1502    .text.tud_rhport_init  usbd.o
    0x080084cc   0x080084cc   0x00000002   Code   RO         1442    .text.tud_sof_cb    usbd.o
    0x080084ce   0x080084ce   0x00000002   PAD
    0x080084d0   0x080084d0   0x00000002   Code   RO         1454    .text.tud_suspend_cb  usbd.o
    0x080084d2   0x080084d2   0x00000002   PAD
    0x080084d4   0x080084d4   0x00000722   Code   RO         1508    .text.tud_task_ext  usbd.o
    0x08008bf6   0x08008bf6   0x00000002   PAD
    0x08008bf8   0x08008bf8   0x00000002   Code   RO         1452    .text.tud_umount_cb  usbd.o
    0x08008bfa   0x08008bfa   0x00000002   PAD
    0x08008bfc   0x08008bfc   0x00000004   Code   RO         1458    .text.tud_vendor_control_xfer_cb  usbd.o
    0x08008c00   0x08008c00   0x00000086   Code   RO         1353    .text.tusb_rhport_init  tusb.o
    0x08008c86   0x08008c86   0x00000002   PAD
    0x08008c88   0x08008c88   0x0000000a   Code   RO         1474    .text.usbd_app_driver_get_cb  usbd.o
    0x08008c92   0x08008c92   0x00000002   PAD
    0x08008c94   0x08008c94   0x00000016   Code   RO         1575    .text.usbd_control_reset  usbd_control.o
    0x08008caa   0x08008caa   0x00000002   PAD
    0x08008cac   0x08008cac   0x0000000c   Code   RO         1577    .text.usbd_control_set_complete_callback  usbd_control.o
    0x08008cb8   0x08008cb8   0x00000018   Code   RO         1579    .text.usbd_control_set_request  usbd_control.o
    0x08008cd0   0x08008cd0   0x0000014c   Code   RO         1581    .text.usbd_control_xfer_cb  usbd_control.o
    0x08008e1c   0x08008e1c   0x0000001c   Code   RO         1522    .text.usbd_edpt_claim  usbd.o
    0x08008e38   0x08008e38   0x00000040   Code   RO         1534    .text.usbd_edpt_clear_stall  usbd.o
    0x08008e78   0x08008e78   0x00000028   Code   RO         1518    .text.usbd_edpt_open  usbd.o
    0x08008ea0   0x08008ea0   0x0000001c   Code   RO         1524    .text.usbd_edpt_release  usbd.o
    0x08008ebc   0x08008ebc   0x00000040   Code   RO         1532    .text.usbd_edpt_stall  usbd.o
    0x08008efc   0x08008efc   0x00000084   Code   RO         1526    .text.usbd_edpt_xfer  usbd.o
    0x08008f80   0x08008f80   0x00000084   Code   RO         1528    .text.usbd_edpt_xfer_fifo  usbd.o
    0x08009004   0x08009004   0x00000018   Code   RO         1472    .text.usbd_int_set  usbd.o
    0x0800901c   0x0800901c   0x0000000e   Code   RO         1748    i._is_digit         c_w.l(__printf_wp.o)
    0x0800902a   0x0800902a   0x0000001a   Code   RO         1895    x$fpl$fpinit        fz_wm.l(fpinit.o)
    0x08009044   0x08009044   0x00000028   Data   RO         1721    .constdata          c_w.l(_printf_hex_int.o)
    0x0800906c   0x0800906c   0x00000011   Data   RO         1751    .constdata          c_w.l(__printf_flags_wp.o)
    0x0800907d   0x0800907d   0x00000002   Data   RO           21    .rodata..compoundliteral  usb_descriptors.o
    0x0800907f   0x0800907f   0x00000010   Data   RO         1337    .rodata.AHBPrescTable  system_stm32h5xx.o
    0x0800908f   0x0800908f   0x00000008   Data   RO         1338    .rodata.APBPrescTable  system_stm32h5xx.o
    0x08009097   0x08009097   0x00000001   PAD
    0x08009098   0x08009098   0x00000018   Data   RO         1110    .rodata.UARTPrescTable  stm32h5xx_hal_uart.o
    0x080090b0   0x080090b0   0x00000024   Data   RO         1560    .rodata._usbd_driver  usbd.o
    0x080090d4   0x080090d4   0x00000010   Data   RO         1151    .rodata.cst8        stm32h5xx_hal_uart_ex.o
    0x080090e4   0x080090e4   0x00000012   Data   RO           17    .rodata.desc_device  usb_descriptors.o
    0x080090f6   0x080090f6   0x00000065   Data   RO           18    .rodata.desc_fs_configuration  usb_descriptors.o
    0x0800915b   0x0800915b   0x00000028   Data   RO           20    .rodata.str1.1      usb_descriptors.o
    0x08009183   0x08009183   0x00000172   Data   RO           49    .rodata.str1.1      main.o
    0x080092f5   0x080092f5   0x00000003   PAD
    0x080092f8   0x080092f8   0x00000020   Data   RO         1956    Region$$Table       anon$$obj.o


    Execution Region RW_IRAM1 (Exec base: 0x20000000, Load base: 0x08009318, Size: 0x00000ed0, Max: 0x00044000, ABSOLUTE)

    Exec Addr    Load Addr    Size         Type   Attr      Idx    E Section Name        Object

    0x20000000   0x08009318   0x00000004   Data   RW          161    .data.COM_USART     stm32h5xx_nucleo.o
    0x20000004   0x0800931c   0x00000004   Data   RW         1336    .data.SystemCoreClock  system_stm32h5xx.o
    0x20000008   0x08009320   0x00000014   Data   RW         1551    .data._usbd_qdef    usbd.o
    0x2000001c   0x08009334   0x00000001   Data   RW         1553    .data._usbd_rhport  usbd.o
    0x2000001d   0x08009335   0x00000001   Data   RW          820    .data.uwTickFreq    stm32h5xx_hal.o
    0x2000001e   0x08009336   0x00000002   PAD
    0x20000020   0x08009338   0x00000004   Data   RW          819    .data.uwTickPrio    stm32h5xx_hal.o
    0x20000024   0x0800933c   0x00000004   PAD
    0x20000028        -       0x00000060   Zero   RW         1821    .bss                c_w.l(libspace.o)
    0x20000088        -       0x00000010   Zero   RW           48    .bss.BspCOMInit     main.o
    0x20000098        -       0x00000004   Zero   RW         1558    .bss._app_driver    usbd.o
    0x2000009c        -       0x00000001   Zero   RW         1557    .bss._app_driver_count  usbd.o
    0x2000009d   0x0800933c   0x00000003   PAD
    0x200000a0        -       0x00000040   Zero   RW         1584    .bss._ctrl_epbuf    usbd_control.o
    0x200000e0        -       0x00000014   Zero   RW         1583    .bss._ctrl_xfer     usbd_control.o
    0x200000f4        -       0x00000042   Zero   RW           19    .bss._desc_str      usb_descriptors.o
    0x20000136   0x0800933c   0x00000002   PAD
    0x20000138        -       0x000000c0   Zero   RW         1623    .bss._midid_itf     midi_device.o
    0x200001f8        -       0x00000002   Zero   RW         1387    .bss._tusb_rhport_role  tusb.o
    0x200001fa   0x0800933c   0x00000002   PAD
    0x200001fc        -       0x00000037   Zero   RW         1552    .bss._usbd_dev      usbd.o
    0x20000233   0x0800933c   0x00000001   PAD
    0x20000234        -       0x00000004   Zero   RW         1556    .bss._usbd_q        usbd.o
    0x20000238        -       0x000000c0   Zero   RW         1550    .bss._usbd_qdef_buf  usbd.o
    0x200002f8        -       0x00000001   Zero   RW         1554    .bss._usbd_queued_setup  usbd.o
    0x200002f9        -       0x00000020   Zero   RW         1677    .bss.ep_alloc_status  dcd_stm32_fsdev.o
    0x20000319   0x0800933c   0x00000001   PAD
    0x2000031a        -       0x00000002   Zero   RW         1678    .bss.ep_buf_ptr     dcd_stm32_fsdev.o
    0x2000031c        -       0x00000094   Zero   RW          163    .bss.hcom_uart      stm32h5xx_nucleo.o
    0x200003b0        -       0x0000000c   Zero   RW          162    .bss.hpb_exti       stm32h5xx_nucleo.o
    0x200003bc        -       0x000002e4   Zero   RW           47    .bss.hpcd_USB_DRD_FS  main.o
    0x200006a0        -       0x00000090   Zero   RW           46    .bss.hspi3          main.o
    0x20000730        -       0x00000094   Zero   RW           50    .bss.huart1         main.o
    0x200007c4        -       0x00000001   Zero   RW         1676    .bss.remoteWakeCountdown  dcd_stm32_fsdev.o
    0x200007c5   0x0800933c   0x00000003   PAD
    0x200007c8        -       0x00000004   Zero   RW          821    .bss.uwTick         stm32h5xx_hal.o
    0x200007cc        -       0x00000100   Zero   RW         1679    .bss.xfer_status    dcd_stm32_fsdev.o
    0x200008cc   0x0800933c   0x00000004   PAD
    0x200008d0        -       0x00000200   Zero   RW            2    HEAP                startup_stm32h533xx.o
    0x20000ad0        -       0x00000400   Zero   RW            1    STACK               startup_stm32h533xx.o


==============================================================================

Image component sizes


      Code (inc. data)   RO Data    RW Data    ZI Data      Debug   Object Name

      2780          0          0          0        291      30702   dcd_stm32_fsdev.o
       206          0          0          0          0       2817   fsdev_common.o
      1924        128        370          0       1048      20538   main.o
      1162          0          0          0        192      16896   midi_device.o
        68         28        596          0       1536       1004   startup_stm32h533xx.o
       294          0          0          5          4      14354   stm32h5xx_hal.o
       350          6          0          0          0      14129   stm32h5xx_hal_cortex.o
       124          0          0          0          0       7101   stm32h5xx_hal_exti.o
       412          0          0          0          0       5251   stm32h5xx_hal_gpio.o
       478          0          0          0          0      16250   stm32h5xx_hal_msp.o
      2712          0          0          0          0      16071   stm32h5xx_hal_pcd.o
        36          0          0          0          0       5590   stm32h5xx_hal_pcd_ex.o
        18          0          0          0          0       7440   stm32h5xx_hal_pwr_ex.o
      2696         16          0          0          0      12693   stm32h5xx_hal_rcc.o
      6692        312          0          0          0      22123   stm32h5xx_hal_rcc_ex.o
      2456          0          0          0          0      23438   stm32h5xx_hal_spi.o
      1630          0         24          0          0      33490   stm32h5xx_hal_uart.o
       346          0         16          0          0      11419   stm32h5xx_hal_uart_ex.o
        50          0          0          0          0       4137   stm32h5xx_it.o
      1546          0          0          0          0      24682   stm32h5xx_ll_usb.o
       476          0          0          4        160      15539   stm32h5xx_nucleo.o
       174          0         24          4          0       5912   system_stm32h5xx.o
      1022          0          0          0          2      14047   tusb.o
      1386          0          0          0          0      22135   tusb_fifo.o
       188         16        161          0         66       3392   usb_descriptors.o
      4284         48         36         21        257      32686   usbd.o
       666          0          0          0         84       5958   usbd_control.o

    ----------------------------------------------------------------------
     34360        554       1263         36       3660     389794   Object Totals
         0          0         32          0          0          0   (incl. Generated)
       184          0          4          2         20          0   (incl. Padding)

    ----------------------------------------------------------------------

      Code (inc. data)   RO Data    RW Data    ZI Data      Debug   Library Member Name

         8          0          0          0          0         68   __main.o
       312          4         17          0          0         92   __printf_flags_wp.o
        14          0          0          0          0         68   __printf_wp.o
         0          0          0          0          0          0   __rtentry.o
        12          0          0          0          0          0   __rtentry2.o
         6          0          0          0          0          0   __rtentry4.o
        94          8          0          0          0          0   __scatter.o
        26          0          0          0          0          0   __scatter_copy.o
        28          0          0          0          0          0   __scatter_zi.o
        48          6          0          0          0         96   _printf_char_common.o
         6          0          0          0          0          0   _printf_d.o
       120         16          0          0          0         92   _printf_dec.o
        88          4         40          0          0         88   _printf_hex_int.o
       178          0          0          0          0         88   _printf_intcommon.o
        78          0          0          0          0        108   _printf_pad.o
         0          0          0          0          0          0   _printf_percent.o
         4          0          0          0          0          0   _printf_percent_end.o
         6          0          0          0          0          0   _printf_x.o
        16          0          0          0          0         68   _snputc.o
        18          0          0          0          0         80   exit.o
         6          0          0          0          0        152   heapauxi.o
         0          0          0          0          0          0   indicate_semi.o
         2          0          0          0          0          0   libinit.o
         6          0          0          0          0          0   libinit2.o
         2          0          0          0          0          0   libshutdown.o
         2          0          0          0          0          0   libshutdown2.o
         8          4          0          0         96         68   libspace.o
       240          0          0          0          0        100   lludivv7m.o
        64          6          0          0          0         84   noretval__2snprintf.o
        68          0          0          0          0         68   rt_memclr.o
        78          0          0          0          0         80   rt_memclr_w.o
       138          0          0          0          0         68   rt_memcpy_v6.o
       100          0          0          0          0         80   rt_memcpy_w.o
         2          0          0          0          0          0   rtexit.o
        10          0          0          0          0          0   rtexit2.o
        62          0          0          0          0         76   strlen.o
        12          4          0          0          0         68   sys_exit.o
        74          0          0          0          0         80   sys_stackheap_outer.o
         2          0          0          0          0         68   use_no_semi.o
        26          0          0          0          0        116   fpinit.o

    ----------------------------------------------------------------------
      1976         52         57          0         96       1956   Library Totals
        12          0          0          0          0          0   (incl. Padding)

    ----------------------------------------------------------------------

      Code (inc. data)   RO Data    RW Data    ZI Data      Debug   Library Name

      1938         52         57          0         96       1840   c_w.l
        26          0          0          0          0        116   fz_wm.l

    ----------------------------------------------------------------------
      1976         52         57          0         96       1956   Library Totals

    ----------------------------------------------------------------------

==============================================================================


      Code (inc. data)   RO Data    RW Data    ZI Data      Debug   

     36336        606       1320         36       3756     390382   Grand Totals
     36336        606       1320         36       3756     390382   ELF Image Totals
     36336        606       1320         36          0          0   ROM Totals

==============================================================================

    Total RO  Size (Code + RO Data)                37656 (  36.77kB)
    Total RW  Size (RW Data + ZI Data)              3792 (   3.70kB)
    Total ROM Size (Code + RO Data + RW Data)      37692 (  36.81kB)

==============================================================================

