Component: Arm Compiler for Embedded 6.22 Tool: armlink [5ee90200]

==============================================================================

Section Cross References

    startup_stm32h533xx.o(STACK) refers (Special) to heapauxi.o(.text) for __use_two_region_memory
    startup_stm32h533xx.o(HEAP) refers (Special) to heapauxi.o(.text) for __use_two_region_memory
    startup_stm32h533xx.o(RESET) refers (Special) to heapauxi.o(.text) for __use_two_region_memory
    startup_stm32h533xx.o(RESET) refers to startup_stm32h533xx.o(STACK) for __initial_sp
    startup_stm32h533xx.o(RESET) refers to startup_stm32h533xx.o(.text) for Reset_Handler
    startup_stm32h533xx.o(RESET) refers to stm32h5xx_it.o(.text.NMI_Handler) for NMI_Handler
    startup_stm32h533xx.o(RESET) refers to stm32h5xx_it.o(.text.HardFault_Handler) for HardFault_Handler
    startup_stm32h533xx.o(RESET) refers to stm32h5xx_it.o(.text.MemManage_Handler) for MemManage_Handler
    startup_stm32h533xx.o(RESET) refers to stm32h5xx_it.o(.text.BusFault_Handler) for BusFault_Handler
    startup_stm32h533xx.o(RESET) refers to stm32h5xx_it.o(.text.UsageFault_Handler) for UsageFault_Handler
    startup_stm32h533xx.o(RESET) refers to stm32h5xx_it.o(.text.SVC_Handler) for SVC_Handler
    startup_stm32h533xx.o(RESET) refers to stm32h5xx_it.o(.text.DebugMon_Handler) for DebugMon_Handler
    startup_stm32h533xx.o(RESET) refers to stm32h5xx_it.o(.text.PendSV_Handler) for PendSV_Handler
    startup_stm32h533xx.o(RESET) refers to stm32h5xx_it.o(.text.SysTick_Handler) for SysTick_Handler
    startup_stm32h533xx.o(RESET) refers to stm32h5xx_it.o(.text.EXTI13_IRQHandler) for EXTI13_IRQHandler
    startup_stm32h533xx.o(RESET) refers to stm32h5xx_it.o(.text.SPI3_IRQHandler) for SPI3_IRQHandler
    startup_stm32h533xx.o(RESET) refers to stm32h5xx_it.o(.text.USB_DRD_FS_IRQHandler) for USB_DRD_FS_IRQHandler
    startup_stm32h533xx.o(.text) refers (Special) to heapauxi.o(.text) for __use_two_region_memory
    startup_stm32h533xx.o(.text) refers to system_stm32h5xx.o(.text.SystemInit) for SystemInit
    startup_stm32h533xx.o(.text) refers to __main.o(!!!main) for __main
    startup_stm32h533xx.o(.text) refers to startup_stm32h533xx.o(HEAP) for Heap_Mem
    startup_stm32h533xx.o(.text) refers to startup_stm32h533xx.o(STACK) for Stack_Mem
    usb_descriptors.o(.text.tud_descriptor_device_cb) refers to usb_descriptors.o(.rodata.desc_device) for desc_device
    usb_descriptors.o(.ARM.exidx.text.tud_descriptor_device_cb) refers to usb_descriptors.o(.text.tud_descriptor_device_cb) for [Anonymous Symbol]
    usb_descriptors.o(.text.tud_descriptor_configuration_cb) refers to usb_descriptors.o(.rodata.desc_fs_configuration) for desc_fs_configuration
    usb_descriptors.o(.ARM.exidx.text.tud_descriptor_configuration_cb) refers to usb_descriptors.o(.text.tud_descriptor_configuration_cb) for [Anonymous Symbol]
    usb_descriptors.o(.text.tud_descriptor_string_cb) refers to usb_descriptors.o(.rodata.str1.1) for .L.str
    usb_descriptors.o(.text.tud_descriptor_string_cb) refers to usb_descriptors.o(.bss._desc_str) for _desc_str
    usb_descriptors.o(.text.tud_descriptor_string_cb) refers to strlen.o(.text) for strlen
    usb_descriptors.o(.text.tud_descriptor_string_cb) refers to usb_descriptors.o(.rodata..compoundliteral) for [Anonymous Symbol]
    usb_descriptors.o(.ARM.exidx.text.tud_descriptor_string_cb) refers to usb_descriptors.o(.text.tud_descriptor_string_cb) for [Anonymous Symbol]
    main.o(.text) refers (Special) to _printf_percent.o(.ARM.Collect$$_printf_percent$$00000000) for _printf_percent
    main.o(.text) refers (Special) to _printf_pad.o(.text) for _printf_pre_padding
    main.o(.text) refers (Special) to _printf_s.o(.ARM.Collect$$_printf_percent$$00000014) for _printf_s
    main.o(.text) refers (Special) to _printf_x.o(.ARM.Collect$$_printf_percent$$0000000C) for _printf_x
    main.o(.text) refers (Special) to _printf_d.o(.ARM.Collect$$_printf_percent$$00000009) for _printf_d
    main.o(.text) refers (Special) to _printf_dec.o(.text) for _printf_int_dec
    main.o(.text) refers (Special) to _printf_hex_int.o(.text) for _printf_longlong_hex
    main.o(.text) refers (Special) to _printf_str.o(.text) for _printf_str
    main.o(.text.tusb_time_millis_api) refers (Special) to _printf_percent.o(.ARM.Collect$$_printf_percent$$00000000) for _printf_percent
    main.o(.text.tusb_time_millis_api) refers (Special) to _printf_pad.o(.text) for _printf_pre_padding
    main.o(.text.tusb_time_millis_api) refers (Special) to _printf_s.o(.ARM.Collect$$_printf_percent$$00000014) for _printf_s
    main.o(.text.tusb_time_millis_api) refers (Special) to _printf_x.o(.ARM.Collect$$_printf_percent$$0000000C) for _printf_x
    main.o(.text.tusb_time_millis_api) refers (Special) to _printf_d.o(.ARM.Collect$$_printf_percent$$00000009) for _printf_d
    main.o(.text.tusb_time_millis_api) refers (Special) to _printf_dec.o(.text) for _printf_int_dec
[...]
    _printf_mbtowc                            - Undefined Weak Reference
    _printf_truncate_signed                   - Undefined Weak Reference
    _printf_truncate_unsigned                 - Undefined Weak Reference
    _rand_init                                - Undefined Weak Reference
    _signal_finish                            - Undefined Weak Reference
    _signal_init                              - Undefined Weak Reference
    _terminate_alloc                          - Undefined Weak Reference
    _terminate_user_alloc                     - Undefined Weak Reference
    _terminateio                              - Undefined Weak Reference
    __Vectors_Size                           0x00000254   Number         0  startup_stm32h533xx.o ABSOLUTE
    __Vectors                                0x08000000   Data           4  startup_stm32h533xx.o(RESET)
    __Vectors_End                            0x08000254   Data           0  startup_stm32h533xx.o(RESET)
    __main                                   0x08000255   Thumb Code     8  __main.o(!!!main)
    __scatterload                            0x0800025d   Thumb Code     0  __scatter.o(!!!scatter)
    __scatterload_rt2                        0x0800025d   Thumb Code    84  __scatter.o(!!!scatter)
    __scatterload_rt2_thumb_only             0x0800025d   Thumb Code     0  __scatter.o(!!!scatter)
    __scatterload_loop                       0x08000267   Thumb Code     0  __scatter.o(!!!scatter)
    __scatterload_copy                       0x080002b9   Thumb Code    26  __scatter_copy.o(!!handler_copy)
    __scatterload_null                       0x080002d5   Thumb Code     2  __scatter.o(!!handler_null)
    __scatterload_zeroinit                   0x080002d9   Thumb Code    28  __scatter_zi.o(!!handler_zi)
    _printf_d                                0x080002f5   Thumb Code     0  _printf_d.o(.ARM.Collect$$_printf_percent$$00000009)
    _printf_percent                          0x080002f5   Thumb Code     0  _printf_percent.o(.ARM.Collect$$_printf_percent$$00000000)
    _printf_x                                0x080002fb   Thumb Code     0  _printf_x.o(.ARM.Collect$$_printf_percent$$0000000C)
    _printf_s                                0x08000301   Thumb Code     0  _printf_s.o(.ARM.Collect$$_printf_percent$$00000014)
    _printf_percent_end                      0x08000307   Thumb Code     0  _printf_percent_end.o(.ARM.Collect$$_printf_percent$$00000017)
    __rt_lib_init                            0x0800030b   Thumb Code     0  libinit.o(.ARM.Collect$$libinit$$00000000)
    __rt_lib_init_fp_1                       0x0800030d   Thumb Code     0  libinit2.o(.ARM.Collect$$libinit$$00000001)
    __rt_lib_init_alloca_1                   0x08000311   Thumb Code     0  libinit2.o(.ARM.Collect$$libinit$$00000030)
    __rt_lib_init_argv_1                     0x08000311   Thumb Code     0  libinit2.o(.ARM.Collect$$libinit$$0000002E)
    __rt_lib_init_atexit_1                   0x08000311   Thumb Code     0  libinit2.o(.ARM.Collect$$libinit$$0000001D)
    __rt_lib_init_clock_1                    0x08000311   Thumb Code     0  libinit2.o(.ARM.Collect$$libinit$$00000023)
    __rt_lib_init_cpp_1                      0x08000311   Thumb Code     0  libinit2.o(.ARM.Collect$$libinit$$00000034)
    __rt_lib_init_exceptions_1               0x08000311   Thumb Code     0  libinit2.o(.ARM.Collect$$libinit$$00000032)
    __rt_lib_init_fp_trap_1                  0x08000311   Thumb Code     0  libinit2.o(.ARM.Collect$$libinit$$00000021)
    __rt_lib_init_getenv_1                   0x08000311   Thumb Code     0  libinit2.o(.ARM.Collect$$libinit$$00000025)
    __rt_lib_init_heap_1                     0x08000311   Thumb Code     0  libinit2.o(.ARM.Collect$$libinit$$0000000C)
    __rt_lib_init_lc_collate_1               0x08000311   Thumb Code     0  libinit2.o(.ARM.Collect$$libinit$$00000013)
    __rt_lib_init_lc_ctype_1                 0x08000311   Thumb Code     0  libinit2.o(.ARM.Collect$$libinit$$00000015)
    __rt_lib_init_lc_monetary_1              0x08000311   Thumb Code     0  libinit2.o(.ARM.Collect$$libinit$$00000017)
    __rt_lib_init_lc_numeric_1               0x08000311   Thumb Code     0  libinit2.o(.ARM.Collect$$libinit$$00000019)
    __rt_lib_init_lc_time_1                  0x08000311   Thumb Code     0  libinit2.o(.ARM.Collect$$libinit$$0000001B)
    __rt_lib_init_preinit_1                  0x08000311   Thumb Code     0  libinit2.o(.ARM.Collect$$libinit$$00000006)
    __rt_lib_init_rand_1                     0x08000311   Thumb Code     0  libinit2.o(.ARM.Collect$$libinit$$00000010)
    __rt_lib_init_relocate_pie_1             0x08000311   Thumb Code     0  libinit2.o(.ARM.Collect$$libinit$$00000004)
    __rt_lib_init_return                     0x08000311   Thumb Code     0  libinit2.o(.ARM.Collect$$libinit$$00000035)
    __rt_lib_init_signal_1                   0x08000311   Thumb Code     0  libinit2.o(.ARM.Collect$$libinit$$0000001F)
    __rt_lib_init_stdio_1                    0x08000311   Thumb Code     0  libinit2.o(.ARM.Collect$$libinit$$00000027)
    __rt_lib_init_user_alloc_1               0x08000311   Thumb Code     0  libinit2.o(.ARM.Collect$$libinit$$0000000E)
    __rt_lib_shutdown                        0x08000313   Thumb Code     0  libshutdown.o(.ARM.Collect$$libshutdown$$00000000)
    __rt_lib_shutdown_cpp_1                  0x08000315   Thumb Code     0  libshutdown2.o(.ARM.Collect$$libshutdown$$00000002)
    __rt_lib_shutdown_fp_trap_1              0x08000315   Thumb Code     0  libshutdown2.o(.ARM.Collect$$libshutdown$$00000007)
    __rt_lib_shutdown_heap_1                 0x08000315   Thumb Code     0  libshutdown2.o(.ARM.Collect$$libshutdown$$0000000F)
    __rt_lib_shutdown_return                 0x08000315   Thumb Code     0  libshutdown2.o(.ARM.Collect$$libshutdown$$00000010)
    __rt_lib_shutdown_signal_1               0x08000315   Thumb Code     0  libshutdown2.o(.ARM.Collect$$libshutdown$$0000000A)
    __rt_lib_shutdown_stdio_1                0x08000315   Thumb Code     0  libshutdown2.o(.ARM.Collect$$libshutdown$$00000004)
    __rt_lib_shutdown_user_alloc_1           0x08000315   Thumb Code     0  libshutdown2.o(.ARM.Collect$$libshutdown$$0000000C)
    __rt_entry                               0x08000317   Thumb Code     0  __rtentry.o(.ARM.Collect$$rtentry$$00000000)
    __rt_entry_presh_1                       0x08000317   Thumb Code     0  __rtentry2.o(.ARM.Collect$$rtentry$$00000002)
    __rt_entry_sh                            0x08000317   Thumb Code     0  __rtentry4.o(.ARM.Collect$$rtentry$$00000004)
    __rt_entry_li                            0x0800031d   Thumb Code     0  __rtentry2.o(.ARM.Collect$$rtentry$$0000000A)
    __rt_entry_postsh_1                      0x0800031d   Thumb Code     0  __rtentry2.o(.ARM.Collect$$rtentry$$00000009)
    __rt_entry_main                          0x08000321   Thumb Code     0  __rtentry2.o(.ARM.Collect$$rtentry$$0000000D)
    __rt_entry_postli_1                      0x08000321   Thumb Code     0  __rtentry2.o(.ARM.Collect$$rtentry$$0000000C)
    __rt_exit                                0x08000329   Thumb Code     0  rtexit.o(.ARM.Collect$$rtexit$$00000000)
    __rt_exit_ls                             0x0800032b   Thumb Code     0  rtexit2.o(.ARM.Collect$$rtexit$$00000003)
    __rt_exit_prels_1                        0x0800032b   Thumb Code     0  rtexit2.o(.ARM.Collect$$rtexit$$00000002)
    __rt_exit_exit                           0x0800032f   Thumb Code     0  rtexit2.o(.ARM.Collect$$rtexit$$00000004)
    Reset_Handler                            0x08000335   Thumb Code     8  startup_stm32h533xx.o(.text)
    SecureFault_Handler                      0x08000347   Thumb Code     2  startup_stm32h533xx.o(.text)
    ADC1_IRQHandler                          0x08000351   Thumb Code     0  startup_stm32h533xx.o(.text)
    ADC2_IRQHandler                          0x08000351   Thumb Code     0  startup_stm32h533xx.o(.text)
    AES_IRQHandler                           0x08000351   Thumb Code     0  startup_stm32h533xx.o(.text)
    CEC_IRQHandler                           0x08000351   Thumb Code     0  startup_stm32h533xx.o(.text)
    CRS_IRQHandler                           0x08000351   Thumb Code     0  startup_stm32h533xx.o(.text)
    DAC1_IRQHandler                          0x08000351   Thumb Code     0  startup_stm32h533xx.o(.text)
    DCACHE1_IRQHandler                       0x08000351   Thumb Code     0  startup_stm32h533xx.o(.text)
    DCMI_PSSI_IRQHandler                     0x08000351   Thumb Code     0  startup_stm32h533xx.o(.text)
    DTS_IRQHandler                           0x08000351   Thumb Code     0  startup_stm32h533xx.o(.text)
    EXTI0_IRQHandler                         0x08000351   Thumb Code     0  startup_stm32h533xx.o(.text)
    EXTI10_IRQHandler                        0x08000351   Thumb Code     0  startup_stm32h533xx.o(.text)
    EXTI11_IRQHandler                        0x08000351   Thumb Code     0  startup_stm32h533xx.o(.text)
    EXTI12_IRQHandler                        0x08000351   Thumb Code     0  startup_stm32h533xx.o(.text)
    EXTI14_IRQHandler                        0x08000351   Thumb Code     0  startup_stm32h533xx.o(.text)
    EXTI15_IRQHandler                        0x08000351   Thumb Code     0  startup_stm32h533xx.o(.text)
    EXTI1_IRQHandler                         0x08000351   Thumb Code     0  startup_stm32h533xx.o(.text)
    EXTI2_IRQHandler                         0x08000351   Thumb Code     0  startup_stm32h533xx.o(.text)
    EXTI3_IRQHandler                         0x08000351   Thumb Code     0  startup_stm32h533xx.o(.text)
    EXTI4_IRQHandler                         0x08000351   Thumb Code     0  startup_stm32h533xx.o(.text)
    EXTI5_IRQHandler                         0x08000351   Thumb Code     0  startup_stm32h533xx.o(.text)
    EXTI6_IRQHandler                         0x08000351   Thumb Code     0  startup_stm32h533xx.o(.text)
    EXTI7_IRQHandler                         0x08000351   Thumb Code     0  startup_stm32h533xx.o(.text)
    EXTI8_IRQHandler                         0x08000351   Thumb Code     0  startup_stm32h533xx.o(.text)
    EXTI9_IRQHandler                         0x08000351   Thumb Code     0  startup_stm32h533xx.o(.text)
    FDCAN1_IT0_IRQHandler                    0x08000351   Thumb Code     0  startup_stm32h533xx.o(.text)
    FDCAN1_IT1_IRQHandler                    0x08000351   Thumb Code     0  startup_stm32h533xx.o(.text)
    FDCAN2_IT0_IRQHandler                    0x08000351   Thumb Code     0  startup_stm32h533xx.o(.text)
    FDCAN2_IT1_IRQHandler                    0x08000351   Thumb Code     0  startup_stm32h533xx.o(.text)
    FLASH_IRQHandler                         0x08000351   Thumb Code     0  startup_stm32h533xx.o(.text)
    FLASH_S_IRQHandler                       0x08000351   Thumb Code     0  startup_stm32h533xx.o(.text)
    FMC_IRQHandler                           0x08000351   Thumb Code     0  startup_stm32h533xx.o(.text)
    FPU_IRQHandler                           0x08000351   Thumb Code     0  startup_stm32h533xx.o(.text)
    GPDMA1_Channel0_IRQHandler               0x08000351   Thumb Code     0  startup_stm32h533xx.o(.text)
    GPDMA1_Channel1_IRQHandler               0x08000351   Thumb Code     0  startup_stm32h533xx.o(.text)
    GPDMA1_Channel2_IRQHandler               0x08000351   Thumb Code     0  startup_stm32h533xx.o(.text)
    GPDMA1_Channel3_IRQHandler               0x08000351   Thumb Code     0  startup_stm32h533xx.o(.text)
    GPDMA1_Channel4_IRQHandler               0x08000351   Thumb Code     0  startup_stm32h533xx.o(.text)
    GPDMA1_Channel5_IRQHandler               0x08000351   Thumb Code     0  startup_stm32h533xx.o(.text)
    GPDMA1_Channel6_IRQHandler               0x08000351   Thumb Code     0  startup_stm32h533xx.o(.text)
    GPDMA1_Channel7_IRQHandler               0x08000351   Thumb Code     0  startup_stm32h533xx.o(.text)
    GPDMA2_Channel0_IRQHandler               0x08000351   Thumb Code     0  startup_stm32h533xx.o(.text)
    GPDMA2_Channel1_IRQHandler               0x08000351   Thumb Code     0  startup_stm32h533xx.o(.text)
    GPDMA2_Channel2_IRQHandler               0x08000351   Thumb Code     0  startup_stm32h533xx.o(.text)
    GPDMA2_Channel3_IRQHandler               0x08000351   Thumb Code     0  startup_stm32h533xx.o(.text)
    GPDMA2_Channel4_IRQHandler               0x08000351   Thumb Code     0  startup_stm32h533xx.o(.text)
    GPDMA2_Channel5_IRQHandler               0x08000351   Thumb Code     0  startup_stm32h533xx.o(.text)
    GPDMA2_Channel6_IRQHandler               0x08000351   Thumb Code     0  startup_stm32h533xx.o(.text)
    GPDMA2_Channel7_IRQHandler               0x08000351   Thumb Code     0  startup_stm32h533xx.o(.text)
    GTZC_IRQHandler                          0x08000351   Thumb Code     0  startup_stm32h533xx.o(.text)
    HASH_IRQHandler                          0x08000351   Thumb Code     0  startup_stm32h533xx.o(.text)
    I2C1_ER_IRQHandler                       0x08000351   Thumb Code     0  startup_stm32h533xx.o(.text)
    I2C1_EV_IRQHandler                       0x08000351   Thumb Code     0  startup_stm32h533xx.o(.text)
    I2C2_ER_IRQHandler                       0x08000351   Thumb Code     0  startup_stm32h533xx.o(.text)
    I2C2_EV_IRQHandler                       0x08000351   Thumb Code     0  startup_stm32h533xx.o(.text)
    I2C3_ER_IRQHandler                       0x08000351   Thumb Code     0  startup_stm32h533xx.o(.text)
    I2C3_EV_IRQHandler                       0x08000351   Thumb Code     0  startup_stm32h533xx.o(.text)
    I3C1_ER_IRQHandler                       0x08000351   Thumb Code     0  startup_stm32h533xx.o(.text)
    I3C1_EV_IRQHandler                       0x08000351   Thumb Code     0  startup_stm32h533xx.o(.text)
    I3C2_ER_IRQHandler                       0x08000351   Thumb Code     0  startup_stm32h533xx.o(.text)
    I3C2_EV_IRQHandler                       0x08000351   Thumb Code     0  startup_stm32h533xx.o(.text)
    ICACHE_IRQHandler                        0x08000351   Thumb Code     0  startup_stm32h533xx.o(.text)
    IWDG_IRQHandler                          0x08000351   Thumb Code     0  startup_stm32h533xx.o(.text)
    LPTIM1_IRQHandler                        0x08000351   Thumb Code     0  startup_stm32h533xx.o(.text)
    LPTIM2_IRQHandler                        0x08000351   Thumb Code     0  startup_stm32h533xx.o(.text)
    LPUART1_IRQHandler                       0x08000351   Thumb Code     0  startup_stm32h533xx.o(.text)
    OCTOSPI1_IRQHandler                      0x08000351   Thumb Code     0  startup_stm32h533xx.o(.text)
    OTFDEC1_IRQHandler                       0x08000351   Thumb Code     0  startup_stm32h533xx.o(.text)
    PKA_IRQHandler                           0x08000351   Thumb Code     0  startup_stm32h533xx.o(.text)
    PVD_AVD_IRQHandler                       0x08000351   Thumb Code     0  startup_stm32h533xx.o(.text)
    RAMCFG_IRQHandler                        0x08000351   Thumb Code     0  startup_stm32h533xx.o(.text)
    RCC_IRQHandler                           0x08000351   Thumb Code     0  startup_stm32h533xx.o(.text)
    RCC_S_IRQHandler                         0x08000351   Thumb Code     0  startup_stm32h533xx.o(.text)
    RNG_IRQHandler                           0x08000351   Thumb Code     0  startup_stm32h533xx.o(.text)
    RTC_IRQHandler                           0x08000351   Thumb Code     0  startup_stm32h533xx.o(.text)
    RTC_S_IRQHandler                         0x08000351   Thumb Code     0  startup_stm32h533xx.o(.text)
    SAES_IRQHandler                          0x08000351   Thumb Code     0  startup_stm32h533xx.o(.text)
    SDMMC1_IRQHandler                        0x08000351   Thumb Code     0  startup_stm32h533xx.o(.text)
    SPI1_IRQHandler                          0x08000351   Thumb Code     0  startup_stm32h533xx.o(.text)
    SPI2_IRQHandler                          0x08000351   Thumb Code     0  startup_stm32h533xx.o(.text)
    SPI4_IRQHandler                          0x08000351   Thumb Code     0  startup_stm32h533xx.o(.text)
    TAMP_IRQHandler                          0x08000351   Thumb Code     0  startup_stm32h533xx.o(.text)
    TIM12_IRQHandler                         0x08000351   Thumb Code     0  startup_stm32h533xx.o(.text)
    TIM15_IRQHandler                         0x08000351   Thumb Code     0  startup_stm32h533xx.o(.text)
    TIM1_BRK_IRQHandler                      0x08000351   Thumb Code     0  startup_stm32h533xx.o(.text)
    TIM1_CC_IRQHandler                       0x08000351   Thumb Code     0  startup_stm32h533xx.o(.text)
    TIM1_TRG_COM_IRQHandler                  0x08000351   Thumb Code     0  startup_stm32h533xx.o(.text)
    TIM1_UP_IRQHandler                       0x08000351   Thumb Code     0  startup_stm32h533xx.o(.text)
    TIM2_IRQHandler                          0x08000351   Thumb Code     0  startup_stm32h533xx.o(.text)
    TIM3_IRQHandler                          0x08000351   Thumb Code     0  startup_stm32h533xx.o(.text)
    TIM4_IRQHandler                          0x08000351   Thumb Code     0  startup_stm32h533xx.o(.text)
    TIM5_IRQHandler                          0x08000351   Thumb Code     0  startup_stm32h533xx.o(.text)
    TIM6_IRQHandler                          0x08000351   Thumb Code     0  startup_stm32h533xx.o(.text)
    TIM7_IRQHandler                          0x08000351   Thumb Code     0  startup_stm32h533xx.o(.text)
    TIM8_BRK_IRQHandler                      0x08000351   Thumb Code     0  startup_stm32h533xx.o(.text)
    TIM8_CC_IRQHandler                       0x08000351   Thumb Code     0  startup_stm32h533xx.o(.text)
    TIM8_TRG_COM_IRQHandler                  0x08000351   Thumb Code     0  startup_stm32h533xx.o(.text)
    TIM8_UP_IRQHandler                       0x08000351   Thumb Code     0  startup_stm32h533xx.o(.text)
    UART4_IRQHandler                         0x08000351   Thumb Code     0  startup_stm32h533xx.o(.text)
    UART5_IRQHandler                         0x08000351   Thumb Code     0  startup_stm32h533xx.o(.text)
    UCPD1_IRQHandler                         0x08000351   Thumb Code     0  startup_stm32h533xx.o(.text)
    USART1_IRQHandler                        0x08000351   Thumb Code     0  startup_stm32h533xx.o(.text)
    USART2_IRQHandler                        0x08000351   Thumb Code     0  startup_stm32h533xx.o(.text)
    USART3_IRQHandler                        0x08000351   Thumb Code     0  startup_stm32h533xx.o(.text)
    USART6_IRQHandler                        0x08000351   Thumb Code     0  startup_stm32h533xx.o(.text)
    WWDG_IRQHandler                          0x08000351   Thumb Code     0  startup_stm32h533xx.o(.text)
    __user_initial_stackheap                 0x08000355   Thumb Code    10  startup_stm32h533xx.o(.text)
    __aeabi_uldivmod                         0x08000379   Thumb Code     0  lludivv7m.o(.text)
    _ll_udiv                                 0x08000379   Thumb Code   240  lludivv7m.o(.text)
    __2snprintf                              0x08000469   Thumb Code    58  noretval__2snprintf.o(.text)
    _printf_pre_padding                      0x080004a9   Thumb Code    44  _printf_pad.o(.text)
    _printf_post_padding                     0x080004d5   Thumb Code    34  _printf_pad.o(.text)
    _printf_str                              0x080004f7   Thumb Code    82  _printf_str.o(.text)
    _printf_int_dec                          0x08000549   Thumb Code   104  _printf_dec.o(.text)
    _printf_int_hex                          0x080005c1   Thumb Code    84  _printf_hex_int.o(.text)
    _printf_longlong_hex                     0x080005c1   Thumb Code     0  _printf_hex_int.o(.text)
    __printf                                 0x08000619   Thumb Code   308  __printf_flags_wp.o(.text)
    strlen                                   0x08000751   Thumb Code    62  strlen.o(.text)
    __aeabi_memcpy                           0x0800078f   Thumb Code     0  rt_memcpy_v6.o(.text)
    __rt_memcpy                              0x0800078f   Thumb Code   138  rt_memcpy_v6.o(.text)
    _memcpy_lastbytes                        0x080007f5   Thumb Code     0  rt_memcpy_v6.o(.text)
    __aeabi_memclr                           0x08000819   Thumb Code     0  rt_memclr.o(.text)
    __rt_memclr                              0x08000819   Thumb Code     0  rt_memclr.o(.text)
    _memset                                  0x0800081d   Thumb Code    64  rt_memclr.o(.text)
    __aeabi_memclr4                          0x0800085d   Thumb Code     0  rt_memclr_w.o(.text)
    __aeabi_memclr8                          0x0800085d   Thumb Code     0  rt_memclr_w.o(.text)
    __rt_memclr_w                            0x0800085d   Thumb Code     0  rt_memclr_w.o(.text)
    _memset_w                                0x08000861   Thumb Code    74  rt_memclr_w.o(.text)
    __use_two_region_memory                  0x080008ab   Thumb Code     2  heapauxi.o(.text)
    __rt_heap_escrow$2region                 0x080008ad   Thumb Code     2  heapauxi.o(.text)
    __rt_heap_expand$2region                 0x080008af   Thumb Code     2  heapauxi.o(.text)
    _printf_int_common                       0x080008b1   Thumb Code   178  _printf_intcommon.o(.text)
    _printf_char_common                      0x0800096f   Thumb Code    32  _printf_char_common.o(.text)
    _snputc                                  0x08000995   Thumb Code    16  _snputc.o(.text)
    _printf_cs_common                        0x080009a5   Thumb Code    20  _printf_char.o(.text)
    _printf_char                             0x080009b9   Thumb Code    16  _printf_char.o(.text)
    _printf_string                           0x080009c9   Thumb Code     8  _printf_char.o(.text)
    __aeabi_memcpy4                          0x080009d1   Thumb Code     0  rt_memcpy_w.o(.text)
    __aeabi_memcpy8                          0x080009d1   Thumb Code     0  rt_memcpy_w.o(.text)
    __rt_memcpy_w                            0x080009d1   Thumb Code   100  rt_memcpy_w.o(.text)
    _memcpy_lastbytes_aligned                0x08000a19   Thumb Code     0  rt_memcpy_w.o(.text)
    __user_setup_stackheap                   0x08000a35   Thumb Code    74  sys_stackheap_outer.o(.text)
    exit                                     0x08000a7f   Thumb Code    18  exit.o(.text)
    __user_libspace                          0x08000a91   Thumb Code     8  libspace.o(.text)
    __user_perproc_libspace                  0x08000a91   Thumb Code     0  libspace.o(.text)
    __user_perthread_libspace                0x08000a91   Thumb Code     0  libspace.o(.text)
    _sys_exit                                0x08000a99   Thumb Code     8  sys_exit.o(.text)
    __I$use$semihosting                      0x08000aa5   Thumb Code     0  use_no_semi.o(.text)
    __use_no_semihosting_swi                 0x08000aa5   Thumb Code     2  use_no_semi.o(.text)
    __semihosting_library_function           0x08000aa7   Thumb Code     0  indicate_semi.o(.text)
    BSP_LED_Init                             0x08000aa9   Thumb Code    84  stm32h5xx_nucleo.o(.text.BSP_LED_Init)
    BSP_LED_Toggle                           0x08000afd   Thumb Code    28  stm32h5xx_nucleo.o(.text.BSP_LED_Toggle)
    BSP_PB_Callback                          0x08000b19   Thumb Code     2  stm32h5xx_nucleo.o(.text.BSP_PB_Callback)
    BSP_PB_IRQHandler                        0x08000b1d   Thumb Code    20  stm32h5xx_nucleo.o(.text.BSP_PB_IRQHandler)
    BSP_PB_Init                              0x08000b31   Thumb Code   148  stm32h5xx_nucleo.o(.text.BSP_PB_Init)
    BusFault_Handler                         0x08000bcd   Thumb Code     2  stm32h5xx_it.o(.text.BusFault_Handler)
    DebugMon_Handler                         0x08000bd1   Thumb Code     2  stm32h5xx_it.o(.text.DebugMon_Handler)
    EXTI13_IRQHandler                        0x08000bd5   Thumb Code     6  stm32h5xx_it.o(.text.EXTI13_IRQHandler)
    Error_Handler                            0x08000bdd   Thumb Code     6  main.o(.text.Error_Handler)
    HAL_DMA_Abort_IT                         0x08000be5   Thumb Code    40  stm32h5xx_hal_dma.o(.text.HAL_DMA_Abort_IT)
    HAL_Delay                                0x08000c0d   Thumb Code    40  stm32h5xx_hal.o(.text.HAL_Delay)
    HAL_EXTI_GetHandle                       0x08000c35   Thumb Code    12  stm32h5xx_hal_exti.o(.text.HAL_EXTI_GetHandle)
    HAL_EXTI_IRQHandler                      0x08000c41   Thumb Code    82  stm32h5xx_hal_exti.o(.text.HAL_EXTI_IRQHandler)
    HAL_EXTI_RegisterCallback                0x08000c95   Thumb Code    30  stm32h5xx_hal_exti.o(.text.HAL_EXTI_RegisterCallback)
    HAL_GPIO_Init                            0x08000cb5   Thumb Code   400  stm32h5xx_hal_gpio.o(.text.HAL_GPIO_Init)
    HAL_GPIO_ReadPin                         0x08000e45   Thumb Code    10  stm32h5xx_hal_gpio.o(.text.HAL_GPIO_ReadPin)
    HAL_GPIO_TogglePin                       0x08000e51   Thumb Code    16  stm32h5xx_hal_gpio.o(.text.HAL_GPIO_TogglePin)
    HAL_GPIO_WritePin                        0x08000e61   Thumb Code    12  stm32h5xx_hal_gpio.o(.text.HAL_GPIO_WritePin)
    HAL_GetTick                              0x08000e6d   Thumb Code    12  stm32h5xx_hal.o(.text.HAL_GetTick)
    HAL_IncTick                              0x08000e79   Thumb Code    26  stm32h5xx_hal.o(.text.HAL_IncTick)
    HAL_Init                                 0x08000e95   Thumb Code    76  stm32h5xx_hal.o(.text.HAL_Init)
    HAL_InitTick                             0x08000ee1   Thumb Code   140  stm32h5xx_hal.o(.text.HAL_InitTick)
    HAL_MspInit                              0x08000f6d   Thumb Code     2  stm32h5xx_hal_msp.o(.text.HAL_MspInit)
    HAL_NVIC_EnableIRQ                       0x08000f71   Thumb Code    34  stm32h5xx_hal_cortex.o(.text.HAL_NVIC_EnableIRQ)
    HAL_NVIC_SetPriority                     0x08000f95   Thumb Code    86  stm32h5xx_hal_cortex.o(.text.HAL_NVIC_SetPriority)
    HAL_NVIC_SetPriorityGrouping             0x08000fed   Thumb Code    32  stm32h5xx_hal_cortex.o(.text.HAL_NVIC_SetPriorityGrouping)
    HAL_PCDEx_ActivateLPM                    0x0800100d   Thumb Code    34  stm32h5xx_hal_pcd_ex.o(.text.HAL_PCDEx_ActivateLPM)
    HAL_PCDEx_LPM_Callback                   0x08001031   Thumb Code     2  stm32h5xx_hal_pcd_ex.o(.text.HAL_PCDEx_LPM_Callback)
    HAL_PCD_DataInStageCallback              0x08001035   Thumb Code     2  stm32h5xx_hal_msp.o(.text.HAL_PCD_DataInStageCallback)
    HAL_PCD_DataOutStageCallback             0x08001039   Thumb Code     2  stm32h5xx_hal_msp.o(.text.HAL_PCD_DataOutStageCallback)
    HAL_PCD_IRQHandler                       0x0800103d   Thumb Code  2442  stm32h5xx_hal_pcd.o(.text.HAL_PCD_IRQHandler)
    HAL_PCD_Init                             0x080019c9   Thumb Code   224  stm32h5xx_hal_pcd.o(.text.HAL_PCD_Init)
    HAL_PCD_MspInit                          0x08001aa9   Thumb Code   108  stm32h5xx_hal_msp.o(.text.HAL_PCD_MspInit)
    HAL_PCD_ResetCallback                    0x08001b15   Thumb Code     2  stm32h5xx_hal_pcd.o(.text.HAL_PCD_ResetCallback)
    HAL_PCD_ResumeCallback                   0x08001b19   Thumb Code     2  stm32h5xx_hal_pcd.o(.text.HAL_PCD_ResumeCallback)
    HAL_PCD_SOFCallback                      0x08001b1d   Thumb Code     2  stm32h5xx_hal_pcd.o(.text.HAL_PCD_SOFCallback)
    HAL_PCD_SetupStageCallback               0x08001b21   Thumb Code     2  stm32h5xx_hal_msp.o(.text.HAL_PCD_SetupStageCallback)
    HAL_PCD_SuspendCallback                  0x08001b25   Thumb Code     2  stm32h5xx_hal_pcd.o(.text.HAL_PCD_SuspendCallback)
    HAL_PWREx_EnableVddUSB                   0x08001b29   Thumb Code    18  stm32h5xx_hal_pwr_ex.o(.text.HAL_PWREx_EnableVddUSB)
    HAL_RCCEx_GetPLL1ClockFreq               0x08001b3d   Thumb Code   392  stm32h5xx_hal_rcc_ex.o(.text.HAL_RCCEx_GetPLL1ClockFreq)
    HAL_RCCEx_GetPLL2ClockFreq               0x08001cd1   Thumb Code   392  stm32h5xx_hal_rcc_ex.o(.text.HAL_RCCEx_GetPLL2ClockFreq)
    HAL_RCCEx_GetPLL3ClockFreq               0x08001e65   Thumb Code   392  stm32h5xx_hal_rcc_ex.o(.text.HAL_RCCEx_GetPLL3ClockFreq)
    HAL_RCCEx_GetPeriphCLKFreq               0x08001ff9   Thumb Code  2628  stm32h5xx_hal_rcc_ex.o(.text.HAL_RCCEx_GetPeriphCLKFreq)
    HAL_RCCEx_PeriphCLKConfig                0x08002a3d   Thumb Code  2384  stm32h5xx_hal_rcc_ex.o(.text.HAL_RCCEx_PeriphCLKConfig)
    HAL_RCC_ClockConfig                      0x0800338d   Thumb Code   602  stm32h5xx_hal_rcc.o(.text.HAL_RCC_ClockConfig)
    HAL_RCC_GetHCLKFreq                      0x080035e9   Thumb Code    48  stm32h5xx_hal_rcc.o(.text.HAL_RCC_GetHCLKFreq)
    HAL_RCC_GetPCLK1Freq                     0x08003619   Thumb Code    70  stm32h5xx_hal_rcc.o(.text.HAL_RCC_GetPCLK1Freq)
    HAL_RCC_GetPCLK2Freq                     0x08003661   Thumb Code    70  stm32h5xx_hal_rcc.o(.text.HAL_RCC_GetPCLK2Freq)
    HAL_RCC_GetPCLK3Freq                     0x080036a9   Thumb Code    70  stm32h5xx_hal_rcc.o(.text.HAL_RCC_GetPCLK3Freq)
    HAL_RCC_GetSysClockFreq                  0x080036f1   Thumb Code   280  stm32h5xx_hal_rcc.o(.text.HAL_RCC_GetSysClockFreq)
    HAL_RCC_OscConfig                        0x08003819   Thumb Code  1540  stm32h5xx_hal_rcc.o(.text.HAL_RCC_OscConfig)
    HAL_SPI_ErrorCallback                    0x08003e1d   Thumb Code     2  stm32h5xx_hal_spi.o(.text.HAL_SPI_ErrorCallback)
    HAL_SPI_IRQHandler                       0x08003e21   Thumb Code   580  stm32h5xx_hal_spi.o(.text.HAL_SPI_IRQHandler)
    HAL_SPI_Init                             0x08004065   Thumb Code   466  stm32h5xx_hal_spi.o(.text.HAL_SPI_Init)
    HAL_SPI_MspInit                          0x08004239   Thumb Code   400  stm32h5xx_hal_msp.o(.text.HAL_SPI_MspInit)
    HAL_SPI_RxCpltCallback                   0x080043c9   Thumb Code     2  stm32h5xx_hal_spi.o(.text.HAL_SPI_RxCpltCallback)
    HAL_SPI_SuspendCallback                  0x080043cd   Thumb Code     2  stm32h5xx_hal_spi.o(.text.HAL_SPI_SuspendCallback)
    HAL_SPI_Transmit                         0x080043d1   Thumb Code   676  stm32h5xx_hal_spi.o(.text.HAL_SPI_Transmit)
    HAL_SPI_TransmitReceive                  0x08004675   Thumb Code  1118  stm32h5xx_hal_spi.o(.text.HAL_SPI_TransmitReceive)
    HAL_SPI_TxCpltCallback                   0x08004ad5   Thumb Code     2  stm32h5xx_hal_spi.o(.text.HAL_SPI_TxCpltCallback)
    HAL_SPI_TxRxCpltCallback                 0x08004ad9   Thumb Code     2  stm32h5xx_hal_spi.o(.text.HAL_SPI_TxRxCpltCallback)
    HAL_SYSTICK_CLKSourceConfig              0x08004add   Thumb Code   114  stm32h5xx_hal_cortex.o(.text.HAL_SYSTICK_CLKSourceConfig)
    HAL_SYSTICK_Config                       0x08004b51   Thumb Code    36  stm32h5xx_hal_cortex.o(.text.HAL_SYSTICK_Config)
    HAL_SYSTICK_GetCLKSourceConfig           0x08004b75   Thumb Code    48  stm32h5xx_hal_cortex.o(.text.HAL_SYSTICK_GetCLKSourceConfig)
    HAL_UARTEx_DisableFifoMode               0x08004ba5   Thumb Code    54  stm32h5xx_hal_uart_ex.o(.text.HAL_UARTEx_DisableFifoMode)
    HAL_UARTEx_SetRxFifoThreshold            0x08004bdd   Thumb Code   146  stm32h5xx_hal_uart_ex.o(.text.HAL_UARTEx_SetRxFifoThreshold)
    HAL_UARTEx_SetTxFifoThreshold            0x08004c71   Thumb Code   146  stm32h5xx_hal_uart_ex.o(.text.HAL_UARTEx_SetTxFifoThreshold)
    HAL_UART_Init                            0x08004d05   Thumb Code   100  stm32h5xx_hal_uart.o(.text.HAL_UART_Init)
    HAL_UART_MspInit                         0x08004d69   Thumb Code   142  stm32h5xx_hal_msp.o(.text.HAL_UART_MspInit)
    HAL_UART_Transmit                        0x08004df9   Thumb Code   276  stm32h5xx_hal_uart.o(.text.HAL_UART_Transmit)
    HardFault_Handler                        0x08004f0d   Thumb Code     2  stm32h5xx_it.o(.text.HardFault_Handler)
    MCP23S17_Init                            0x08004f11   Thumb Code   692  main.o(.text.MCP23S17_Init)
    MCP23S17_ReadRegister                    0x08005251   Thumb Code   176  main.o(.text.MCP23S17_ReadRegister)
    MCP23S17_WriteRegister                   0x08005301   Thumb Code   156  main.o(.text.MCP23S17_WriteRegister)
    MemManage_Handler                        0x0800539d   Thumb Code     2  stm32h5xx_it.o(.text.MemManage_Handler)
    NMI_Handler                              0x080053a1   Thumb Code     2  stm32h5xx_it.o(.text.NMI_Handler)
    PendSV_Handler                           0x080053a5   Thumb Code     2  stm32h5xx_it.o(.text.PendSV_Handler)
    ProcessButtonEvents                      0x080053a9   Thumb Code   220  main.o(.text.ProcessButtonEvents)
    SPI3_IRQHandler                          0x080056a9   Thumb Code    12  stm32h5xx_it.o(.text.SPI3_IRQHandler)
    SVC_Handler                              0x08005791   Thumb Code     2  stm32h5xx_it.o(.text.SVC_Handler)
    ScanButtonMatrix                         0x08005795   Thumb Code   292  main.o(.text.ScanButtonMatrix)
    SysTick_Handler                          0x08005905   Thumb Code     4  stm32h5xx_it.o(.text.SysTick_Handler)
    SystemClock_Config                       0x08005909   Thumb Code   178  main.o(.text.SystemClock_Config)
    SystemInit                               0x080059bd   Thumb Code   174  system_stm32h5xx.o(.text.SystemInit)
    UART_AdvFeatureConfig                    0x08005a6d   Thumb Code   230  stm32h5xx_hal_uart.o(.text.UART_AdvFeatureConfig)
    UART_CheckIdleState                      0x08005b55   Thumb Code   190  stm32h5xx_hal_uart.o(.text.UART_CheckIdleState)
    UART_SetConfig                           0x08005c15   Thumb Code   516  stm32h5xx_hal_uart.o(.text.UART_SetConfig)
    UART_WaitOnFlagUntilTimeout              0x08005e19   Thumb Code   318  stm32h5xx_hal_uart.o(.text.UART_WaitOnFlagUntilTimeout)
    USB_CoreInit                             0x08005f59   Thumb Code    32  stm32h5xx_ll_usb.o(.text.USB_CoreInit)
    USB_DRD_FS_IRQHandler                    0x08005f79   Thumb Code    24  stm32h5xx_it.o(.text.USB_DRD_FS_IRQHandler)
    USB_DevDisconnect                        0x08005f91   Thumb Code    14  stm32h5xx_ll_usb.o(.text.USB_DevDisconnect)
    USB_DevInit                              0x08005fa1   Thumb Code    30  stm32h5xx_ll_usb.o(.text.USB_DevInit)
    USB_DisableGlobalInt                     0x08005fc1   Thumb Code    18  stm32h5xx_ll_usb.o(.text.USB_DisableGlobalInt)
    USB_EPStartXfer                          0x08005fd5   Thumb Code  1194  stm32h5xx_ll_usb.o(.text.USB_EPStartXfer)
    USB_ReadInterrupts                       0x08006481   Thumb Code     4  stm32h5xx_ll_usb.o(.text.USB_ReadInterrupts)
    USB_ReadPMA                              0x08006485   Thumb Code    96  stm32h5xx_ll_usb.o(.text.USB_ReadPMA)
    USB_SetCurrentMode                       0x080064e5   Thumb Code    32  stm32h5xx_ll_usb.o(.text.USB_SetCurrentMode)
    USB_SetDevAddress                        0x08006505   Thumb Code    12  stm32h5xx_ll_usb.o(.text.USB_SetDevAddress)
    USB_WritePMA                             0x08006511   Thumb Code   100  stm32h5xx_ll_usb.o(.text.USB_WritePMA)
    UsageFault_Handler                       0x08006575   Thumb Code     2  stm32h5xx_it.o(.text.UsageFault_Handler)
    btable_set_rx_bufsize                    0x08006579   Thumb Code    82  fsdev_common.o(.text.btable_set_rx_bufsize)
    dcd_edpt0_status_complete                0x0800669d   Thumb Code    40  dcd_stm32_fsdev.o(.text.dcd_edpt0_status_complete)
    dcd_edpt_clear_stall                     0x080066c5   Thumb Code   150  dcd_stm32_fsdev.o(.text.dcd_edpt_clear_stall)
    dcd_edpt_close_all                       0x0800675d   Thumb Code   102  dcd_stm32_fsdev.o(.text.dcd_edpt_close_all)
    dcd_edpt_open                            0x080067c5   Thumb Code   476  dcd_stm32_fsdev.o(.text.dcd_edpt_open)
    dcd_edpt_stall                           0x080069a1   Thumb Code   124  dcd_stm32_fsdev.o(.text.dcd_edpt_stall)
    dcd_edpt_xfer                            0x08006a1d   Thumb Code    52  dcd_stm32_fsdev.o(.text.dcd_edpt_xfer)
    dcd_edpt_xfer_fifo                       0x08006a51   Thumb Code    52  dcd_stm32_fsdev.o(.text.dcd_edpt_xfer_fifo)
    dcd_event_handler                        0x08006a85   Thumb Code   698  usbd.o(.text.dcd_event_handler)
    dcd_init                                 0x08006d41   Thumb Code    42  dcd_stm32_fsdev.o(.text.dcd_init)
    dcd_int_disable                          0x08006d6d   Thumb Code    24  dcd_stm32_fsdev.o(.text.dcd_int_disable)
    dcd_int_enable                           0x08006d85   Thumb Code    24  dcd_stm32_fsdev.o(.text.dcd_int_enable)
    dcd_int_handler                          0x08006d9d   Thumb Code   850  dcd_stm32_fsdev.o(.text.dcd_int_handler)
    dcd_set_address                          0x080070f1   Thumb Code    24  dcd_stm32_fsdev.o(.text.dcd_set_address)
    dcd_sof_enable                           0x08007109   Thumb Code    22  dcd_stm32_fsdev.o(.text.dcd_sof_enable)
    fsdev_core_reset                         0x08007285   Thumb Code    78  fsdev_common.o(.text.fsdev_core_reset)
    main                                     0x08007491   Thumb Code  2560  main.o(.text.main)
    midid_control_xfer_cb                    0x08007f19   Thumb Code     4  midi_device.o(.text.midid_control_xfer_cb)
    midid_deinit                             0x08007f1d   Thumb Code     4  midi_device.o(.text.midid_deinit)
    midid_init                               0x08007f21   Thumb Code    76  midi_device.o(.text.midid_init)
    midid_open                               0x08007f6d   Thumb Code   426  midi_device.o(.text.midid_open)
    midid_reset                              0x08008119   Thumb Code    44  midi_device.o(.text.midid_reset)
    midid_xfer_cb                            0x08008145   Thumb Code   190  midi_device.o(.text.midid_xfer_cb)
    pma_align_buffer_size                    0x08008205   Thumb Code    46  fsdev_common.o(.text.pma_align_buffer_size)
    tu_bind_driver_to_ep_itf                 0x080084c5   Thumb Code   134  tusb.o(.text.tu_bind_driver_to_ep_itf)
    tu_edpt_claim                            0x0800854d   Thumb Code    54  tusb.o(.text.tu_edpt_claim)
    tu_edpt_release                          0x08008585   Thumb Code    30  tusb.o(.text.tu_edpt_release)
    tu_edpt_stream_init                      0x080085a5   Thumb Code    66  tusb.o(.text.tu_edpt_stream_init)
    tu_edpt_stream_read_xfer                 0x080085e9   Thumb Code   204  tusb.o(.text.tu_edpt_stream_read_xfer)
    tu_edpt_stream_write                     0x080086b5   Thumb Code    68  tusb.o(.text.tu_edpt_stream_write)
    tu_edpt_stream_write_available           0x080086f9   Thumb Code    24  tusb.o(.text.tu_edpt_stream_write_available)
    tu_edpt_stream_write_xfer                0x08008711   Thumb Code   182  tusb.o(.text.tu_edpt_stream_write_xfer)
    tu_edpt_stream_write_zlp_if_needed       0x080087c9   Thumb Code   126  tusb.o(.text.tu_edpt_stream_write_zlp_if_needed)
    tu_fifo_clear                            0x08008849   Thumb Code     8  tusb_fifo.o(.text.tu_fifo_clear)
    tu_fifo_config                           0x08008851   Thumb Code    30  tusb_fifo.o(.text.tu_fifo_config)
    tu_fifo_peek_n_access_mode               0x08008871   Thumb Code   480  tusb_fifo.o(.text.tu_fifo_peek_n_access_mode)
    tu_fifo_read_n_access_mode               0x08008a51   Thumb Code    58  tusb_fifo.o(.text.tu_fifo_read_n_access_mode)
    tu_fifo_write_n_access_mode              0x08008a8d   Thumb Code   672  tusb_fifo.o(.text.tu_fifo_write_n_access_mode)
    tu_hwfifo_read                           0x08008d2d   Thumb Code    68  tusb_fifo.o(.text.tu_hwfifo_read)
    tu_hwfifo_write                          0x08008d71   Thumb Code    70  tusb_fifo.o(.text.tu_hwfifo_write)
    tud_control_status                       0x08008db9   Thumb Code    54  usbd_control.o(.text.tud_control_status)
    tud_control_xfer                         0x08008df1   Thumb Code   222  usbd_control.o(.text.tud_control_xfer)
    tud_descriptor_bos_cb                    0x08008ed1   Thumb Code     4  usbd.o(.text.tud_descriptor_bos_cb)
    tud_descriptor_configuration_cb          0x08008ed5   Thumb Code    10  usb_descriptors.o(.text.tud_descriptor_configuration_cb)
    tud_descriptor_device_cb                 0x08008ee1   Thumb Code    10  usb_descriptors.o(.text.tud_descriptor_device_cb)
    tud_descriptor_device_qualifier_cb       0x08008eed   Thumb Code     4  usbd.o(.text.tud_descriptor_device_qualifier_cb)
    tud_descriptor_other_speed_configuration_cb 0x08008ef1   Thumb Code     4  usbd.o(.text.tud_descriptor_other_speed_configuration_cb)
    tud_descriptor_string_cb                 0x08008ef5   Thumb Code   152  usb_descriptors.o(.text.tud_descriptor_string_cb)
    tud_event_hook_cb                        0x08008f9d   Thumb Code     2  usbd.o(.text.tud_event_hook_cb)
    tud_midi_n_stream_write                  0x08008fa1   Thumb Code   416  midi_device.o(.text.tud_midi_n_stream_write)
    tud_midi_rx_cb                           0x08009141   Thumb Code     2  midi_device.o(.text.tud_midi_rx_cb)
    tud_mount_cb                             0x08009145   Thumb Code     2  usbd.o(.text.tud_mount_cb)
    tud_mounted                              0x08009149   Thumb Code    18  usbd.o(.text.tud_mounted)
    tud_resume_cb                            0x0800915d   Thumb Code     2  usbd.o(.text.tud_resume_cb)
    tud_rhport_init                          0x08009161   Thumb Code   332  usbd.o(.text.tud_rhport_init)
    tud_sof_cb                               0x080092ad   Thumb Code     2  usbd.o(.text.tud_sof_cb)
    tud_suspend_cb                           0x080092b1   Thumb Code     2  usbd.o(.text.tud_suspend_cb)
    tud_task_ext                             0x080092b5   Thumb Code  1826  usbd.o(.text.tud_task_ext)
    tud_umount_cb                            0x080099d9   Thumb Code     2  usbd.o(.text.tud_umount_cb)
    tud_vendor_control_xfer_cb               0x080099dd   Thumb Code     4  usbd.o(.text.tud_vendor_control_xfer_cb)
    tusb_rhport_init                         0x080099e1   Thumb Code   134  tusb.o(.text.tusb_rhport_init)
    usbd_app_driver_get_cb                   0x08009a69   Thumb Code    10  usbd.o(.text.usbd_app_driver_get_cb)
    usbd_control_reset                       0x08009a75   Thumb Code    22  usbd_control.o(.text.usbd_control_reset)
    usbd_control_set_complete_callback       0x08009a8d   Thumb Code    12  usbd_control.o(.text.usbd_control_set_complete_callback)
    usbd_control_set_request                 0x08009a99   Thumb Code    24  usbd_control.o(.text.usbd_control_set_request)
    usbd_control_xfer_cb                     0x08009ab1   Thumb Code   332  usbd_control.o(.text.usbd_control_xfer_cb)
    usbd_edpt_claim                          0x08009bfd   Thumb Code    28  usbd.o(.text.usbd_edpt_claim)
    usbd_edpt_clear_stall                    0x08009c19   Thumb Code    64  usbd.o(.text.usbd_edpt_clear_stall)
    usbd_edpt_open                           0x08009c59   Thumb Code    40  usbd.o(.text.usbd_edpt_open)
    usbd_edpt_release                        0x08009c81   Thumb Code    28  usbd.o(.text.usbd_edpt_release)
    usbd_edpt_stall                          0x08009c9d   Thumb Code    64  usbd.o(.text.usbd_edpt_stall)
    usbd_edpt_xfer                           0x08009cdd   Thumb Code   132  usbd.o(.text.usbd_edpt_xfer)
    usbd_edpt_xfer_fifo                      0x08009d61   Thumb Code   132  usbd.o(.text.usbd_edpt_xfer_fifo)
    usbd_int_set                             0x08009de5   Thumb Code    24  usbd.o(.text.usbd_int_set)
    _is_digit                                0x08009dfd   Thumb Code    14  __printf_wp.o(i._is_digit)
    _fp_init                                 0x08009e0b   Thumb Code    26  fpinit.o(x$fpl$fpinit)
    __fplib_config_fpu_vfp                   0x08009e23   Thumb Code     0  fpinit.o(x$fpl$fpinit)
    __fplib_config_pureend_doubles           0x08009e23   Thumb Code     0  fpinit.o(x$fpl$fpinit)
    AHBPrescTable                            0x08009e65   Data          16  system_stm32h5xx.o(.rodata.AHBPrescTable)
    APBPrescTable                            0x08009e75   Data           8  system_stm32h5xx.o(.rodata.APBPrescTable)
    UARTPrescTable                           0x08009e7e   Data          24  stm32h5xx_hal_uart.o(.rodata.UARTPrescTable)
    Region$$Table$$Base                      0x0800ab5c   Number         0  anon$$obj.o(Region$$Table)
    Region$$Table$$Limit                     0x0800ab7c   Number         0  anon$$obj.o(Region$$Table)
    SystemCoreClock                          0x20000000   Data           4  system_stm32h5xx.o(.data.SystemCoreClock)
    _usbd_qdef                               0x20000004   Data          20  usbd.o(.data._usbd_qdef)
    uwTickFreq                               0x20000019   Data           1  stm32h5xx_hal.o(.data.uwTickFreq)
    uwTickPrio                               0x2000001c   Data           4  stm32h5xx_hal.o(.data.uwTickPrio)
    __libspace_start                         0x20000020   Data          96  libspace.o(.bss)
    __temporary_stack_top$libspace           0x20000080   Data           0  libspace.o(.bss)
    _tusb_rhport_role                        0x200001e8   Data           2  tusb.o(.bss._tusb_rhport_role)
    _usbd_qdef_buf                           0x20000228   Data         192  usbd.o(.bss._usbd_qdef_buf)
    button_matrix                            0x200002ec   Data         192  main.o(.bss.button_matrix)
    hpb_exti                                 0x200003d0   Data          12  stm32h5xx_nucleo.o(.bss.hpb_exti)
    hpcd_USB_DRD_FS                          0x200003dc   Data         740  main.o(.bss.hpcd_USB_DRD_FS)
    hspi2                                    0x200006c0   Data         144  main.o(.bss.hspi2)
    hspi3                                    0x20000750   Data         144  main.o(.bss.hspi3)
    huart2                                   0x200007e0   Data         148  main.o(.bss.huart2)
    uwTick                                   0x20000878   Data           4  stm32h5xx_hal.o(.bss.uwTick)



==============================================================================

Memory Map of the image

  Image Entry point : 0x08000255

  Load Region LR_IROM1 (Base: 0x08000000, Size: 0x0000aba0, Max: 0x00080000, ABSOLUTE)

    Execution Region ER_IROM1 (Exec base: 0x08000000, Load base: 0x08000000, Size: 0x0000ab7c, Max: 0x00080000, ABSOLUTE)

    Exec Addr    Load Addr    Size         Type   Attr      Idx    E Section Name        Object

    0x08000000   0x08000000   0x00000254   Data   RO            3    RESET               startup_stm32h533xx.o
    0x08000254   0x08000254   0x00000008   Code   RO         1821  * !!!main             c_w.l(__main.o)
    0x0800025c   0x0800025c   0x0000005c   Code   RO         2009    !!!scatter          c_w.l(__scatter.o)
    0x080002b8   0x080002b8   0x0000001a   Code   RO         2013    !!handler_copy      c_w.l(__scatter_copy.o)
    0x080002d2   0x080002d2   0x00000002   PAD
    0x080002d4   0x080002d4   0x00000002   Code   RO         2010    !!handler_null      c_w.l(__scatter.o)
    0x080002d6   0x080002d6   0x00000002   PAD
    0x080002d8   0x080002d8   0x0000001c   Code   RO         2015    !!handler_zi        c_w.l(__scatter_zi.o)
    0x080002f4   0x080002f4   0x00000000   Code   RO         1810    .ARM.Collect$$_printf_percent$$00000000  c_w.l(_printf_percent.o)
    0x080002f4   0x080002f4   0x00000006   Code   RO         1809    .ARM.Collect$$_printf_percent$$00000009  c_w.l(_printf_d.o)
    0x080002fa   0x080002fa   0x00000006   Code   RO         1808    .ARM.Collect$$_printf_percent$$0000000C  c_w.l(_printf_x.o)
    0x08000300   0x08000300   0x00000006   Code   RO         1807    .ARM.Collect$$_printf_percent$$00000014  c_w.l(_printf_s.o)
    0x08000306   0x08000306   0x00000004   Code   RO         1836    .ARM.Collect$$_printf_percent$$00000017  c_w.l(_printf_percent_end.o)
    0x0800030a   0x0800030a   0x00000002   Code   RO         1871    .ARM.Collect$$libinit$$00000000  c_w.l(libinit.o)
    0x0800030c   0x0800030c   0x00000004   Code   RO         1883    .ARM.Collect$$libinit$$00000001  c_w.l(libinit2.o)
    0x08000310   0x08000310   0x00000000   Code   RO         1886    .ARM.Collect$$libinit$$00000004  c_w.l(libinit2.o)
    0x08000310   0x08000310   0x00000000   Code   RO         1888    .ARM.Collect$$libinit$$00000006  c_w.l(libinit2.o)
    0x08000310   0x08000310   0x00000000   Code   RO         1891    .ARM.Collect$$libinit$$0000000C  c_w.l(libinit2.o)
    0x08000310   0x08000310   0x00000000   Code   RO         1893    .ARM.Collect$$libinit$$0000000E  c_w.l(libinit2.o)
    0x08000310   0x08000310   0x00000000   Code   RO         1895    .ARM.Collect$$libinit$$00000010  c_w.l(libinit2.o)
    0x08000310   0x08000310   0x00000000   Code   RO         1898    .ARM.Collect$$libinit$$00000013  c_w.l(libinit2.o)
    0x08000310   0x08000310   0x00000000   Code   RO         1900    .ARM.Collect$$libinit$$00000015  c_w.l(libinit2.o)
    0x08000310   0x08000310   0x00000000   Code   RO         1902    .ARM.Collect$$libinit$$00000017  c_w.l(libinit2.o)
    0x08000310   0x08000310   0x00000000   Code   RO         1904    .ARM.Collect$$libinit$$00000019  c_w.l(libinit2.o)
    0x08000310   0x08000310   0x00000000   Code   RO         1906    .ARM.Collect$$libinit$$0000001B  c_w.l(libinit2.o)
    0x08000310   0x08000310   0x00000000   Code   RO         1908    .ARM.Collect$$libinit$$0000001D  c_w.l(libinit2.o)
    0x08000310   0x08000310   0x00000000   Code   RO         1910    .ARM.Collect$$libinit$$0000001F  c_w.l(libinit2.o)
    0x08000310   0x08000310   0x00000000   Code   RO         1912    .ARM.Collect$$libinit$$00000021  c_w.l(libinit2.o)
    0x08000310   0x08000310   0x00000000   Code   RO         1914    .ARM.Collect$$libinit$$00000023  c_w.l(libinit2.o)
    0x08000310   0x08000310   0x00000000   Code   RO         1916    .ARM.Collect$$libinit$$00000025  c_w.l(libinit2.o)
    0x08000310   0x08000310   0x00000000   Code   RO         1918    .ARM.Collect$$libinit$$00000027  c_w.l(libinit2.o)
    0x08000310   0x08000310   0x00000000   Code   RO         1922    .ARM.Collect$$libinit$$0000002E  c_w.l(libinit2.o)
    0x08000310   0x08000310   0x00000000   Code   RO         1924    .ARM.Collect$$libinit$$00000030  c_w.l(libinit2.o)
    0x08000310   0x08000310   0x00000000   Code   RO         1926    .ARM.Collect$$libinit$$00000032  c_w.l(libinit2.o)
    0x08000310   0x08000310   0x00000000   Code   RO         1928    .ARM.Collect$$libinit$$00000034  c_w.l(libinit2.o)
    0x08000310   0x08000310   0x00000002   Code   RO         1929    .ARM.Collect$$libinit$$00000035  c_w.l(libinit2.o)
    0x08000312   0x08000312   0x00000002   Code   RO         1964    .ARM.Collect$$libshutdown$$00000000  c_w.l(libshutdown.o)
    0x08000314   0x08000314   0x00000000   Code   RO         1992    .ARM.Collect$$libshutdown$$00000002  c_w.l(libshutdown2.o)
    0x08000314   0x08000314   0x00000000   Code   RO         1994    .ARM.Collect$$libshutdown$$00000004  c_w.l(libshutdown2.o)
    0x08000314   0x08000314   0x00000000   Code   RO         1997    .ARM.Collect$$libshutdown$$00000007  c_w.l(libshutdown2.o)
    0x08000314   0x08000314   0x00000000   Code   RO         2000    .ARM.Collect$$libshutdown$$0000000A  c_w.l(libshutdown2.o)
    0x08000314   0x08000314   0x00000000   Code   RO         2002    .ARM.Collect$$libshutdown$$0000000C  c_w.l(libshutdown2.o)
    0x08000314   0x08000314   0x00000000   Code   RO         2005    .ARM.Collect$$libshutdown$$0000000F  c_w.l(libshutdown2.o)
    0x08000314   0x08000314   0x00000002   Code   RO         2006    .ARM.Collect$$libshutdown$$00000010  c_w.l(libshutdown2.o)
    0x08000316   0x08000316   0x00000000   Code   RO         1823    .ARM.Collect$$rtentry$$00000000  c_w.l(__rtentry.o)
    0x08000316   0x08000316   0x00000000   Code   RO         1840    .ARM.Collect$$rtentry$$00000002  c_w.l(__rtentry2.o)
    0x08000316   0x08000316   0x00000006   Code   RO         1852    .ARM.Collect$$rtentry$$00000004  c_w.l(__rtentry4.o)
    0x0800031c   0x0800031c   0x00000000   Code   RO         1842    .ARM.Collect$$rtentry$$00000009  c_w.l(__rtentry2.o)
    0x0800031c   0x0800031c   0x00000004   Code   RO         1843    .ARM.Collect$$rtentry$$0000000A  c_w.l(__rtentry2.o)
    0x08000320   0x08000320   0x00000000   Code   RO         1845    .ARM.Collect$$rtentry$$0000000C  c_w.l(__rtentry2.o)
    0x08000320   0x08000320   0x00000008   Code   RO         1846    .ARM.Collect$$rtentry$$0000000D  c_w.l(__rtentry2.o)
    0x08000328   0x08000328   0x00000002   Code   RO         1875    .ARM.Collect$$rtexit$$00000000  c_w.l(rtexit.o)
    0x0800032a   0x0800032a   0x00000000   Code   RO         1935    .ARM.Collect$$rtexit$$00000002  c_w.l(rtexit2.o)
    0x0800032a   0x0800032a   0x00000004   Code   RO         1936    .ARM.Collect$$rtexit$$00000003  c_w.l(rtexit2.o)
    0x0800032e   0x0800032e   0x00000006   Code   RO         1937    .ARM.Collect$$rtexit$$00000004  c_w.l(rtexit2.o)
    0x08000334   0x08000334   0x00000044   Code   RO            4    .text               startup_stm32h533xx.o
    0x08000378   0x08000378   0x000000f0   Code   RO         1752    .text               c_w.l(lludivv7m.o)
    0x08000468   0x08000468   0x00000040   Code   RO         1756    .text               c_w.l(noretval__2snprintf.o)
    0x080004a8   0x080004a8   0x0000004e   Code   RO         1760    .text               c_w.l(_printf_pad.o)
    0x080004f6   0x080004f6   0x00000052   Code   RO         1762    .text               c_w.l(_printf_str.o)
    0x08000548   0x08000548   0x00000078   Code   RO         1764    .text               c_w.l(_printf_dec.o)
    0x080005c0   0x080005c0   0x00000058   Code   RO         1769    .text               c_w.l(_printf_hex_int.o)
    0x08000618   0x08000618   0x00000138   Code   RO         1799    .text               c_w.l(__printf_flags_wp.o)
    0x08000750   0x08000750   0x0000003e   Code   RO         1811    .text               c_w.l(strlen.o)
    0x0800078e   0x0800078e   0x0000008a   Code   RO         1813    .text               c_w.l(rt_memcpy_v6.o)
    0x08000818   0x08000818   0x00000044   Code   RO         1815    .text               c_w.l(rt_memclr.o)
    0x0800085c   0x0800085c   0x0000004e   Code   RO         1817    .text               c_w.l(rt_memclr_w.o)
    0x080008aa   0x080008aa   0x00000006   Code   RO         1819    .text               c_w.l(heapauxi.o)
    0x080008b0   0x080008b0   0x000000b2   Code   RO         1828    .text               c_w.l(_printf_intcommon.o)
    0x08000962   0x08000962   0x00000002   PAD
    0x08000964   0x08000964   0x00000030   Code   RO         1830    .text               c_w.l(_printf_char_common.o)
    0x08000994   0x08000994   0x00000010   Code   RO         1832    .text               c_w.l(_snputc.o)
    0x080009a4   0x080009a4   0x0000002c   Code   RO         1834    .text               c_w.l(_printf_char.o)
    0x080009d0   0x080009d0   0x00000064   Code   RO         1837    .text               c_w.l(rt_memcpy_w.o)
    0x08000a34   0x08000a34   0x0000004a   Code   RO         1858    .text               c_w.l(sys_stackheap_outer.o)
    0x08000a7e   0x08000a7e   0x00000012   Code   RO         1860    .text               c_w.l(exit.o)
    0x08000a90   0x08000a90   0x00000008   Code   RO         1872    .text               c_w.l(libspace.o)
    0x08000a98   0x08000a98   0x0000000c   Code   RO         1930    .text               c_w.l(sys_exit.o)
    0x08000aa4   0x08000aa4   0x00000002   Code   RO         1953    .text               c_w.l(use_no_semi.o)
    0x08000aa6   0x08000aa6   0x00000000   Code   RO         1955    .text               c_w.l(indicate_semi.o)
    0x08000aa6   0x08000aa6   0x00000002   PAD
    0x08000aa8   0x08000aa8   0x00000054   Code   RO          143    .text.BSP_LED_Init  stm32h5xx_nucleo.o
    0x08000afc   0x08000afc   0x0000001c   Code   RO          151    .text.BSP_LED_Toggle  stm32h5xx_nucleo.o
    0x08000b18   0x08000b18   0x00000002   Code   RO          165    .text.BSP_PB_Callback  stm32h5xx_nucleo.o
    0x08000b1a   0x08000b1a   0x00000002   PAD
    0x08000b1c   0x08000b1c   0x00000014   Code   RO          163    .text.BSP_PB_IRQHandler  stm32h5xx_nucleo.o
    0x08000b30   0x08000b30   0x00000094   Code   RO          155    .text.BSP_PB_Init   stm32h5xx_nucleo.o
    0x08000bc4   0x08000bc4   0x00000006   Code   RO          157    .text.BUTTON_USER_EXTI_Callback  stm32h5xx_nucleo.o
    0x08000bca   0x08000bca   0x00000002   PAD
    0x08000bcc   0x08000bcc   0x00000002   Code   RO           80    .text.BusFault_Handler  stm32h5xx_it.o
    0x08000bce   0x08000bce   0x00000002   PAD
    0x08000bd0   0x08000bd0   0x00000002   Code   RO           86    .text.DebugMon_Handler  stm32h5xx_it.o
    0x08000bd2   0x08000bd2   0x00000002   PAD
    0x08000bd4   0x08000bd4   0x00000006   Code   RO           92    .text.EXTI13_IRQHandler  stm32h5xx_it.o
    0x08000bda   0x08000bda   0x00000002   PAD
    0x08000bdc   0x08000bdc   0x00000006   Code   RO           50    .text.Error_Handler  main.o
    0x08000be2   0x08000be2   0x00000002   PAD
    0x08000be4   0x08000be4   0x00000028   Code   RO          509    .text.HAL_DMA_Abort_IT  stm32h5xx_hal_dma.o
    0x08000c0c   0x08000c0c   0x00000028   Code   RO          766    .text.HAL_Delay     stm32h5xx_hal.o
    0x08000c34   0x08000c34   0x0000000c   Code   RO          885    .text.HAL_EXTI_GetHandle  stm32h5xx_hal_exti.o
    0x08000c40   0x08000c40   0x00000052   Code   RO          887    .text.HAL_EXTI_IRQHandler  stm32h5xx_hal_exti.o
    0x08000c92   0x08000c92   0x00000002   PAD
    0x08000c94   0x08000c94   0x0000001e   Code   RO          883    .text.HAL_EXTI_RegisterCallback  stm32h5xx_hal_exti.o
    0x08000cb2   0x08000cb2   0x00000002   PAD
    0x08000cb4   0x08000cb4   0x00000190   Code   RO          467    .text.HAL_GPIO_Init  stm32h5xx_hal_gpio.o
    0x08000e44   0x08000e44   0x0000000a   Code   RO          471    .text.HAL_GPIO_ReadPin  stm32h5xx_hal_gpio.o
    0x08000e4e   0x08000e4e   0x00000002   PAD
    0x08000e50   0x08000e50   0x00000010   Code   RO          477    .text.HAL_GPIO_TogglePin  stm32h5xx_hal_gpio.o
    0x08000e60   0x08000e60   0x0000000c   Code   RO          473    .text.HAL_GPIO_WritePin  stm32h5xx_hal_gpio.o
    0x08000e6c   0x08000e6c   0x0000000c   Code   RO          758    .text.HAL_GetTick   stm32h5xx_hal.o
    0x08000e78   0x08000e78   0x0000001a   Code   RO          756    .text.HAL_IncTick   stm32h5xx_hal.o
    0x08000e92   0x08000e92   0x00000002   PAD
    0x08000e94   0x08000e94   0x0000004c   Code   RO          746    .text.HAL_Init      stm32h5xx_hal.o
    0x08000ee0   0x08000ee0   0x0000008c   Code   RO          748    .text.HAL_InitTick  stm32h5xx_hal.o
    0x08000f6c   0x08000f6c   0x00000002   Code   RO          105    .text.HAL_MspInit   stm32h5xx_hal_msp.o
    0x08000f6e   0x08000f6e   0x00000002   PAD
    0x08000f70   0x08000f70   0x00000022   Code   RO          180    .text.HAL_NVIC_EnableIRQ  stm32h5xx_hal_cortex.o
    0x08000f92   0x08000f92   0x00000002   PAD
    0x08000f94   0x08000f94   0x00000056   Code   RO          178    .text.HAL_NVIC_SetPriority  stm32h5xx_hal_cortex.o
    0x08000fea   0x08000fea   0x00000002   PAD
    0x08000fec   0x08000fec   0x00000020   Code   RO          176    .text.HAL_NVIC_SetPriorityGrouping  stm32h5xx_hal_cortex.o
    0x0800100c   0x0800100c   0x00000022   Code   RO         1291    .text.HAL_PCDEx_ActivateLPM  stm32h5xx_hal_pcd_ex.o
    0x0800102e   0x0800102e   0x00000002   PAD
    0x08001030   0x08001030   0x00000002   Code   RO         1295    .text.HAL_PCDEx_LPM_Callback  stm32h5xx_hal_pcd_ex.o
    0x08001032   0x08001032   0x00000002   PAD
    0x08001034   0x08001034   0x00000002   Code   RO          123    .text.HAL_PCD_DataInStageCallback  stm32h5xx_hal_msp.o
    0x08001036   0x08001036   0x00000002   PAD
    0x08001038   0x08001038   0x00000002   Code   RO          121    .text.HAL_PCD_DataOutStageCallback  stm32h5xx_hal_msp.o
    0x0800103a   0x0800103a   0x00000002   PAD
    0x0800103c   0x0800103c   0x0000098a   Code   RO         1219    .text.HAL_PCD_IRQHandler  stm32h5xx_hal_pcd.o
    0x080019c6   0x080019c6   0x00000002   PAD
    0x080019c8   0x080019c8   0x000000e0   Code   RO         1207    .text.HAL_PCD_Init  stm32h5xx_hal_pcd.o
    0x08001aa8   0x08001aa8   0x0000006c   Code   RO          115    .text.HAL_PCD_MspInit  stm32h5xx_hal_msp.o
    0x08001b14   0x08001b14   0x00000002   Code   RO         1221    .text.HAL_PCD_ResetCallback  stm32h5xx_hal_pcd.o
    0x08001b16   0x08001b16   0x00000002   PAD
    0x08001b18   0x08001b18   0x00000002   Code   RO         1225    .text.HAL_PCD_ResumeCallback  stm32h5xx_hal_pcd.o
    0x08001b1a   0x08001b1a   0x00000002   PAD
    0x08001b1c   0x08001b1c   0x00000002   Code   RO         1229    .text.HAL_PCD_SOFCallback  stm32h5xx_hal_pcd.o
    0x08001b1e   0x08001b1e   0x00000002   PAD
    0x08001b20   0x08001b20   0x00000002   Code   RO          119    .text.HAL_PCD_SetupStageCallback  stm32h5xx_hal_msp.o
    0x08001b22   0x08001b22   0x00000002   PAD
    0x08001b24   0x08001b24   0x00000002   Code   RO         1227    .text.HAL_PCD_SuspendCallback  stm32h5xx_hal_pcd.o
    0x08001b26   0x08001b26   0x00000002   PAD
    0x08001b28   0x08001b28   0x00000012   Code   RO          684    .text.HAL_PWREx_EnableVddUSB  stm32h5xx_hal_pwr_ex.o
    0x08001b3a   0x08001b3a   0x00000002   PAD
    0x08001b3c   0x08001b3c   0x00000194   Code   RO          324    .text.HAL_RCCEx_GetPLL1ClockFreq  stm32h5xx_hal_rcc_ex.o
    0x08001cd0   0x08001cd0   0x00000194   Code   RO          326    .text.HAL_RCCEx_GetPLL2ClockFreq  stm32h5xx_hal_rcc_ex.o
    0x08001e64   0x08001e64   0x00000194   Code   RO          328    .text.HAL_RCCEx_GetPLL3ClockFreq  stm32h5xx_hal_rcc_ex.o
    0x08001ff8   0x08001ff8   0x00000a44   Code   RO          330    .text.HAL_RCCEx_GetPeriphCLKFreq  stm32h5xx_hal_rcc_ex.o
    0x08002a3c   0x08002a3c   0x00000950   Code   RO          316    .text.HAL_RCCEx_PeriphCLKConfig  stm32h5xx_hal_rcc_ex.o
    0x0800338c   0x0800338c   0x0000025a   Code   RO          280    .text.HAL_RCC_ClockConfig  stm32h5xx_hal_rcc.o
    0x080035e6   0x080035e6   0x00000002   PAD
    0x080035e8   0x080035e8   0x00000030   Code   RO          278    .text.HAL_RCC_GetHCLKFreq  stm32h5xx_hal_rcc.o
    0x08003618   0x08003618   0x00000046   Code   RO          286    .text.HAL_RCC_GetPCLK1Freq  stm32h5xx_hal_rcc.o
    0x0800365e   0x0800365e   0x00000002   PAD
    0x08003660   0x08003660   0x00000046   Code   RO          288    .text.HAL_RCC_GetPCLK2Freq  stm32h5xx_hal_rcc.o
    0x080036a6   0x080036a6   0x00000002   PAD
    0x080036a8   0x080036a8   0x00000046   Code   RO          290    .text.HAL_RCC_GetPCLK3Freq  stm32h5xx_hal_rcc.o
    0x080036ee   0x080036ee   0x00000002   PAD
    0x080036f0   0x080036f0   0x00000128   Code   RO          282    .text.HAL_RCC_GetSysClockFreq  stm32h5xx_hal_rcc.o
    0x08003818   0x08003818   0x00000604   Code   RO          276    .text.HAL_RCC_OscConfig  stm32h5xx_hal_rcc.o
    0x08003e1c   0x08003e1c   0x00000002   Code   RO          981    .text.HAL_SPI_ErrorCallback  stm32h5xx_hal_spi.o
    0x08003e1e   0x08003e1e   0x00000002   PAD
    0x08003e20   0x08003e20   0x00000244   Code   RO          977    .text.HAL_SPI_IRQHandler  stm32h5xx_hal_spi.o
    0x08004064   0x08004064   0x000001d2   Code   RO          907    .text.HAL_SPI_Init  stm32h5xx_hal_spi.o
    0x08004236   0x08004236   0x00000002   PAD
    0x08004238   0x08004238   0x00000190   Code   RO          107    .text.HAL_SPI_MspInit  stm32h5xx_hal_msp.o
    0x080043c8   0x080043c8   0x00000002   Code   RO          985    .text.HAL_SPI_RxCpltCallback  stm32h5xx_hal_spi.o
    0x080043ca   0x080043ca   0x00000002   PAD
    0x080043cc   0x080043cc   0x00000002   Code   RO          979    .text.HAL_SPI_SuspendCallback  stm32h5xx_hal_spi.o
    0x080043ce   0x080043ce   0x00000002   PAD
    0x080043d0   0x080043d0   0x000002a4   Code   RO          915    .text.HAL_SPI_Transmit  stm32h5xx_hal_spi.o
    0x08004674   0x08004674   0x0000045e   Code   RO          921    .text.HAL_SPI_TransmitReceive  stm32h5xx_hal_spi.o
    0x08004ad2   0x08004ad2   0x00000002   PAD
    0x08004ad4   0x08004ad4   0x00000002   Code   RO          987    .text.HAL_SPI_TxCpltCallback  stm32h5xx_hal_spi.o
    0x08004ad6   0x08004ad6   0x00000002   PAD
    0x08004ad8   0x08004ad8   0x00000002   Code   RO          983    .text.HAL_SPI_TxRxCpltCallback  stm32h5xx_hal_spi.o
    0x08004ada   0x08004ada   0x00000002   PAD
    0x08004adc   0x08004adc   0x00000072   Code   RO          202    .text.HAL_SYSTICK_CLKSourceConfig  stm32h5xx_hal_cortex.o
    0x08004b4e   0x08004b4e   0x00000002   PAD
    0x08004b50   0x08004b50   0x00000024   Code   RO          200    .text.HAL_SYSTICK_Config  stm32h5xx_hal_cortex.o
    0x08004b74   0x08004b74   0x00000030   Code   RO          204    .text.HAL_SYSTICK_GetCLKSourceConfig  stm32h5xx_hal_cortex.o
    0x08004ba4   0x08004ba4   0x00000036   Code   RO         1184    .text.HAL_UARTEx_DisableFifoMode  stm32h5xx_hal_uart_ex.o
    0x08004bda   0x08004bda   0x00000002   PAD
    0x08004bdc   0x08004bdc   0x00000092   Code   RO         1188    .text.HAL_UARTEx_SetRxFifoThreshold  stm32h5xx_hal_uart_ex.o
    0x08004c6e   0x08004c6e   0x00000002   PAD
    0x08004c70   0x08004c70   0x00000092   Code   RO         1186    .text.HAL_UARTEx_SetTxFifoThreshold  stm32h5xx_hal_uart_ex.o
    0x08004d02   0x08004d02   0x00000002   PAD
    0x08004d04   0x08004d04   0x00000064   Code   RO         1023    .text.HAL_UART_Init  stm32h5xx_hal_uart.o
    0x08004d68   0x08004d68   0x0000008e   Code   RO          111    .text.HAL_UART_MspInit  stm32h5xx_hal_msp.o
    0x08004df6   0x08004df6   0x00000002   PAD
    0x08004df8   0x08004df8   0x00000114   Code   RO         1043    .text.HAL_UART_Transmit  stm32h5xx_hal_uart.o
    0x08004f0c   0x08004f0c   0x00000002   Code   RO           76    .text.HardFault_Handler  stm32h5xx_it.o
    0x08004f0e   0x08004f0e   0x00000002   PAD
    0x08004f10   0x08004f10   0x00000340   Code   RO           40    .text.MCP23S17_Init  main.o
    0x08005250   0x08005250   0x000000b0   Code   RO           38    .text.MCP23S17_ReadRegister  main.o
    0x08005300   0x08005300   0x0000009c   Code   RO           36    .text.MCP23S17_WriteRegister  main.o
    0x0800539c   0x0800539c   0x00000002   Code   RO           78    .text.MemManage_Handler  stm32h5xx_it.o
    0x0800539e   0x0800539e   0x00000002   PAD
    0x080053a0   0x080053a0   0x00000002   Code   RO           74    .text.NMI_Handler   stm32h5xx_it.o
    0x080053a2   0x080053a2   0x00000002   PAD
    0x080053a4   0x080053a4   0x00000002   Code   RO           88    .text.PendSV_Handler  stm32h5xx_it.o
    0x080053a6   0x080053a6   0x00000002   PAD
    0x080053a8   0x080053a8   0x00000128   Code   RO           44    .text.ProcessButtonEvents  main.o
    0x080054d0   0x080054d0   0x000000ea   Code   RO          318    .text.RCCEx_PLL2_Config  stm32h5xx_hal_rcc_ex.o
    0x080055ba   0x080055ba   0x00000002   PAD
    0x080055bc   0x080055bc   0x000000ea   Code   RO          320    .text.RCCEx_PLL3_Config  stm32h5xx_hal_rcc_ex.o
    0x080056a6   0x080056a6   0x00000002   PAD
    0x080056a8   0x080056a8   0x0000000c   Code   RO           94    .text.SPI3_IRQHandler  stm32h5xx_it.o
    0x080056b4   0x080056b4   0x000000c4   Code   RO          917    .text.SPI_CloseTransfer  stm32h5xx_hal_spi.o
    0x08005778   0x08005778   0x00000016   Code   RO          989    .text.SPI_DMAAbortOnError  stm32h5xx_hal_spi.o
    0x0800578e   0x0800578e   0x00000002   PAD
    0x08005790   0x08005790   0x00000002   Code   RO           84    .text.SVC_Handler   stm32h5xx_it.o
    0x08005792   0x08005792   0x00000002   PAD
    0x08005794   0x08005794   0x00000170   Code   RO           42    .text.ScanButtonMatrix  main.o
    0x08005904   0x08005904   0x00000004   Code   RO           90    .text.SysTick_Handler  stm32h5xx_it.o
    0x08005908   0x08005908   0x000000b2   Code   RO           48    .text.SystemClock_Config  main.o
    0x080059ba   0x080059ba   0x00000002   PAD
    0x080059bc   0x080059bc   0x000000ae   Code   RO         1379    .text.SystemInit    system_stm32h5xx.o
    0x08005a6a   0x08005a6a   0x00000002   PAD
    0x08005a6c   0x08005a6c   0x000000e6   Code   RO         1027    .text.UART_AdvFeatureConfig  stm32h5xx_hal_uart.o
    0x08005b52   0x08005b52   0x00000002   PAD
    0x08005b54   0x08005b54   0x000000be   Code   RO         1031    .text.UART_CheckIdleState  stm32h5xx_hal_uart.o
    0x08005c12   0x08005c12   0x00000002   PAD
    0x08005c14   0x08005c14   0x00000204   Code   RO         1029    .text.UART_SetConfig  stm32h5xx_hal_uart.o
    0x08005e18   0x08005e18   0x0000013e   Code   RO         1045    .text.UART_WaitOnFlagUntilTimeout  stm32h5xx_hal_uart.o
    0x08005f56   0x08005f56   0x00000002   PAD
    0x08005f58   0x08005f58   0x00000020   Code   RO         1305    .text.USB_CoreInit  stm32h5xx_ll_usb.o
    0x08005f78   0x08005f78   0x00000018   Code   RO           96    .text.USB_DRD_FS_IRQHandler  stm32h5xx_it.o
    0x08005f90   0x08005f90   0x0000000e   Code   RO         1339    .text.USB_DevDisconnect  stm32h5xx_ll_usb.o
    0x08005f9e   0x08005f9e   0x00000002   PAD
    0x08005fa0   0x08005fa0   0x0000001e   Code   RO         1313    .text.USB_DevInit   stm32h5xx_ll_usb.o
    0x08005fbe   0x08005fbe   0x00000002   PAD
    0x08005fc0   0x08005fc0   0x00000012   Code   RO         1309    .text.USB_DisableGlobalInt  stm32h5xx_ll_usb.o
    0x08005fd2   0x08005fd2   0x00000002   PAD
    0x08005fd4   0x08005fd4   0x000004aa   Code   RO         1323    .text.USB_EPStartXfer  stm32h5xx_ll_usb.o
    0x0800647e   0x0800647e   0x00000002   PAD
    0x08006480   0x08006480   0x00000004   Code   RO         1341    .text.USB_ReadInterrupts  stm32h5xx_ll_usb.o
    0x08006484   0x08006484   0x00000060   Code   RO         1347    .text.USB_ReadPMA   stm32h5xx_ll_usb.o
    0x080064e4   0x080064e4   0x00000020   Code   RO         1311    .text.USB_SetCurrentMode  stm32h5xx_ll_usb.o
    0x08006504   0x08006504   0x0000000c   Code   RO         1335    .text.USB_SetDevAddress  stm32h5xx_ll_usb.o
    0x08006510   0x08006510   0x00000064   Code   RO         1325    .text.USB_WritePMA  stm32h5xx_ll_usb.o
    0x08006574   0x08006574   0x00000002   Code   RO           82    .text.UsageFault_Handler  stm32h5xx_it.o
    0x08006576   0x08006576   0x00000002   PAD
    0x08006578   0x08006578   0x00000052   Code   RO         1741    .text.btable_set_rx_bufsize  fsdev_common.o
    0x080065ca   0x080065ca   0x00000002   PAD
    0x080065cc   0x080065cc   0x000000ce   Code   RO         1591    .text.configuration_reset  usbd.o
    0x0800669a   0x0800669a   0x00000002   PAD
    0x0800669c   0x0800669c   0x00000028   Code   RO         1697    .text.dcd_edpt0_status_complete  dcd_stm32_fsdev.o
    0x080066c4   0x080066c4   0x00000096   Code   RO         1717    .text.dcd_edpt_clear_stall  dcd_stm32_fsdev.o
    0x0800675a   0x0800675a   0x00000002   PAD
    0x0800675c   0x0800675c   0x00000066   Code   RO         1701    .text.dcd_edpt_close_all  dcd_stm32_fsdev.o
    0x080067c2   0x080067c2   0x00000002   PAD
    0x080067c4   0x080067c4   0x000001dc   Code   RO         1699    .text.dcd_edpt_open  dcd_stm32_fsdev.o
    0x080069a0   0x080069a0   0x0000007c   Code   RO         1715    .text.dcd_edpt_stall  dcd_stm32_fsdev.o
    0x08006a1c   0x08006a1c   0x00000034   Code   RO         1691    .text.dcd_edpt_xfer  dcd_stm32_fsdev.o
    0x08006a50   0x08006a50   0x00000034   Code   RO         1713    .text.dcd_edpt_xfer_fifo  dcd_stm32_fsdev.o
    0x08006a84   0x08006a84   0x000002ba   Code   RO         1557    .text.dcd_event_handler  usbd.o
    0x08006d3e   0x08006d3e   0x00000002   PAD
    0x08006d40   0x08006d40   0x0000002a   Code   RO         1679    .text.dcd_init      dcd_stm32_fsdev.o
    0x08006d6a   0x08006d6a   0x00000002   PAD
    0x08006d6c   0x08006d6c   0x00000018   Code   RO         1703    .text.dcd_int_disable  dcd_stm32_fsdev.o
    0x08006d84   0x08006d84   0x00000018   Code   RO         1705    .text.dcd_int_enable  dcd_stm32_fsdev.o
    0x08006d9c   0x08006d9c   0x00000352   Code   RO         1695    .text.dcd_int_handler  dcd_stm32_fsdev.o
    0x080070ee   0x080070ee   0x00000002   PAD
    0x080070f0   0x080070f0   0x00000018   Code   RO         1689    .text.dcd_set_address  dcd_stm32_fsdev.o
    0x08007108   0x08007108   0x00000016   Code   RO         1687    .text.dcd_sof_enable  dcd_stm32_fsdev.o
    0x0800711e   0x0800711e   0x00000002   PAD
    0x08007120   0x08007120   0x000000cc   Code   RO         1721    .text.dcd_transmit_packet  dcd_stm32_fsdev.o
    0x080071ec   0x080071ec   0x00000096   Code   RO         1711    .text.edpt_xfer     dcd_stm32_fsdev.o
    0x08007282   0x08007282   0x00000002   PAD
    0x08007284   0x08007284   0x0000004e   Code   RO         1735    .text.fsdev_core_reset  fsdev_common.o
    0x080072d2   0x080072d2   0x00000002   PAD
    0x080072d4   0x080072d4   0x000001bc   Code   RO         1681    .text.handle_bus_reset  dcd_stm32_fsdev.o
    0x08007490   0x08007490   0x00000a88   Code   RO           46    .text.main          main.o
    0x08007f18   0x08007f18   0x00000004   Code   RO         1666    .text.midid_control_xfer_cb  midi_device.o
    0x08007f1c   0x08007f1c   0x00000004   Code   RO         1660    .text.midid_deinit  midi_device.o
    0x08007f20   0x08007f20   0x0000004c   Code   RO         1658    .text.midid_init    midi_device.o
    0x08007f6c   0x08007f6c   0x000001aa   Code   RO         1664    .text.midid_open    midi_device.o
    0x08008116   0x08008116   0x00000002   PAD
    0x08008118   0x08008118   0x0000002c   Code   RO         1662    .text.midid_reset   midi_device.o
    0x08008144   0x08008144   0x000000be   Code   RO         1668    .text.midid_xfer_cb  midi_device.o
    0x08008202   0x08008202   0x00000002   PAD
    0x08008204   0x08008204   0x0000002e   Code   RO         1739    .text.pma_align_buffer_size  fsdev_common.o
    0x08008232   0x08008232   0x00000002   PAD
    0x08008234   0x08008234   0x000000b2   Code   RO         1595    .text.process_get_descriptor  usbd.o
    0x080082e6   0x080082e6   0x00000002   PAD
    0x080082e8   0x080082e8   0x000001dc   Code   RO         1593    .text.process_set_config  usbd.o
    0x080084c4   0x080084c4   0x00000086   Code   RO         1418    .text.tu_bind_driver_to_ep_itf  tusb.o
    0x0800854a   0x0800854a   0x00000002   PAD
    0x0800854c   0x0800854c   0x00000036   Code   RO         1414    .text.tu_edpt_claim  tusb.o
    0x08008582   0x08008582   0x00000002   PAD
    0x08008584   0x08008584   0x0000001e   Code   RO         1416    .text.tu_edpt_release  tusb.o
    0x080085a2   0x080085a2   0x00000002   PAD
    0x080085a4   0x080085a4   0x00000042   Code   RO         1420    .text.tu_edpt_stream_init  tusb.o
    0x080085e6   0x080085e6   0x00000002   PAD
    0x080085e8   0x080085e8   0x000000cc   Code   RO         1430    .text.tu_edpt_stream_read_xfer  tusb.o
    0x080086b4   0x080086b4   0x00000044   Code   RO         1426    .text.tu_edpt_stream_write  tusb.o
    0x080086f8   0x080086f8   0x00000018   Code   RO         1428    .text.tu_edpt_stream_write_available  tusb.o
    0x08008710   0x08008710   0x000000b6   Code   RO         1424    .text.tu_edpt_stream_write_xfer  tusb.o
    0x080087c6   0x080087c6   0x00000002   PAD
    0x080087c8   0x080087c8   0x0000007e   Code   RO         1422    .text.tu_edpt_stream_write_zlp_if_needed  tusb.o
    0x08008846   0x08008846   0x00000002   PAD
    0x08008848   0x08008848   0x00000008   Code   RO         1445    .text.tu_fifo_clear  tusb_fifo.o
    0x08008850   0x08008850   0x0000001e   Code   RO         1443    .text.tu_fifo_config  tusb_fifo.o
    0x0800886e   0x0800886e   0x00000002   PAD
    0x08008870   0x08008870   0x000001e0   Code   RO         1453    .text.tu_fifo_peek_n_access_mode  tusb_fifo.o
    0x08008a50   0x08008a50   0x0000003a   Code   RO         1457    .text.tu_fifo_read_n_access_mode  tusb_fifo.o
    0x08008a8a   0x08008a8a   0x00000002   PAD
    0x08008a8c   0x08008a8c   0x000002a0   Code   RO         1459    .text.tu_fifo_write_n_access_mode  tusb_fifo.o
    0x08008d2c   0x08008d2c   0x00000044   Code   RO         1451    .text.tu_hwfifo_read  tusb_fifo.o
    0x08008d70   0x08008d70   0x00000046   Code   RO         1449    .text.tu_hwfifo_write  tusb_fifo.o
    0x08008db6   0x08008db6   0x00000002   PAD
    0x08008db8   0x08008db8   0x00000036   Code   RO         1618    .text.tud_control_status  usbd_control.o
    0x08008dee   0x08008dee   0x00000002   PAD
    0x08008df0   0x08008df0   0x000000de   Code   RO         1620    .text.tud_control_xfer  usbd_control.o
    0x08008ece   0x08008ece   0x00000002   PAD
    0x08008ed0   0x08008ed0   0x00000004   Code   RO         1491    .text.tud_descriptor_bos_cb  usbd.o
    0x08008ed4   0x08008ed4   0x0000000a   Code   RO           13    .text.tud_descriptor_configuration_cb  usb_descriptors.o
    0x08008ede   0x08008ede   0x00000002   PAD
    0x08008ee0   0x08008ee0   0x0000000a   Code   RO           11    .text.tud_descriptor_device_cb  usb_descriptors.o
    0x08008eea   0x08008eea   0x00000002   PAD
    0x08008eec   0x08008eec   0x00000004   Code   RO         1493    .text.tud_descriptor_device_qualifier_cb  usbd.o
    0x08008ef0   0x08008ef0   0x00000004   Code   RO         1495    .text.tud_descriptor_other_speed_configuration_cb  usbd.o
    0x08008ef4   0x08008ef4   0x000000a8   Code   RO           15    .text.tud_descriptor_string_cb  usb_descriptors.o
    0x08008f9c   0x08008f9c   0x00000002   Code   RO         1487    .text.tud_event_hook_cb  usbd.o
    0x08008f9e   0x08008f9e   0x00000002   PAD
    0x08008fa0   0x08008fa0   0x000001a0   Code   RO         1652    .text.tud_midi_n_stream_write  midi_device.o
    0x08009140   0x08009140   0x00000002   Code   RO         1640    .text.tud_midi_rx_cb  midi_device.o
    0x08009142   0x08009142   0x00000002   PAD
    0x08009144   0x08009144   0x00000002   Code   RO         1497    .text.tud_mount_cb  usbd.o
    0x08009146   0x08009146   0x00000002   PAD
    0x08009148   0x08009148   0x00000012   Code   RO         1531    .text.tud_mounted   usbd.o
    0x0800915a   0x0800915a   0x00000002   PAD
    0x0800915c   0x0800915c   0x00000002   Code   RO         1503    .text.tud_resume_cb  usbd.o
    0x0800915e   0x0800915e   0x00000002   PAD
    0x08009160   0x08009160   0x0000014c   Code   RO         1549    .text.tud_rhport_init  usbd.o
    0x080092ac   0x080092ac   0x00000002   Code   RO         1489    .text.tud_sof_cb    usbd.o
    0x080092ae   0x080092ae   0x00000002   PAD
    0x080092b0   0x080092b0   0x00000002   Code   RO         1501    .text.tud_suspend_cb  usbd.o
    0x080092b2   0x080092b2   0x00000002   PAD
    0x080092b4   0x080092b4   0x00000722   Code   RO         1555    .text.tud_task_ext  usbd.o
    0x080099d6   0x080099d6   0x00000002   PAD
    0x080099d8   0x080099d8   0x00000002   Code   RO         1499    .text.tud_umount_cb  usbd.o
    0x080099da   0x080099da   0x00000002   PAD
    0x080099dc   0x080099dc   0x00000004   Code   RO         1505    .text.tud_vendor_control_xfer_cb  usbd.o
    0x080099e0   0x080099e0   0x00000086   Code   RO         1400    .text.tusb_rhport_init  tusb.o
    0x08009a66   0x08009a66   0x00000002   PAD
    0x08009a68   0x08009a68   0x0000000a   Code   RO         1521    .text.usbd_app_driver_get_cb  usbd.o
    0x08009a72   0x08009a72   0x00000002   PAD
    0x08009a74   0x08009a74   0x00000016   Code   RO         1622    .text.usbd_control_reset  usbd_control.o
    0x08009a8a   0x08009a8a   0x00000002   PAD
    0x08009a8c   0x08009a8c   0x0000000c   Code   RO         1624    .text.usbd_control_set_complete_callback  usbd_control.o
    0x08009a98   0x08009a98   0x00000018   Code   RO         1626    .text.usbd_control_set_request  usbd_control.o
    0x08009ab0   0x08009ab0   0x0000014c   Code   RO         1628    .text.usbd_control_xfer_cb  usbd_control.o
    0x08009bfc   0x08009bfc   0x0000001c   Code   RO         1569    .text.usbd_edpt_claim  usbd.o
    0x08009c18   0x08009c18   0x00000040   Code   RO         1581    .text.usbd_edpt_clear_stall  usbd.o
    0x08009c58   0x08009c58   0x00000028   Code   RO         1565    .text.usbd_edpt_open  usbd.o
    0x08009c80   0x08009c80   0x0000001c   Code   RO         1571    .text.usbd_edpt_release  usbd.o
    0x08009c9c   0x08009c9c   0x00000040   Code   RO         1579    .text.usbd_edpt_stall  usbd.o
    0x08009cdc   0x08009cdc   0x00000084   Code   RO         1573    .text.usbd_edpt_xfer  usbd.o
    0x08009d60   0x08009d60   0x00000084   Code   RO         1575    .text.usbd_edpt_xfer_fifo  usbd.o
    0x08009de4   0x08009de4   0x00000018   Code   RO         1519    .text.usbd_int_set  usbd.o
    0x08009dfc   0x08009dfc   0x0000000e   Code   RO         1797    i._is_digit         c_w.l(__printf_wp.o)
    0x08009e0a   0x08009e0a   0x0000001a   Code   RO         1947    x$fpl$fpinit        fz_wm.l(fpinit.o)
    0x08009e24   0x08009e24   0x00000028   Data   RO         1770    .constdata          c_w.l(_printf_hex_int.o)
    0x08009e4c   0x08009e4c   0x00000011   Data   RO         1800    .constdata          c_w.l(__printf_flags_wp.o)
    0x08009e5d   0x08009e5d   0x00000006   Data   RO           62    .rodata..L__const.main.test_opcodes  main.o
    0x08009e63   0x08009e63   0x00000002   Data   RO           21    .rodata..compoundliteral  usb_descriptors.o
    0x08009e65   0x08009e65   0x00000010   Data   RO         1384    .rodata.AHBPrescTable  system_stm32h5xx.o
    0x08009e75   0x08009e75   0x00000008   Data   RO         1385    .rodata.APBPrescTable  system_stm32h5xx.o
    0x08009e7d   0x08009e7d   0x00000001   PAD
    0x08009e7e   0x08009e7e   0x00000018   Data   RO         1157    .rodata.UARTPrescTable  stm32h5xx_hal_uart.o
    0x08009e96   0x08009e96   0x00000002   PAD
    0x08009e98   0x08009e98   0x00000024   Data   RO         1607    .rodata._usbd_driver  usbd.o
    0x08009ebc   0x08009ebc   0x00000010   Data   RO         1198    .rodata.cst8        stm32h5xx_hal_uart_ex.o
    0x08009ecc   0x08009ecc   0x00000012   Data   RO           17    .rodata.desc_device  usb_descriptors.o
    0x08009ede   0x08009ede   0x00000065   Data   RO           18    .rodata.desc_fs_configuration  usb_descriptors.o
    0x08009f43   0x08009f43   0x00000028   Data   RO           20    .rodata.str1.1      usb_descriptors.o
    0x08009f6b   0x08009f6b   0x00000bef   Data   RO           56    .rodata.str1.1      main.o
    0x0800ab5a   0x0800ab5a   0x00000002   PAD
    0x0800ab5c   0x0800ab5c   0x00000020   Data   RO         2008    Region$$Table       anon$$obj.o


    Execution Region RW_IRAM1 (Exec base: 0x20000000, Load base: 0x0800ab80, Size: 0x00000f80, Max: 0x00044000, ABSOLUTE)

    Exec Addr    Load Addr    Size         Type   Attr      Idx    E Section Name        Object

    0x20000000   0x0800ab80   0x00000004   Data   RW         1383    .data.SystemCoreClock  system_stm32h5xx.o
    0x20000004   0x0800ab84   0x00000014   Data   RW         1598    .data._usbd_qdef    usbd.o
    0x20000018   0x0800ab98   0x00000001   Data   RW         1600    .data._usbd_rhport  usbd.o
    0x20000019   0x0800ab99   0x00000001   Data   RW          867    .data.uwTickFreq    stm32h5xx_hal.o
    0x2000001a   0x0800ab9a   0x00000002   PAD
    0x2000001c   0x0800ab9c   0x00000004   Data   RW          866    .data.uwTickPrio    stm32h5xx_hal.o
    0x20000020        -       0x00000060   Zero   RW         1873    .bss                c_w.l(libspace.o)
    0x20000080        -       0x00000004   Zero   RW           58    .bss.ScanButtonMatrix.last_debug  main.o
    0x20000084        -       0x00000004   Zero   RW           57    .bss.ScanButtonMatrix.last_scan  main.o
    0x20000088        -       0x00000004   Zero   RW         1605    .bss._app_driver    usbd.o
    0x2000008c        -       0x00000001   Zero   RW         1604    .bss._app_driver_count  usbd.o
    0x2000008d   0x0800aba0   0x00000003   PAD
    0x20000090        -       0x00000040   Zero   RW         1631    .bss._ctrl_epbuf    usbd_control.o
    0x200000d0        -       0x00000014   Zero   RW         1630    .bss._ctrl_xfer     usbd_control.o
    0x200000e4        -       0x00000042   Zero   RW           19    .bss._desc_str      usb_descriptors.o
    0x20000126   0x0800aba0   0x00000002   PAD
    0x20000128        -       0x000000c0   Zero   RW         1670    .bss._midid_itf     midi_device.o
    0x200001e8        -       0x00000002   Zero   RW         1434    .bss._tusb_rhport_role  tusb.o
    0x200001ea   0x0800aba0   0x00000002   PAD
    0x200001ec        -       0x00000037   Zero   RW         1599    .bss._usbd_dev      usbd.o
    0x20000223   0x0800aba0   0x00000001   PAD
    0x20000224        -       0x00000004   Zero   RW         1603    .bss._usbd_q        usbd.o
    0x20000228        -       0x000000c0   Zero   RW         1597    .bss._usbd_qdef_buf  usbd.o
    0x200002e8        -       0x00000001   Zero   RW         1601    .bss._usbd_queued_setup  usbd.o
    0x200002e9   0x0800aba0   0x00000003   PAD
    0x200002ec        -       0x000000c0   Zero   RW           59    .bss.button_matrix  main.o
    0x200003ac        -       0x00000020   Zero   RW         1724    .bss.ep_alloc_status  dcd_stm32_fsdev.o
    0x200003cc        -       0x00000002   Zero   RW         1725    .bss.ep_buf_ptr     dcd_stm32_fsdev.o
    0x200003ce   0x0800aba0   0x00000002   PAD
    0x200003d0        -       0x0000000c   Zero   RW          167    .bss.hpb_exti       stm32h5xx_nucleo.o
    0x200003dc        -       0x000002e4   Zero   RW           64    .bss.hpcd_USB_DRD_FS  main.o
    0x200006c0        -       0x00000090   Zero   RW           63    .bss.hspi2          main.o
    0x20000750        -       0x00000090   Zero   RW           55    .bss.hspi3          main.o
    0x200007e0        -       0x00000094   Zero   RW           54    .bss.huart2         main.o
    0x20000874        -       0x00000001   Zero   RW         1723    .bss.remoteWakeCountdown  dcd_stm32_fsdev.o
    0x20000875   0x0800aba0   0x00000003   PAD
    0x20000878        -       0x00000004   Zero   RW          868    .bss.uwTick         stm32h5xx_hal.o
    0x2000087c        -       0x00000100   Zero   RW         1726    .bss.xfer_status    dcd_stm32_fsdev.o
    0x2000097c   0x0800aba0   0x00000004   PAD
    0x20000980        -       0x00000200   Zero   RW            2    HEAP                startup_stm32h533xx.o
    0x20000b80        -       0x00000400   Zero   RW            1    STACK               startup_stm32h533xx.o


==============================================================================

Image component sizes


      Code (inc. data)   RO Data    RW Data    ZI Data      Debug   Object Name

      2780          0          0          0        291      30699   dcd_stm32_fsdev.o
       206          0          0          0          0       2814   fsdev_common.o
      4708        428       3061          0       1376      27243   main.o
      1162          0          0          0        192      16893   midi_device.o
        68         28        596          0       1536       1004   startup_stm32h533xx.o
       294          0          0          5          4      14351   stm32h5xx_hal.o
       350          6          0          0          0      14126   stm32h5xx_hal_cortex.o
        40          0          0          0          0      10929   stm32h5xx_hal_dma.o
       124          0          0          0          0       7098   stm32h5xx_hal_exti.o
       438          0          0          0          0       5248   stm32h5xx_hal_gpio.o
       658          0          0          0          0      16521   stm32h5xx_hal_msp.o
      2674          0          0          0          0      16068   stm32h5xx_hal_pcd.o
        36          0          0          0          0       5587   stm32h5xx_hal_pcd_ex.o
        18          0          0          0          0       7437   stm32h5xx_hal_pwr_ex.o
      2696         16          0          0          0      12690   stm32h5xx_hal_rcc.o
      6692        312          0          0          0      22120   stm32h5xx_hal_rcc_ex.o
      3068          0          0          0          0      23435   stm32h5xx_hal_spi.o
      1630          0         24          0          0      33487   stm32h5xx_hal_uart.o
       346          0         16          0          0      11416   stm32h5xx_hal_uart_ex.o
        62          0          0          0          0       7788   stm32h5xx_it.o
      1532          0          0          0          0      24679   stm32h5xx_ll_usb.o
       288          0          0          0         12       9389   stm32h5xx_nucleo.o
       174          0         24          4          0       5909   system_stm32h5xx.o
      1022          0          0          0          2      14044   tusb.o
      1386          0          0          0          0      22132   tusb_fifo.o
       188         16        161          0         66       3389   usb_descriptors.o
      4284         48         36         21        257      32683   usbd.o
       666          0          0          0         84       5955   usbd_control.o

    ----------------------------------------------------------------------
     37784        854       3955         32       3840     405134   Object Totals
         0          0         32          0          0          0   (incl. Generated)
       194          0          5          2         20          0   (incl. Padding)

    ----------------------------------------------------------------------

      Code (inc. data)   RO Data    RW Data    ZI Data      Debug   Library Member Name

         8          0          0          0          0         68   __main.o
       312          4         17          0          0         92   __printf_flags_wp.o
        14          0          0          0          0         68   __printf_wp.o
         0          0          0          0          0          0   __rtentry.o
        12          0          0          0          0          0   __rtentry2.o
         6          0          0          0          0          0   __rtentry4.o
        94          8          0          0          0          0   __scatter.o
        26          0          0          0          0          0   __scatter_copy.o
        28          0          0          0          0          0   __scatter_zi.o
        44          0          0          0          0        108   _printf_char.o
        48          6          0          0          0         96   _printf_char_common.o
         6          0          0          0          0          0   _printf_d.o
       120         16          0          0          0         92   _printf_dec.o
        88          4         40          0          0         88   _printf_hex_int.o
       178          0          0          0          0         88   _printf_intcommon.o
        78          0          0          0          0        108   _printf_pad.o
         0          0          0          0          0          0   _printf_percent.o
         4          0          0          0          0          0   _printf_percent_end.o
         6          0          0          0          0          0   _printf_s.o
        82          0          0          0          0         80   _printf_str.o
         6          0          0          0          0          0   _printf_x.o
        16          0          0          0          0         68   _snputc.o
        18          0          0          0          0         80   exit.o
         6          0          0          0          0        152   heapauxi.o
         0          0          0          0          0          0   indicate_semi.o
         2          0          0          0          0          0   libinit.o
         6          0          0          0          0          0   libinit2.o
         2          0          0          0          0          0   libshutdown.o
         2          0          0          0          0          0   libshutdown2.o
         8          4          0          0         96         68   libspace.o
       240          0          0          0          0        100   lludivv7m.o
        64          6          0          0          0         84   noretval__2snprintf.o
        68          0          0          0          0         68   rt_memclr.o
        78          0          0          0          0         80   rt_memclr_w.o
       138          0          0          0          0         68   rt_memcpy_v6.o
       100          0          0          0          0         80   rt_memcpy_w.o
         2          0          0          0          0          0   rtexit.o
        10          0          0          0          0          0   rtexit2.o
        62          0          0          0          0         76   strlen.o
        12          4          0          0          0         68   sys_exit.o
        74          0          0          0          0         80   sys_stackheap_outer.o
         2          0          0          0          0         68   use_no_semi.o
        26          0          0          0          0        116   fpinit.o

    ----------------------------------------------------------------------
      2104         52         57          0         96       2144   Library Totals
         8          0          0          0          0          0   (incl. Padding)

    ----------------------------------------------------------------------

      Code (inc. data)   RO Data    RW Data    ZI Data      Debug   Library Name

      2070         52         57          0         96       2028   c_w.l
        26          0          0          0          0        116   fz_wm.l

    ----------------------------------------------------------------------
      2104         52         57          0         96       2144   Library Totals

    ----------------------------------------------------------------------

==============================================================================


      Code (inc. data)   RO Data    RW Data    ZI Data      Debug   

     39888        906       4012         32       3936     405786   Grand Totals
     39888        906       4012         32       3936     405786   ELF Image Totals
     39888        906       4012         32          0          0   ROM Totals

==============================================================================

    Total RO  Size (Code + RO Data)                43900 (  42.87kB)
    Total RW  Size (RW Data + ZI Data)              3968 (   3.88kB)
    Total ROM Size (Code + RO Data + RW Data)      43932 (  42.90kB)

==============================================================================

